== mig:avg:2.6
  tpy 52 None                                 PL 0.987132 (a year 0.5099) a* [0.0, 0.0] corner rates [trained 0.996324, master 0.976765]
  tpy 52 ('land.mach', '0.44')                PL 0.986734 (a year 0.4993) a* [0.0, 0.0] corner rates [trained 0.996450, master 0.977101]
  tpy 52 ('land.mach', '0.36')                PL 0.987509 (a year 0.5202) a* [0.0, 0.0] corner rates [trained 0.996191, master 0.976413]
  tpy 52 ('land.mach', '0.8')                 PL 0.983590 (a year 0.4230) a* [0.0, 0.0] corner rates [trained 0.997362, master 0.979517]
  tpy 52 ('land.mach', '0.2')                 PL 0.988980 (a year 0.5620) a* [0.0, 0.0] corner rates [trained 0.995585, master 0.974801]
  tpy 52 ('tail.services', '0.11')            PL 0.999334 (a year 0.9660) a* [0.007031052173720907, 0.0] corner rates [master 0.980833]
  tpy 52 ('tail.services', '0.09')            PL 0.986852 (a year 0.5025) a* [0.0, 0.0] corner rates [trained 0.991754, master 0.972286]
  tpy 52 ('tail.services', '0.2')             PL 0.994051 (a year 0.7333) a* [0.2860879343123933, 0.04967163795419959] corner rates []
  tpy 52 ('tail.services', '0.05')            PL 0.986240 (a year 0.4865) a* [0.0, 0.0] corner rates [trained 0.970106, master 0.951062]
  tpy 52 ('res.services.trained', '0.044')    PL 0.987330 (a year 0.5153) a* [0.0, 0.0] corner rates [trained 0.989900, master 0.976765]
  tpy 52 ('res.services.trained', '0.036')    PL 0.996344 (a year 0.8266) a* [0.035671256071013464, 0.0] corner rates [master 0.975890]
  tpy 52 ('res.services.trained', '0.08')     PL 0.991911 (a year 0.6555) a* [0.0, 0.0] corner rates [trained 0.945487, master 0.976765]
  tpy 52 ('res.services.trained', '0.02')     PL 0.987435 (a year 0.5181) a* [0.39142810838832914, 0.0] corner rates [master 0.967876]
  tpy 12 None                                 PL 0.963575 (a year 0.6407) a* [0.0, 0.0] corner rates [trained 0.984166, master 0.903145]
  tpy 365 None                                 PL 0.998158 (a year 0.5103) a* [0.0, 0.0] corner rates [trained 0.999475, master 0.996656]
== mig:avg:5.2
  tpy 52 None                                 PL 0.987132 (a year 0.5099) a* [0.0, 0.0] corner rates [trained 0.992661, master 0.954070]
  tpy 52 ('land.mach', '0.44')                PL 0.986734 (a year 0.4993) a* [0.0, 0.0] corner rates [trained 0.992912, master 0.954726]
  tpy 52 ('land.mach', '0.36')                PL 0.987509 (a year 0.5202) a* [0.0, 0.0] corner rates [trained 0.992396, master 0.953381]
  tpy 52 ('land.mach', '0.8')                 PL 0.983590 (a year 0.4230) a* [0.0, 0.0] corner rates [trained 0.994731, master 0.959454]
  tpy 52 ('land.mach', '0.2')                 PL 0.988980 (a year 0.5620) a* [0.0, 0.0] corner rates [trained 0.991190, master 0.950238]
  tpy 52 ('tail.services', '0.11')            PL 0.998657 (a year 0.9325) a* [0.007031052173720907, 0.0] corner rates [master 0.962034]
  tpy 52 ('tail.services', '0.09')            PL 0.986852 (a year 0.5025) a* [0.0, 0.0] corner rates [trained 0.983576, master 0.945339]
  tpy 52 ('tail.services', '0.2')             PL 0.991030 (a year 0.6259) a* [0.2860879343123933, 0.04967163795419959] corner rates []
  tpy 52 ('tail.services', '0.05')            PL 0.986240 (a year 0.4865) a* [0.0, 0.0] corner rates [trained 0.941105, master 0.904519]
  tpy 52 ('res.services.trained', '0.044')    PL 0.987330 (a year 0.5153) a* [0.0, 0.0] corner rates [trained 0.979901, master 0.954070]
  tpy 52 ('res.services.trained', '0.036')    PL 0.992240 (a year 0.6669) a* [0.035671256071013464, 0.0] corner rates [master 0.952362]
  tpy 52 ('res.services.trained', '0.08')     PL 0.991911 (a year 0.6555) a* [0.0, 0.0] corner rates [trained 0.893945, master 0.954070]
  tpy 52 ('res.services.trained', '0.02')     PL 0.986688 (a year 0.4981) a* [0.39142810838832914, 0.0] corner rates [master 0.936785]
  tpy 12 None                                 PL 0.963575 (a year 0.6407) a* [0.0, 0.0] corner rates [trained 0.968583, master 0.815671]
  tpy 365 None                                 PL 0.998158 (a year 0.5103) a* [0.0, 0.0] corner rates [trained 0.998951, master 0.993324]
== mig:avg:13
  tpy 52 None                                 PL 0.987132 (a year 0.5099) a* [0.0, 0.0] corner rates [trained 0.981752, master 0.889101]
  tpy 52 ('land.mach', '0.44')                PL 0.986734 (a year 0.4993) a* [0.0, 0.0] corner rates [trained 0.982375, master 0.890629]
  tpy 52 ('land.mach', '0.36')                PL 0.987509 (a year 0.5202) a* [0.0, 0.0] corner rates [trained 0.981098, master 0.887497]
  tpy 52 ('land.mach', '0.8')                 PL 0.983590 (a year 0.4230) a* [0.0, 0.0] corner rates [trained 0.986879, master 0.901697]
  tpy 52 ('land.mach', '0.2')                 PL 0.988980 (a year 0.5620) a* [0.0, 0.0] corner rates [trained 0.978119, master 0.880198]
  tpy 52 ('tail.services', '0.11')            PL 0.996553 (a year 0.8356) a* [0.007031052173720907, 0.0] corner rates [master 0.907770]
  tpy 52 ('tail.services', '0.09')            PL 0.986852 (a year 0.5025) a* [0.0, 0.0] corner rates [trained 0.959445, master 0.868899]
  tpy 52 ('tail.services', '0.2')             PL 0.991029 (a year 0.6259) a* [0.2860879343123933, 0.04967163795419959] corner rates []
  tpy 52 ('tail.services', '0.05')            PL 0.986240 (a year 0.4865) a* [0.0, 0.0] corner rates [trained 0.859203, master 0.778117]
  tpy 52 ('res.services.trained', '0.044')    PL 0.987330 (a year 0.5153) a* [0.0, 0.0] corner rates [trained 0.950508, master 0.889101]
  tpy 52 ('res.services.trained', '0.036')    PL 0.986933 (a year 0.5046) a* [0.035671256071013464, 0.0] corner rates [master 0.885126]
  tpy 52 ('res.services.trained', '0.08')     PL 0.991911 (a year 0.6555) a* [0.0, 0.0] corner rates [trained 0.755573, master 0.889101]
  tpy 52 ('res.services.trained', '0.02')     PL 0.986742 (a year 0.4996) a* [0.39142810838832914, 0.0] corner rates [master 0.849375]
  tpy 12 None                                 PL 0.963575 (a year 0.6407) a* [0.0, 0.0] corner rates [trained 0.923298, master 0.600880]
  tpy 365 None                                 PL 0.998158 (a year 0.5103) a* [0.0, 0.0] corner rates [trained 0.997380, master 0.983393]
== mig:avg:26
  tpy 52 None                                 PL 0.987132 (a year 0.5099) a* [0.0, 0.0] corner rates [trained 0.963838, master 0.790500]
  tpy 52 ('land.mach', '0.44')                PL 0.986734 (a year 0.4993) a* [0.0, 0.0] corner rates [trained 0.965061, master 0.793220]
  tpy 52 ('land.mach', '0.36')                PL 0.987509 (a year 0.5202) a* [0.0, 0.0] corner rates [trained 0.962554, master 0.787650]
  tpy 52 ('land.mach', '0.8')                 PL 0.983590 (a year 0.4230) a* [0.0, 0.0] corner rates [trained 0.973931, master 0.813058]
  tpy 52 ('land.mach', '0.2')                 PL 0.988980 (a year 0.5620) a* [0.0, 0.0] corner rates [trained 0.956717, master 0.774749]
  tpy 52 ('tail.services', '0.11')            PL 0.992722 (a year 0.6840) a* [0.007031052173720907, 0.0] corner rates [master 0.824046]
  tpy 52 ('tail.services', '0.09')            PL 0.986852 (a year 0.5025) a* [0.0, 0.0] corner rates [trained 0.920535, master 0.754985]
  tpy 52 ('tail.services', '0.2')             PL 0.991067 (a year 0.6271) a* [0.2860879343123933, 0.04967163795419959] corner rates []
  tpy 52 ('tail.services', '0.05')            PL 0.986240 (a year 0.4865) a* [0.0, 0.0] corner rates [trained 0.738229, master 0.605465]
  tpy 52 ('res.services.trained', '0.044')    PL 0.987330 (a year 0.5153) a* [0.0, 0.0] corner rates [trained 0.903465, master 0.790500]
  tpy 52 ('res.services.trained', '0.036')    PL 0.986969 (a year 0.5056) a* [0.035671256071013464, 0.0] corner rates [master 0.783448]
  tpy 52 ('res.services.trained', '0.08')     PL 0.991911 (a year 0.6555) a* [0.0, 0.0] corner rates [trained 0.570891, master 0.790500]
  tpy 52 ('res.services.trained', '0.02')     PL 0.986832 (a year 0.5019) a* [0.39142810838832914, 0.0] corner rates [master 0.721439]
  tpy 12 None                                 PL 0.963575 (a year 0.6407) a* [0.0, 0.0] corner rates [trained 0.852479, master 0.361056]
  tpy 365 None                                 PL 0.998158 (a year 0.5103) a* [0.0, 0.0] corner rates [trained 0.994766, master 0.967062]
== mig:avg:52
  tpy 52 None                                 PL 0.987132 (a year 0.5099) a* [0.0, 0.0] corner rates [trained 0.928983, master 0.624890]
  tpy 52 ('land.mach', '0.44')                PL 0.986734 (a year 0.4993) a* [0.0, 0.0] corner rates [trained 0.931343, master 0.629198]
  tpy 52 ('land.mach', '0.36')                PL 0.987509 (a year 0.5202) a* [0.0, 0.0] corner rates [trained 0.926510, master 0.620393]
  tpy 52 ('land.mach', '0.8')                 PL 0.983590 (a year 0.4230) a* [0.0, 0.0] corner rates [trained 0.948542, master 0.661063]
  tpy 52 ('land.mach', '0.2')                 PL 0.988980 (a year 0.5620) a* [0.0, 0.0] corner rates [trained 0.915308, master 0.600236]
  tpy 52 ('tail.services', '0.11')            PL 0.987316 (a year 0.5149) a* [0.007031052173720907, 0.0] corner rates [master 0.679052]
  tpy 52 ('tail.services', '0.09')            PL 0.986852 (a year 0.5025) a* [0.0, 0.0] corner rates [trained 0.847386, master 0.570003]
  tpy 52 ('tail.services', '0.2')             PL 0.991143 (a year 0.6296) a* [0.2860879343123933, 0.04967163795419959] corner rates []
  tpy 52 ('tail.services', '0.05')            PL 0.986240 (a year 0.4865) a* [0.0, 0.0] corner rates [trained 0.544983, master 0.366588]
  tpy 52 ('res.services.trained', '0.044')    PL 0.987330 (a year 0.5153) a* [0.0, 0.0] corner rates [trained 0.816250, master 0.624890]
  tpy 52 ('res.services.trained', '0.036')    PL 0.986979 (a year 0.5058) a* [0.035671256071013464, 0.0] corner rates [master 0.613791]
  tpy 52 ('res.services.trained', '0.08')     PL 0.991911 (a year 0.6555) a* [0.0, 0.0] corner rates [trained 0.325917, master 0.624890]
  tpy 52 ('res.services.trained', '0.02')     PL 0.986818 (a year 0.5016) a* [0.39142810838832914, 0.0] corner rates [master 0.520474]
  tpy 12 None                                 PL 0.963575 (a year 0.6407) a* [0.0, 0.0] corner rates [trained 0.726720, master 0.130362]
  tpy 365 None                                 PL 0.998158 (a year 0.5103) a* [0.0, 0.0] corner rates [trained 0.989560, master 0.935210]
== mig:max:5.2
  tpy 52 None                                 PL 0.987132 (a year 0.5099) a* [0.0, 0.0] corner rates [trained 0.992661, master 0.954070]
  tpy 52 ('land.mach', '0.44')                PL 0.986734 (a year 0.4993) a* [0.0, 0.0] corner rates [trained 0.992912, master 0.954726]
  tpy 52 ('land.mach', '0.36')                PL 0.987509 (a year 0.5202) a* [0.0, 0.0] corner rates [trained 0.992396, master 0.953381]
  tpy 52 ('land.mach', '0.8')                 PL 0.983590 (a year 0.4230) a* [0.0, 0.0] corner rates [trained 0.994731, master 0.959454]
  tpy 52 ('land.mach', '0.2')                 PL 0.988980 (a year 0.5620) a* [0.0, 0.0] corner rates [trained 0.991190, master 0.950238]
  tpy 52 ('tail.services', '0.11')            PL 0.998667 (a year 0.9330) a* [0.007031052173720907, 0.0] corner rates [master 0.962034]
  tpy 52 ('tail.services', '0.09')            PL 0.986852 (a year 0.5025) a* [0.0, 0.0] corner rates [trained 0.983576, master 0.945339]
  tpy 52 ('tail.services', '0.2')             PL 0.991011 (a year 0.6253) a* [0.2860879343123933, 0.04967163795419959] corner rates []
  tpy 52 ('tail.services', '0.05')            PL 0.986240 (a year 0.4865) a* [0.0, 0.0] corner rates [trained 0.941105, master 0.904519]
  tpy 52 ('res.services.trained', '0.044')    PL 0.987330 (a year 0.5153) a* [0.0, 0.0] corner rates [trained 0.979901, master 0.954070]
  tpy 52 ('res.services.trained', '0.036')    PL 0.992591 (a year 0.6793) a* [0.035671256071013464, 0.0] corner rates [master 0.952362]
  tpy 52 ('res.services.trained', '0.08')     PL 0.991911 (a year 0.6555) a* [0.0, 0.0] corner rates [trained 0.893945, master 0.954070]
  tpy 52 ('res.services.trained', '0.02')     PL 0.986738 (a year 0.4995) a* [0.39142810838832914, 0.0] corner rates [master 0.936785]
  tpy 12 None                                 PL 0.963575 (a year 0.6407) a* [0.0, 0.0] corner rates [trained 0.968583, master 0.815671]
  tpy 365 None                                 PL 0.998158 (a year 0.5103) a* [0.0, 0.0] corner rates [trained 0.998951, master 0.993324]
== mig:max:13
  tpy 52 None                                 PL 0.987132 (a year 0.5099) a* [0.0, 0.0] corner rates [trained 0.981752, master 0.889101]
  tpy 52 ('land.mach', '0.44')                PL 0.986734 (a year 0.4993) a* [0.0, 0.0] corner rates [trained 0.982375, master 0.890629]
  tpy 52 ('land.mach', '0.36')                PL 0.987509 (a year 0.5202) a* [0.0, 0.0] corner rates [trained 0.981098, master 0.887497]
  tpy 52 ('land.mach', '0.8')                 PL 0.983590 (a year 0.4230) a* [0.0, 0.0] corner rates [trained 0.986879, master 0.901697]
  tpy 52 ('land.mach', '0.2')                 PL 0.988980 (a year 0.5620) a* [0.0, 0.0] corner rates [trained 0.978119, master 0.880198]
  tpy 52 ('tail.services', '0.11')            PL 0.996579 (a year 0.8368) a* [0.007031052173720907, 0.0] corner rates [master 0.907770]
  tpy 52 ('tail.services', '0.09')            PL 0.986852 (a year 0.5025) a* [0.0, 0.0] corner rates [trained 0.959445, master 0.868899]
  tpy 52 ('tail.services', '0.2')             PL 0.991026 (a year 0.6258) a* [0.2860879343123933, 0.04967163795419959] corner rates []
  tpy 52 ('tail.services', '0.05')            PL 0.986240 (a year 0.4865) a* [0.0, 0.0] corner rates [trained 0.859203, master 0.778117]
  tpy 52 ('res.services.trained', '0.044')    PL 0.987330 (a year 0.5153) a* [0.0, 0.0] corner rates [trained 0.950508, master 0.889101]
  tpy 52 ('res.services.trained', '0.036')    PL 0.986924 (a year 0.5044) a* [0.035671256071013464, 0.0] corner rates [master 0.885126]
  tpy 52 ('res.services.trained', '0.08')     PL 0.991911 (a year 0.6555) a* [0.0, 0.0] corner rates [trained 0.755573, master 0.889101]
  tpy 52 ('res.services.trained', '0.02')     PL 0.986752 (a year 0.4998) a* [0.39142810838832914, 0.0] corner rates [master 0.849375]
  tpy 12 None                                 PL 0.963575 (a year 0.6407) a* [0.0, 0.0] corner rates [trained 0.923298, master 0.600880]
  tpy 365 None                                 PL 0.998158 (a year 0.5103) a* [0.0, 0.0] corner rates [trained 0.997380, master 0.983393]
