coin.desk.goods*0.5                CONVERGED  largest gap: trained -0.012972, master -0.125676
p[land]*0.8                        CONVERGED  largest gap: trained -0.015571, master -0.425492
p[services]*2                      CONVERGED  largest gap: trained -0.020225, master -0.042594
p[labour.trained]*0.95             CONVERGED  largest gap: trained -0.022371, master -0.459775
coin.desk.goods*2                  CONVERGED  largest gap: trained -0.022495, master -0.173492
p[services]*0.8                    CONVERGED  largest gap: trained -0.023905, master -0.393651
RW(0.8)                            CONVERGED  largest gap: trained -0.024620, master -0.441569
p[labour]*1.05                     CONVERGED  largest gap: trained -0.024875, master -0.421389
p[labour]*0.8                      CONVERGED  largest gap: trained -0.024940, master -0.436083
land.mach=0.44@dated               CONVERGED  largest gap: trained -0.028420, master -0.411628
land.mach=0.44@genesis             CONVERGED  largest gap: trained -0.028457, master -0.411712
p[mach]*1.2                        CONVERGED  largest gap: trained -0.028468, master -0.371566
JA(1.2)                            CONVERGED  largest gap: trained -0.028782, master -0.419510
RC(1.2)                            CONVERGED  largest gap: trained -0.032997, master -0.152831
JB(1.2)                            CONVERGED  largest gap: trained -0.033755, master -0.409709
N(0.8)                             CONVERGED  largest gap: trained -0.037027, master -0.424952
p[goods]*0.8                       CONVERGED  largest gap: trained -0.037825, master -0.227584
N(1.2)                             CONVERGED  largest gap: trained -0.039123, master -0.418288
coin.workers.trained*2             CONVERGED  largest gap: trained -0.039404, master -0.430360
p[labour.trained]*2                CONVERGED  largest gap: trained -0.043761, master -0.414247
p[labour.master]*2                 CONVERGED  largest gap: trained -0.046338, master -0.464191
JA(0.95)                           CONVERGED  largest gap: trained -0.047688, master -0.437564
p[goods]*1.2                       CONVERGED  largest gap: trained -0.048118, master -0.465095
land.mach=0.36@dated               CONVERGED  largest gap: trained -0.048599, master -0.456212
land.mach=0.36@genesis             CONVERGED  largest gap: trained -0.048656, master -0.456295
coin.workers.master*2              CONVERGED  largest gap: trained -0.050436, master -0.442922
p[land]*1.05                       CONVERGED  largest gap: trained -0.052906, master -0.445664
JB(0.95)                           CONVERGED  largest gap: trained -0.054014, master -0.421807
RC(0.95)                           CONVERGED  largest gap: trained -0.055751, master -0.458638
p[mach]*0.95                       CONVERGED  largest gap: trained -0.056763, master -0.447092
stock.mach*0.5                     CONVERGED  largest gap: trained -0.057084, master -0.452124
coin.provider*0.5                  CONVERGED  largest gap: trained -0.058206, master -0.438553
p[services]*1.2                    CONVERGED  largest gap: trained -0.058677, master -0.354769
coin.workers*0.5                   CONVERGED  largest gap: trained -0.059873, master -0.441927
p[labour.master]*0.8               CONVERGED  largest gap: trained -0.060816, master -0.247036
p[land]*0.95                       CONVERGED  largest gap: trained -0.061236, master -0.460577
p[mach]*1.05                       CONVERGED  largest gap: trained -0.062060, master -0.444638
JA(1.05)                           CONVERGED  largest gap: trained -0.062253, master -0.457274
p[services]*0.95                   CONVERGED  largest gap: trained -0.062856, master -0.452237
RC(1.05)                           CONVERGED  largest gap: trained -0.062965, master -0.385636
RW(0.95)                           CONVERGED  largest gap: trained -0.062985, master -0.464397
p[labour]*0.95                     CONVERGED  largest gap: trained -0.063051, master -0.463333
stock.services*2                   CONVERGED  largest gap: trained -0.063155, master -0.452770
JB(1.05)                           CONVERGED  largest gap: trained -0.063796, master -0.452747
stock.mach*2                       CONVERGED  largest gap: trained -0.064111, master -0.456951
N(1.05)                            CONVERGED  largest gap: trained -0.064521, master -0.456351
p[goods]*0.95                      CONVERGED  largest gap: trained -0.065564, master -0.416519
N(0.95)                            CONVERGED  largest gap: trained -0.065690, master -0.459738
stock.goods*2                      CONVERGED  largest gap: trained -0.065722, master -0.417842
stock.services*0.5                 CONVERGED  largest gap: trained -0.066446, master -0.446438
p[goods]*1.05                      CONVERGED  largest gap: trained -0.067112, master -0.468865
p[labour.trained]*1.2              CONVERGED  largest gap: trained -0.067328, master -0.458730
p[labour.master]*1.2               CONVERGED  largest gap: trained -0.067756, master -0.468649
coin.workers.trained*0.5           CONVERGED  largest gap: trained -0.068117, master -0.458745
stock.goods*0.5                    CONVERGED  largest gap: trained -0.068647, master -0.451275
p[services]*1.05                   CONVERGED  largest gap: trained -0.069616, master -0.439328
coin.workers.master*0.5            CONVERGED  largest gap: trained -0.069947, master -0.462508
p[labour.master]*0.95              CONVERGED  largest gap: trained -0.070865, master -0.418886
p[labour.trained]*1.05             CONVERGED  largest gap: trained -0.072064, master -0.467308
p[labour.master]*1.05              CONVERGED  largest gap: trained -0.072165, master -0.469775
res.services.trained=0.044@dated   CONVERGED  largest gap: trained -0.073665, master -0.445054
res.services.trained=0.044@genesis CONVERGED  largest gap: trained -0.073665, master -0.445114
res.services.trained=0.08@dated    CONVERGED  largest gap: trained -0.073665, master -0.334705
res.services.trained=0.08@genesis  CONVERGED  largest gap: trained -0.073665, master -0.334857
tail.services=0.05@dated           CONVERGED  largest gap: trained -0.073665, master -0.470179
tail.services=0.05@genesis         CONVERGED  largest gap: trained -0.073665, master -0.470179
tail.services=0.09@dated           CONVERGED  largest gap: trained -0.073665, master -0.470179
tail.services=0.09@genesis         CONVERGED  largest gap: trained -0.073665, master -0.470179
closest approach over 68 runs: -0.012972
