mig:avg:26: 68 runs never pooled and equal IW1's registered run (class, ticks, peak); 0 never pooled and differ; 55 pooled at some tick
  p[labour]*1.2                        CONVERGED  ttol   422 (IW1   321) dead   0 (IW1   0) baskets 0.863 (IW1 0.944) pooled ticks {'trained': 4001, 'master': 0} max share {'trained': 0.149, 'master': 0.0} crossings {'trained': 1, 'master': 0}
  p[land]*1.2                          CONVERGED  ttol   506 (IW1   506) dead   0 (IW1   0) baskets 0.703 (IW1 0.703) pooled ticks {'trained': 3917, 'master': 0} max share {'trained': 0.011, 'master': 0.0} crossings {'trained': 2, 'master': 0}
  p[land]*2                            CONVERGED  ttol   634 (IW1   634) dead  90 (IW1  90) baskets 0.259 (IW1 0.259) pooled ticks {'trained': 3922, 'master': 0} max share {'trained': 0.287, 'master': 0.0} crossings {'trained': 2, 'master': 0}
  p[labour.trained]*0.8                CONVERGED  ttol   462 (IW1   357) dead   0 (IW1   0) baskets 0.725 (IW1 0.843) pooled ticks {'trained': 4001, 'master': 0} max share {'trained': 0.208, 'master': 0.0} crossings {'trained': 1, 'master': 0}
  p[goods]*2                           CONVERGED  ttol   445 (IW1   477) dead   0 (IW1   0) baskets 0.766 (IW1 0.766) pooled ticks {'trained': 3977, 'master': 0} max share {'trained': 0.059, 'master': 0.0} crossings {'trained': 2, 'master': 0}
  p[mach]*0.8                          CONVERGED  ttol   556 (IW1   556) dead   0 (IW1   0) baskets 0.681 (IW1 0.681) pooled ticks {'trained': 3911, 'master': 0} max share {'trained': 0.011, 'master': 0.0} crossings {'trained': 2, 'master': 0}
  p[labour]*2                          CONVERGED  ttol   551 (IW1   435) dead   8 (IW1   0) baskets 0.307 (IW1 0.773) pooled ticks {'trained': 4001, 'master': 4001} max share {'trained': 0.74, 'master': 0.211} crossings {'trained': 3, 'master': 1}
  p[mach]*2                            CONVERGED  ttol   551 (IW1   551) dead   0 (IW1   0) baskets 0.510 (IW1 0.510) pooled ticks {'trained': 3994, 'master': 0} max share {'trained': 0.147, 'master': 0.0} crossings {'trained': 4, 'master': 0}
  p[land]*0.5                          CONVERGED  ttol   527 (IW1   526) dead   0 (IW1   0) baskets 0.643 (IW1 0.643) pooled ticks {'trained': 3995, 'master': 0} max share {'trained': 0.162, 'master': 0.0} crossings {'trained': 2, 'master': 0}
  p[goods]*0.5                         CONVERGED  ttol   561 (IW1   557) dead  22 (IW1  19) baskets 0.377 (IW1 0.451) pooled ticks {'trained': 3911, 'master': 3980} max share {'trained': 0.065, 'master': 0.447} crossings {'trained': 2, 'master': 2}
  p[services]*0.5                      CONVERGED  ttol   586 (IW1   584) dead   0 (IW1   0) baskets 0.501 (IW1 0.502) pooled ticks {'trained': 3985, 'master': 0} max share {'trained': 0.133, 'master': 0.0} crossings {'trained': 4, 'master': 0}
  s[services]=0.05                     CONVERGED  ttol   435 (IW1   430) dead   0 (IW1   0) baskets 0.776 (IW1 0.776) pooled ticks {'trained': 3997, 'master': 0} max share {'trained': 0.12, 'master': 0.0} crossings {'trained': 2, 'master': 0}
  s[goods]=0.05                        CONVERGED  ttol   439 (IW1   445) dead   0 (IW1   0) baskets 0.694 (IW1 0.694) pooled ticks {'trained': 3997, 'master': 0} max share {'trained': 0.141, 'master': 0.0} crossings {'trained': 2, 'master': 0}
  s[services]=0.2                      CONVERGED  ttol   556 (IW1   532) dead   8 (IW1   3) baskets 0.445 (IW1 0.445) pooled ticks {'trained': 3999, 'master': 0} max share {'trained': 0.508, 'master': 0.0} crossings {'trained': 2, 'master': 0}
  p[mach]*0.5                          CONVERGED  ttol   687 (IW1   685) dead  85 (IW1  85) baskets 0.221 (IW1 0.221) pooled ticks {'trained': 3910, 'master': 0} max share {'trained': 0.267, 'master': 0.0} crossings {'trained': 2, 'master': 0}
  JA(0.8)                              CONVERGED  ttol   575 (IW1   575) dead   0 (IW1   0) baskets 0.578 (IW1 0.578) pooled ticks {'trained': 3919, 'master': 0} max share {'trained': 0.066, 'master': 0.0} crossings {'trained': 2, 'master': 0}
  s[goods]=0.5                         CONVERGED  ttol   617 (IW1   593) dead  72 (IW1  57) baskets 0.136 (IW1 0.136) pooled ticks {'trained': 3999, 'master': 3996} max share {'trained': 0.612, 'master': 0.721} crossings {'trained': 6, 'master': 2}
  s[services]=0.5                      CONVERGED  ttol   598 (IW1   574) dead  53 (IW1  21) baskets 0.204 (IW1 0.222) pooled ticks {'trained': 4000, 'master': 3937} max share {'trained': 0.79, 'master': 0.142} crossings {'trained': 2, 'master': 2}
  p[labour.master]*0.5                 CONVERGED  ttol   434 (IW1   415) dead   0 (IW1   0) baskets 0.523 (IW1 0.612) pooled ticks {'trained': 0, 'master': 4001} max share {'trained': 0.0, 'master': 0.243} crossings {'trained': 0, 'master': 1}
  JA(2)                                CONVERGED  ttol   538 (IW1   539) dead   1 (IW1   1) baskets 0.534 (IW1 0.534) pooled ticks {'trained': 3990, 'master': 0} max share {'trained': 0.117, 'master': 0.0} crossings {'trained': 2, 'master': 0}
  JA(0.5)                              CONVERGED  ttol   706 (IW1   705) dead 117 (IW1 117) baskets 0.156 (IW1 0.156) pooled ticks {'trained': 3905, 'master': 0} max share {'trained': 0.372, 'master': 0.0} crossings {'trained': 2, 'master': 0}
  s[goods]=0.2                         CONVERGED  ttol   557 (IW1   546) dead   5 (IW1   7) baskets 0.330 (IW1 0.330) pooled ticks {'trained': 3999, 'master': 3992} max share {'trained': 0.464, 'master': 0.178} crossings {'trained': 4, 'master': 2}
  p[labour.trained]*0.5                CONVERGED  ttol   574 (IW1   463) dead  31 (IW1   0) baskets 0.203 (IW1 0.576) pooled ticks {'trained': 4001, 'master': 0} max share {'trained': 0.758, 'master': 0.0} crossings {'trained': 3, 'master': 0}
  N(0.5)                               CONVERGED  ttol   595 (IW1   594) dead  16 (IW1  16) baskets 0.468 (IW1 0.468) pooled ticks {'trained': 3916, 'master': 0} max share {'trained': 0.071, 'master': 0.0} crossings {'trained': 2, 'master': 0}
  JB(0.8)                              CONVERGED  ttol   490 (IW1   488) dead   0 (IW1   0) baskets 0.713 (IW1 0.713) pooled ticks {'trained': 3986, 'master': 0} max share {'trained': 0.03, 'master': 0.0} crossings {'trained': 2, 'master': 0}
  p[labour]*0.5                        CONVERGED  ttol   561 (IW1   561) dead  14 (IW1  14) baskets 0.313 (IW1 0.313) pooled ticks {'trained': 3946, 'master': 0} max share {'trained': 0.126, 'master': 0.0} crossings {'trained': 2, 'master': 0}
  JB(0.5)                              CONVERGED  ttol   639 (IW1   629) dead  93 (IW1  87) baskets 0.208 (IW1 0.261) pooled ticks {'trained': 3998, 'master': 3993} max share {'trained': 0.672, 'master': 0.561} crossings {'trained': 4, 'master': 2}
  N(2)                                 CONVERGED  ttol   521 (IW1   522) dead   4 (IW1   4) baskets 0.442 (IW1 0.442) pooled ticks {'trained': 3967, 'master': 0} max share {'trained': 0.05, 'master': 0.0} crossings {'trained': 2, 'master': 0}
  RW(1.05)                             CONVERGED  ttol   309 (IW1   241) dead   0 (IW1   0) baskets 0.949 (IW1 0.964) pooled ticks {'trained': 4001, 'master': 0} max share {'trained': 0.022, 'master': 0.0} crossings {'trained': 1, 'master': 0}
  RW(1.2)                              CONVERGED  ttol   480 (IW1   349) dead   0 (IW1   0) baskets 0.587 (IW1 0.871) pooled ticks {'trained': 4001, 'master': 0} max share {'trained': 0.398, 'master': 0.0} crossings {'trained': 1, 'master': 0}
  JB(2)                                CONVERGED  ttol   658 (IW1   656) dead  59 (IW1  59) baskets 0.349 (IW1 0.349) pooled ticks {'trained': 3915, 'master': 0} max share {'trained': 0.143, 'master': 0.0} crossings {'trained': 2, 'master': 0}
  RC(0.8)                              CONVERGED  ttol   483 (IW1   479) dead   0 (IW1   0) baskets 0.798 (IW1 0.798) pooled ticks {'trained': 3975, 'master': 0} max share {'trained': 0.02, 'master': 0.0} crossings {'trained': 2, 'master': 0}
  land.mach=0.8@genesis                CONVERGED  ttol   566 (IW1   565) dead  94 (IW1  93) baskets 0.165 (IW1 0.165) pooled ticks {'trained': 3917, 'master': 0} max share {'trained': 0.33, 'master': 0.0} crossings {'trained': 2, 'master': 0}
  x*/2                                 CONVERGED  ttol   684 (IW1   667) dead  98 (IW1  83) baskets 0.002 (IW1 0.000) pooled ticks {'trained': 4000, 'master': 3996} max share {'trained': 0.913, 'master': 0.796} crossings {'trained': 6, 'master': 2}
  land.mach=0.2@genesis                CONVERGED  ttol   559 (IW1   557) dead   0 (IW1   0) baskets 0.569 (IW1 0.569) pooled ticks {'trained': 3996, 'master': 0} max share {'trained': 0.161, 'master': 0.0} crossings {'trained': 2, 'master': 0}
  RC(2)                                CONVERGED  ttol   557 (IW1   565) dead  41 (IW1  35) baskets 0.285 (IW1 0.379) pooled ticks {'trained': 3917, 'master': 3986} max share {'trained': 0.094, 'master': 0.65} crossings {'trained': 2, 'master': 2}
  land.mach=0.8@dated                  CONVERGED  ttol   566 (IW1   565) dead  94 (IW1  94) baskets 0.164 (IW1 0.164) pooled ticks {'trained': 3917, 'master': 0} max share {'trained': 0.33, 'master': 0.0} crossings {'trained': 2, 'master': 0}
  RW(0.5)                              CONVERGED  ttol   568 (IW1   568) dead  10 (IW1  10) baskets 0.396 (IW1 0.396) pooled ticks {'trained': 3941, 'master': 0} max share {'trained': 0.13, 'master': 0.0} crossings {'trained': 2, 'master': 0}
  land.mach=0.2@dated                  CONVERGED  ttol   559 (IW1   557) dead   0 (IW1   0) baskets 0.569 (IW1 0.569) pooled ticks {'trained': 3996, 'master': 0} max share {'trained': 0.162, 'master': 0.0} crossings {'trained': 2, 'master': 0}
  tail.services=0.11@dated             CONVERGED  ttol   452 (IW1   382) dead   0 (IW1   0) baskets 0.917 (IW1 0.917) pooled ticks {'trained': 3984, 'master': 0} max share {'trained': 0.019, 'master': 0.0} crossings {'trained': 2, 'master': 0}
  tail.services=0.11@genesis           CONVERGED  ttol   452 (IW1   383) dead   0 (IW1   0) baskets 0.918 (IW1 0.918) pooled ticks {'trained': 3984, 'master': 0} max share {'trained': 0.019, 'master': 0.0} crossings {'trained': 2, 'master': 0}
  RC(0.5)                              CONVERGED  ttol   606 (IW1   598) dead  20 (IW1  18) baskets 0.457 (IW1 0.460) pooled ticks {'trained': 3988, 'master': 0} max share {'trained': 0.268, 'master': 0.0} crossings {'trained': 4, 'master': 0}
  tail.services=0.2@genesis            CONVERGED  ttol   734 (IW1   683) dead  16 (IW1   0) baskets 0.449 (IW1 0.516) pooled ticks {'trained': 3999, 'master': 3938} max share {'trained': 0.52, 'master': 0.303} crossings {'trained': 188, 'master': 112}
  RW(2)                                CONVERGED  ttol   599 (IW1   469) dead  53 (IW1   0) baskets 0.026 (IW1 0.576) pooled ticks {'trained': 4001, 'master': 4001} max share {'trained': 0.973, 'master': 0.843} crossings {'trained': 3, 'master': 1}
  res.services.trained=0.02@genesis    CONVERGED  ttol   415 (IW1   423) dead   0 (IW1   0) baskets 0.816 (IW1 0.813) pooled ticks {'trained': 3999, 'master': 0} max share {'trained': 0.554, 'master': 0.0} crossings {'trained': 101, 'master': 0}
  sw[master]=0.05                      (not in IW1's battery) CONVERGED ttol 212 max share {'trained': 0.0, 'master': 0.039525002433716615}
  sw[master]=0.5                       (not in IW1's battery) CONVERGED ttol 362 max share {'trained': 0.0, 'master': 0.3952500243371661}
  sw[trained]=0.2                      (not in IW1's battery) CONVERGED ttol 427 max share {'trained': 0.19276753337880054, 'master': 0.0}
  res.services.trained=0.036@genesis   CONVERGED  ttol   310 (IW1   319) dead   0 (IW1   0) baskets 0.957 (IW1 0.957) pooled ticks {'trained': 3989, 'master': 0} max share {'trained': 0.043, 'master': 0.0} crossings {'trained': 45, 'master': 0}
  sw[master]=0.2                       (not in IW1's battery) CONVERGED ttol 318 max share {'trained': 0.0, 'master': 0.15810000973486646}
  sw[trained]=0.5                      (not in IW1's battery) CONVERGED ttol 470 max share {'trained': 0.4819188334470013, 'master': 0.0}
  res.services.trained=0.036@dated     CONVERGED  ttol   311 (IW1   320) dead   0 (IW1   0) baskets 0.957 (IW1 0.956) pooled ticks {'trained': 3989, 'master': 0} max share {'trained': 0.043, 'master': 0.0} crossings {'trained': 44, 'master': 0}
  res.services.trained=0.02@dated      CONVERGED  ttol   415 (IW1   424) dead   0 (IW1   0) baskets 0.815 (IW1 0.811) pooled ticks {'trained': 3999, 'master': 0} max share {'trained': 0.554, 'master': 0.0} crossings {'trained': 97, 'master': 0}
  coin.desk.mach*2                     CONVERGED  ttol   558 (IW1   550) dead   0 (IW1   0) baskets 0.571 (IW1 0.571) pooled ticks {'trained': 3996, 'master': 0} max share {'trained': 0.1, 'master': 0.0} crossings {'trained': 2, 'master': 0}
  coin.desk.mach*0.5                   CONVERGED  ttol   534 (IW1   534) dead   0 (IW1   0) baskets 0.543 (IW1 0.543) pooled ticks {'trained': 3949, 'master': 0} max share {'trained': 0.052, 'master': 0.0} crossings {'trained': 2, 'master': 0}
  tail.services=0.2@dated              CONVERGED  ttol   729 (IW1   675) dead  15 (IW1   0) baskets 0.449 (IW1 0.513) pooled ticks {'trained': 3999, 'master': 3938} max share {'trained': 0.518, 'master': 0.309} crossings {'trained': 188, 'master': 112}
  sw[trained]=0.05                     (not in IW1's battery) CONVERGED ttol 320 max share {'trained': 0.048191883344700134, 'master': 0.0}
  coin.desk.services*2                 CONVERGED  ttol   512 (IW1   512) dead   8 (IW1   8) baskets 0.347 (IW1 0.347) pooled ticks {'trained': 3946, 'master': 0} max share {'trained': 0.035, 'master': 0.0} crossings {'trained': 2, 'master': 0}
  coin.provider*2                      CONVERGED  ttol   549 (IW1   548) dead   0 (IW1   0) baskets 0.658 (IW1 0.658) pooled ticks {'trained': 3928, 'master': 0} max share {'trained': 0.024, 'master': 0.0} crossings {'trained': 2, 'master': 0}
  coin.workers*2                       CONVERGED  ttol   544 (IW1   543) dead   0 (IW1   0) baskets 0.685 (IW1 0.685) pooled ticks {'trained': 3924, 'master': 0} max share {'trained': 0.012, 'master': 0.0} crossings {'trained': 2, 'master': 0}
  coin.desk.services*0.5               CONVERGED  ttol   500 (IW1   501) dead   0 (IW1   0) baskets 0.500 (IW1 0.500) pooled ticks {'trained': 3993, 'master': 0} max share {'trained': 0.023, 'master': 0.0} crossings {'trained': 2, 'master': 0}
