base                          52 changes 1 pooled [True, False] (oracle's same) switch ['-0.60228', '0.653016'] a* ['0.39142811', '0.0'] depth 0.739954 junction 0.781387 cover 1.69426 residual 2.67e-51 worst rel vs oracle 2.78e-16 pool hours abs 3.22e-17
land.mach=0.44                52 changes 1 pooled [True, False] (oracle's same) switch ['-0.601064', '0.645905'] a* ['0.39205867', '0.0'] depth 0.643183 junction 0.677181 cover 1.66274 residual 0.0 worst rel vs oracle 2.9e-16 pool hours abs 4.93e-20
land.mach=0.36                52 changes 1 pooled [True, False] (oracle's same) switch ['-0.603554', '0.660494'] a* ['0.39077131', '0.0'] depth 0.845655 junction 0.89615 cover 1.72683 residual 2.67e-51 worst rel vs oracle 4.41e-16 pool hours abs 4.73e-17
land.mach=0.8                 52 changes 1 pooled [True, False] (oracle's same) switch ['-0.592223', '0.594793'] a* ['0.39677252', '0.0'] depth 0.0159703 junction 0.0165667 cover 1.42054 residual -1.34e-51 worst rel vs oracle 5.84e-16 pool hours abs 1.46e-17
land.mach=0.2                 52 changes 1 pooled [True, False] (oracle's same) switch ['-0.609339', '0.694705'] a* ['0.38784629', '0.0'] depth 1.40643 junction 1.5276 cover 1.86825 residual 5.35e-51 worst rel vs oracle 2.24e-16 pool hours abs 1.79e-17
tail.services=0.11            52 changes 1 pooled [True, False] (oracle's same) switch ['-0.673161', '0.582135'] a* ['0.42415399', '0.0'] depth 0.815962 junction 0.863805 cover 1.67483 residual 2.67e-51 worst rel vs oracle 4.43e-16 pool hours abs 6.27e-17
tail.services=0.09            52 changes 1 pooled [True, False] (oracle's same) switch ['-0.527867', '0.727429'] a* ['0.3545713', '0.0'] depth 0.66111 junction 0.696428 cover 1.71222 residual 4.01e-51 worst rel vs oracle 3.24e-16 pool hours abs 9.87e-18
tail.services=0.2             52 changes 1 pooled [True, False] (oracle's same) switch ['-1.20114', '0.0541586'] a* ['0.60919959', '0.0'] depth 1.42843 junction 1.55342 cover 1.42486 residual 2.67e-51 worst rel vs oracle 2.78e-16 pool hours abs 7.07e-17
tail.services=0.05            52 changes 1 pooled [True, False] (oracle's same) switch ['-0.183847', '1.07145'] a* ['0.14475155', '0.0'] depth 0.305704 junction 0.319036 cover 1.77033 residual 2.67e-51 worst rel vs oracle 3.24e-16 pool hours abs 1.59e-17
res.services.trained=0.022    52 changes 1 pooled [True, False] (oracle's same) switch ['-0.512374', '0.6314'] a* ['0.34181122', '0.0'] depth 0.763033 junction 0.806357 cover 1.68859 residual 2.67e-51 worst rel vs oracle 2.78e-16 pool hours abs 5.82e-18
res.services.trained=0.018    52 changes 1 pooled [True, False] (oracle's same) switch ['-0.70184', '0.674949'] a* ['0.44275517', '0.0'] depth 0.71662 junction 0.756189 cover 1.6998 residual 2.67e-51 worst rel vs oracle 2.78e-16 pool hours abs 2.53e-18
res.services.trained=0.04     52 changes 1 pooled [False, False] (oracle's same) switch ['0.0736648', '0.470179'] a* ['0.0', '0.0'] depth 0.942575 junction 1.00235 cover 1.63088 residual 2.67e-51 worst rel vs oracle 2.78e-16 pool hours abs 0.0
res.services.trained=0.01     52 changes 1 pooled [True, False] (oracle's same) switch ['-1.26222', '0.766102'] a* ['0.66716999', '0.0'] depth 0.620471 junction 0.652834 cover 1.72067 residual 5.35e-51 worst rel vs oracle 2.78e-16 pool hours abs 1.66e-17
base                          12 changes 1 pooled [True, False] (oracle's same) switch ['-0.60228', '0.653016'] a* ['0.39142811', '0.0'] depth 0.739954 junction 0.781387 cover 1.69426 residual 0.0 worst rel vs oracle 3.54e-16 pool hours abs 2.67e-16
land.mach=0.44                12 changes 1 pooled [True, False] (oracle's same) switch ['-0.601064', '0.645905'] a* ['0.39205867', '0.0'] depth 0.643183 junction 0.677181 cover 1.66274 residual 1.07e-50 worst rel vs oracle 3.2e-16 pool hours abs 2.38e-16
land.mach=0.36                12 changes 1 pooled [True, False] (oracle's same) switch ['-0.603554', '0.660494'] a* ['0.39077131', '0.0'] depth 0.845655 junction 0.89615 cover 1.72683 residual 0.0 worst rel vs oracle 2.12e-16 pool hours abs 2.25e-16
land.mach=0.8                 12 changes 1 pooled [True, False] (oracle's same) switch ['-0.592223', '0.594793'] a* ['0.39677252', '0.0'] depth 0.0159703 junction 0.0165667 cover 1.42054 residual 5.35e-51 worst rel vs oracle 5.14e-16 pool hours abs 7.28e-18
land.mach=0.2                 12 changes 1 pooled [True, False] (oracle's same) switch ['-0.609339', '0.694705'] a* ['0.38784629', '0.0'] depth 1.40643 junction 1.5276 cover 1.86825 residual 1.07e-50 worst rel vs oracle 1.89e-16 pool hours abs 1.68e-16
tail.services=0.11            12 changes 1 pooled [True, False] (oracle's same) switch ['-0.673161', '0.582135'] a* ['0.42415399', '0.0'] depth 0.815962 junction 0.863805 cover 1.67483 residual 0.0 worst rel vs oracle 3.54e-16 pool hours abs 1.48e-16
tail.services=0.09            12 changes 1 pooled [True, False] (oracle's same) switch ['-0.527867', '0.727429'] a* ['0.3545713', '0.0'] depth 0.66111 junction 0.696428 cover 1.71222 residual 2.14e-50 worst rel vs oracle 3.54e-16 pool hours abs 2.2e-16
tail.services=0.2             12 changes 1 pooled [True, False] (oracle's same) switch ['-1.20114', '0.0541586'] a* ['0.60919959', '0.0'] depth 1.42843 junction 1.55342 cover 1.42486 residual 1.07e-50 worst rel vs oracle 9.17e-16 pool hours abs 2.87e-18
tail.services=0.05            12 changes 1 pooled [True, False] (oracle's same) switch ['-0.183847', '1.07145'] a* ['0.14475155', '0.0'] depth 0.305704 junction 0.319036 cover 1.77033 residual 1.07e-50 worst rel vs oracle 3.54e-16 pool hours abs 1.91e-16
res.services.trained=0.022    12 changes 1 pooled [True, False] (oracle's same) switch ['-0.512374', '0.6314'] a* ['0.34181122', '0.0'] depth 0.763033 junction 0.806357 cover 1.68859 residual 1.07e-50 worst rel vs oracle 3.54e-16 pool hours abs 2.83e-16
res.services.trained=0.018    12 changes 1 pooled [True, False] (oracle's same) switch ['-0.70184', '0.674949'] a* ['0.44275517', '0.0'] depth 0.71662 junction 0.756189 cover 1.6998 residual 1.07e-50 worst rel vs oracle 3.54e-16 pool hours abs 1.36e-16
res.services.trained=0.04     12 changes 1 pooled [False, False] (oracle's same) switch ['0.0736648', '0.470179'] a* ['0.0', '0.0'] depth 0.942575 junction 1.00235 cover 1.63088 residual 0.0 worst rel vs oracle 3.54e-16 pool hours abs 0.0
res.services.trained=0.01     12 changes 1 pooled [True, False] (oracle's same) switch ['-1.26222', '0.766102'] a* ['0.66716999', '0.0'] depth 0.620471 junction 0.652834 cover 1.72067 residual -1.07e-50 worst rel vs oracle 4.4e-16 pool hours abs 1.65e-16
base                         365 changes 1 pooled [True, False] (oracle's same) switch ['-0.60228', '0.653016'] a* ['0.39142811', '0.0'] depth 0.739954 junction 0.781387 cover 1.69426 residual 0.0 worst rel vs oracle 2.88e-16 pool hours abs 2.13e-18
land.mach=0.44               365 changes 1 pooled [True, False] (oracle's same) switch ['-0.601064', '0.645905'] a* ['0.39205867', '0.0'] depth 0.643183 junction 0.677181 cover 1.66274 residual 0.0 worst rel vs oracle 2.48e-16 pool hours abs 4.77e-18
land.mach=0.36               365 changes 1 pooled [True, False] (oracle's same) switch ['-0.603554', '0.660494'] a* ['0.39077131', '0.0'] depth 0.845655 junction 0.89615 cover 1.72683 residual 3.34e-52 worst rel vs oracle 2.78e-16 pool hours abs 3.07e-18
land.mach=0.8                365 changes 1 pooled [True, False] (oracle's same) switch ['-0.592223', '0.594793'] a* ['0.39677252', '0.0'] depth 0.0159703 junction 0.0165667 cover 1.42054 residual 1.67e-52 worst rel vs oracle 6.14e-16 pool hours abs 2.01e-18
land.mach=0.2                365 changes 1 pooled [True, False] (oracle's same) switch ['-0.609339', '0.694705'] a* ['0.38784629', '0.0'] depth 1.40643 junction 1.5276 cover 1.86825 residual 3.34e-52 worst rel vs oracle 5.99e-16 pool hours abs 1.41e-17
tail.services=0.11           365 changes 1 pooled [True, False] (oracle's same) switch ['-0.673161', '0.582135'] a* ['0.42415399', '0.0'] depth 0.815962 junction 0.863805 cover 1.67483 residual 3.34e-52 worst rel vs oracle 3.33e-16 pool hours abs 3.98e-18
tail.services=0.09           365 changes 1 pooled [True, False] (oracle's same) switch ['-0.527867', '0.727429'] a* ['0.3545713', '0.0'] depth 0.66111 junction 0.696428 cover 1.71222 residual 0.0 worst rel vs oracle 2.56e-16 pool hours abs 6.41e-18
tail.services=0.2            365 changes 1 pooled [True, False] (oracle's same) switch ['-1.20114', '0.0541586'] a* ['0.60919959', '0.0'] depth 1.42843 junction 1.55342 cover 1.42486 residual 6.68e-52 worst rel vs oracle 2.52e-16 pool hours abs 4.17e-18
tail.services=0.05           365 changes 1 pooled [True, False] (oracle's same) switch ['-0.183847', '1.07145'] a* ['0.14475155', '0.0'] depth 0.305704 junction 0.319036 cover 1.77033 residual -1.67e-52 worst rel vs oracle 2.73e-16 pool hours abs 3.64e-19
res.services.trained=0.022   365 changes 1 pooled [True, False] (oracle's same) switch ['-0.512374', '0.6314'] a* ['0.34181122', '0.0'] depth 0.763033 junction 0.806357 cover 1.68859 residual -3.34e-52 worst rel vs oracle 2.52e-16 pool hours abs 2.44e-18
res.services.trained=0.018   365 changes 1 pooled [True, False] (oracle's same) switch ['-0.70184', '0.674949'] a* ['0.44275517', '0.0'] depth 0.71662 junction 0.756189 cover 1.6998 residual 3.34e-52 worst rel vs oracle 2.52e-16 pool hours abs 2.3e-18
res.services.trained=0.04    365 changes 1 pooled [False, False] (oracle's same) switch ['0.0736648', '0.470179'] a* ['0.0', '0.0'] depth 0.942575 junction 1.00235 cover 1.63088 residual 3.34e-52 worst rel vs oracle 2.52e-16 pool hours abs 0.0
res.services.trained=0.01    365 changes 1 pooled [True, False] (oracle's same) switch ['-1.26222', '0.766102'] a* ['0.66716999', '0.0'] depth 0.620471 junction 0.652834 cover 1.72067 residual -3.34e-52 worst rel vs oracle 2.52e-16 pool hours abs 1.07e-18
worst relative difference over every point and value: 9.17e-16
  base@52 {'changes': 1, 'switch': [-0.6022796555885654, 0.6530159409248765], 'a': [0.39142810838832925, 0.0], 'pooled': [True, False], 'depth': 0.739953916057545, 'junction': 0.7813871671003852, 'cover': 1.6942603258858835, 'worst_rel': 2.783691063574797e-16, 'pool_abs': 3.21780614164991e-17}
  tail.services=0.2@52 {'changes': 1, 'switch': [-1.2011369896547937, 0.05415860685864814], 'a': [0.6091995878176161, 0.0], 'pooled': [True, False], 'depth': 1.4284339782099646, 'junction': 1.5534162151752462, 'cover': 1.4248613997711046, 'worst_rel': 2.783691063574797e-16, 'pool_abs': 7.071943355929413e-17}
