base                          52 changes 1 pooled [False, False] (oracle's same) switch ['0.0736648', '0.470179'] a* ['0.0', '0.0'] depth 0.942575 junction 1.00235 cover 1.63088 residual 2.67e-51 worst rel vs oracle 2.78e-16 pool hours abs 0.0
land.mach=0.44                52 changes 1 pooled [False, False] (oracle's same) switch ['0.0711281', '0.46331'] a* ['0.0', '0.0'] depth 0.846031 junction 0.89656 cover 1.60269 residual 0.0 worst rel vs oracle 3.82e-16 pool hours abs 0.0
land.mach=0.36                52 changes 1 pooled [False, False] (oracle's same) switch ['0.0763302', '0.477402'] a* ['0.0', '0.0'] depth 1.04777 junction 1.1188 cover 1.65985 residual -2.67e-51 worst rel vs oracle 4.65e-16 pool hours abs 0.0
land.mach=0.8                 52 changes 1 pooled [False, False] (oracle's same) switch ['0.0528297', '0.413907'] a* ['0.0', '0.0'] depth 0.216364 junction 0.22535 cover 1.38146 residual 1.34e-51 worst rel vs oracle 5.19e-16 pool hours abs 0.0
land.mach=0.2                 52 changes 1 pooled [False, False] (oracle's same) switch ['0.0884947', '0.510432'] a* ['0.0', '0.0'] depth 1.6001 junction 1.75843 cover 1.78327 residual 0.0 worst rel vs oracle 1.92e-16 pool hours abs 0.0
tail.services=0.11            52 changes 1 pooled [True, False] (oracle's same) switch ['-0.00945744', '0.387057'] a* ['0.0070310522', '0.0'] depth 1.03096 junction 1.10011 cover 1.60719 residual 0.0 worst rel vs oracle 3.01e-16 pool hours abs 5.43e-17
tail.services=0.09            52 changes 1 pooled [False, False] (oracle's same) switch ['0.165599', '0.562114'] a* ['0.0', '0.0'] depth 0.846741 junction 0.897334 cover 1.65235 residual 1.34e-51 worst rel vs oracle 2.78e-16 pool hours abs 0.0
tail.services=0.2             52 changes 1 pooled [True, True] (oracle's same) switch ['-0.475338', '-0.0788239'] a* ['0.28608793', '0.049671638'] depth 1.61208 junction 1.773 cover 1.30666 residual 0.0 worst rel vs oracle 7.6e-16 pool hours abs 9.16e-18
tail.services=0.05            52 changes 1 pooled [False, False] (oracle's same) switch ['0.607002', '1.00352'] a* ['0.0', '0.0'] depth 0.398578 junction 0.416882 cover 1.71816 residual 1.34e-51 worst rel vs oracle 2.78e-16 pool hours abs 0.0
res.services.trained=0.044    52 changes 1 pooled [False, False] (oracle's same) switch ['0.203035', '0.470179'] a* ['0.0', '0.0'] depth 0.951795 junction 1.0125 cover 1.61441 residual 0.0 worst rel vs oracle 2.78e-16 pool hours abs 0.0
res.services.trained=0.036    52 changes 1 pooled [True, False] (oracle's same) switch ['-0.0475246', '0.488101'] a* ['0.035671256', '0.0'] depth 0.918411 junction 0.975777 cover 1.64505 residual 0.0 worst rel vs oracle 2.78e-16 pool hours abs 2.04e-17
res.services.trained=0.08     52 changes 1 pooled [False, False] (oracle's same) switch ['1.12111', '0.470179'] a* ['0.0', '0.0'] depth 1.13042 junction 1.21127 cover 1.3234 residual 0.0 worst rel vs oracle 1.13e-15 pool hours abs 0.0
res.services.trained=0.02     52 changes 1 pooled [True, False] (oracle's same) switch ['-0.60228', '0.653016'] a* ['0.39142811', '0.0'] depth 0.739954 junction 0.781387 cover 1.69426 residual 2.67e-51 worst rel vs oracle 2.78e-16 pool hours abs 3.22e-17
base                          12 changes 1 pooled [False, False] (oracle's same) switch ['0.0736648', '0.470179'] a* ['0.0', '0.0'] depth 0.942575 junction 1.00235 cover 1.63088 residual 0.0 worst rel vs oracle 3.54e-16 pool hours abs 0.0
land.mach=0.44                12 changes 1 pooled [False, False] (oracle's same) switch ['0.0711281', '0.46331'] a* ['0.0', '0.0'] depth 0.846031 junction 0.89656 cover 1.60269 residual 0.0 worst rel vs oracle 3.84e-16 pool hours abs 0.0
land.mach=0.36                12 changes 1 pooled [False, False] (oracle's same) switch ['0.0763302', '0.477402'] a* ['0.0', '0.0'] depth 1.04777 junction 1.1188 cover 1.65985 residual 0.0 worst rel vs oracle 4.93e-16 pool hours abs 0.0
land.mach=0.8                 12 changes 1 pooled [False, False] (oracle's same) switch ['0.0528297', '0.413907'] a* ['0.0', '0.0'] depth 0.216364 junction 0.22535 cover 1.38146 residual -5.35e-51 worst rel vs oracle 4.3e-16 pool hours abs 0.0
land.mach=0.2                 12 changes 1 pooled [False, False] (oracle's same) switch ['0.0884947', '0.510432'] a* ['0.0', '0.0'] depth 1.6001 junction 1.75843 cover 1.78327 residual 0.0 worst rel vs oracle 2.28e-16 pool hours abs 0.0
tail.services=0.11            12 changes 1 pooled [True, False] (oracle's same) switch ['-0.00945744', '0.387057'] a* ['0.0070310522', '0.0'] depth 1.03096 junction 1.10011 cover 1.60719 residual 0.0 worst rel vs oracle 6.41e-16 pool hours abs 3.43e-17
tail.services=0.09            12 changes 1 pooled [False, False] (oracle's same) switch ['0.165599', '0.562114'] a* ['0.0', '0.0'] depth 0.846741 junction 0.897334 cover 1.65235 residual 0.0 worst rel vs oracle 3.54e-16 pool hours abs 0.0
tail.services=0.2             12 changes 1 pooled [True, True] (oracle's same) switch ['-0.475338', '-0.0788239'] a* ['0.28608793', '0.049671638'] depth 1.61208 junction 1.773 cover 1.30666 residual 3.21e-50 worst rel vs oracle 3.63e-16 pool hours abs 7.75e-17
tail.services=0.05            12 changes 1 pooled [False, False] (oracle's same) switch ['0.607002', '1.00352'] a* ['0.0', '0.0'] depth 0.398578 junction 0.416882 cover 1.71816 residual 5.35e-51 worst rel vs oracle 3.74e-16 pool hours abs 0.0
res.services.trained=0.044    12 changes 1 pooled [False, False] (oracle's same) switch ['0.203035', '0.470179'] a* ['0.0', '0.0'] depth 0.951795 junction 1.0125 cover 1.61441 residual 0.0 worst rel vs oracle 5.9e-16 pool hours abs 0.0
res.services.trained=0.036    12 changes 1 pooled [True, False] (oracle's same) switch ['-0.0475246', '0.488101'] a* ['0.035671256', '0.0'] depth 0.918411 junction 0.975777 cover 1.64505 residual 2.14e-50 worst rel vs oracle 3.74e-16 pool hours abs 1.48e-16
res.services.trained=0.08     12 changes 1 pooled [False, False] (oracle's same) switch ['1.12111', '0.470179'] a* ['0.0', '0.0'] depth 1.13042 junction 1.21127 cover 1.3234 residual 0.0 worst rel vs oracle 6.73e-16 pool hours abs 0.0
res.services.trained=0.02     12 changes 1 pooled [True, False] (oracle's same) switch ['-0.60228', '0.653016'] a* ['0.39142811', '0.0'] depth 0.739954 junction 0.781387 cover 1.69426 residual 0.0 worst rel vs oracle 3.54e-16 pool hours abs 2.67e-16
base                         365 changes 1 pooled [False, False] (oracle's same) switch ['0.0736648', '0.470179'] a* ['0.0', '0.0'] depth 0.942575 junction 1.00235 cover 1.63088 residual 3.34e-52 worst rel vs oracle 2.52e-16 pool hours abs 0.0
land.mach=0.44               365 changes 1 pooled [False, False] (oracle's same) switch ['0.0711281', '0.46331'] a* ['0.0', '0.0'] depth 0.846031 junction 0.89656 cover 1.60269 residual 0.0 worst rel vs oracle 4.27e-16 pool hours abs 0.0
land.mach=0.36               365 changes 1 pooled [False, False] (oracle's same) switch ['0.0763302', '0.477402'] a* ['0.0', '0.0'] depth 1.04777 junction 1.1188 cover 1.65985 residual 0.0 worst rel vs oracle 2.02e-16 pool hours abs 0.0
land.mach=0.8                365 changes 1 pooled [False, False] (oracle's same) switch ['0.0528297', '0.413907'] a* ['0.0', '0.0'] depth 0.216364 junction 0.22535 cover 1.38146 residual -1.67e-52 worst rel vs oracle 3.96e-16 pool hours abs 0.0
land.mach=0.2                365 changes 1 pooled [False, False] (oracle's same) switch ['0.0884947', '0.510432'] a* ['0.0', '0.0'] depth 1.6001 junction 1.75843 cover 1.78327 residual 3.34e-52 worst rel vs oracle 3.0e-16 pool hours abs 0.0
tail.services=0.11           365 changes 1 pooled [True, False] (oracle's same) switch ['-0.00945744', '0.387057'] a* ['0.0070310522', '0.0'] depth 1.03096 junction 1.10011 cover 1.60719 residual 3.34e-52 worst rel vs oracle 5.36e-16 pool hours abs 2.6e-18
tail.services=0.09           365 changes 1 pooled [False, False] (oracle's same) switch ['0.165599', '0.562114'] a* ['0.0', '0.0'] depth 0.846741 junction 0.897334 cover 1.65235 residual 3.34e-52 worst rel vs oracle 2.76e-16 pool hours abs 0.0
tail.services=0.2            365 changes 1 pooled [True, True] (oracle's same) switch ['-0.475338', '-0.0788239'] a* ['0.28608793', '0.049671638'] depth 1.61208 junction 1.773 cover 1.30666 residual -6.68e-52 worst rel vs oracle 2.6e-16 pool hours abs 3.23e-18
tail.services=0.05           365 changes 1 pooled [False, False] (oracle's same) switch ['0.607002', '1.00352'] a* ['0.0', '0.0'] depth 0.398578 junction 0.416882 cover 1.71816 residual 1.67e-52 worst rel vs oracle 5.09e-16 pool hours abs 0.0
res.services.trained=0.044   365 changes 1 pooled [False, False] (oracle's same) switch ['0.203035', '0.470179'] a* ['0.0', '0.0'] depth 0.951795 junction 1.0125 cover 1.61441 residual 3.34e-52 worst rel vs oracle 2.52e-16 pool hours abs 0.0
res.services.trained=0.036   365 changes 1 pooled [True, False] (oracle's same) switch ['-0.0475246', '0.488101'] a* ['0.035671256', '0.0'] depth 0.918411 junction 0.975777 cover 1.64505 residual 6.68e-52 worst rel vs oracle 2.52e-16 pool hours abs 6.66e-18
res.services.trained=0.08    365 changes 1 pooled [False, False] (oracle's same) switch ['1.12111', '0.470179'] a* ['0.0', '0.0'] depth 1.13042 junction 1.21127 cover 1.3234 residual -3.34e-52 worst rel vs oracle 2.52e-16 pool hours abs 0.0
res.services.trained=0.02    365 changes 1 pooled [True, False] (oracle's same) switch ['-0.60228', '0.653016'] a* ['0.39142811', '0.0'] depth 0.739954 junction 0.781387 cover 1.69426 residual 0.0 worst rel vs oracle 2.88e-16 pool hours abs 2.13e-18
worst relative difference over every point and value: 1.13e-15
  base@52 {'changes': 1, 'switch': [0.07366478777969988, 0.4701791215170087], 'a': [0.0, 0.0], 'pooled': [False, False], 'depth': 0.9425748427583114, 'junction': 1.0023477090018764, 'cover': 1.630884551382674, 'worst_rel': 2.783691063574797e-16, 'pool_abs': 0.0}
  tail.services=0.2@52 {'changes': 1, 'switch': [-0.4753382037920565, -0.07882387005474766], 'a': [0.2860879343123933, 0.04967163795419962], 'pooled': [True, True], 'depth': 1.6120807714257264, 'junction': 1.7729988814858295, 'cover': 1.3066601217729956, 'worst_rel': 7.600900046585169e-16, 'pool_abs': 9.160089633355247e-18}
  res.services.trained=0.02@52 {'changes': 1, 'switch': [-0.6022796555885654, 0.6530159409248765], 'a': [0.39142810838832925, 0.0], 'pooled': [True, False], 'depth': 0.739953916057545, 'junction': 0.7813871671003852, 'cover': 1.6942603258858835, 'worst_rel': 2.783691063574797e-16, 'pool_abs': 3.21780614164991e-17}
