is2 rule {'rule': 'mig', 'part': 'avg', 'rate': 26.0}
  tpy  52 None                               a* [0.39142810838832914, 0.0] 3 ticks: gap 3.33e-16; 2,000 ticks: gap 3.33e-16 state 2.53e-16 fill 0.999999999999999 money 0.0e+00 a_end [0.39142810838832914, 0.0]
  tpy  52 ('land.mach', '0.44')              a* [0.3920586729489223, 0.0] 3 ticks: gap 2.22e-16; 2,000 ticks: gap 4.44e-16 state 2.20e-16 fill 1.000000000000000 money 0.0e+00 a_end [0.3920586729489223, 0.0]
  tpy  52 ('land.mach', '0.36')              a* [0.39077131266119797, 0.0] 3 ticks: gap 2.22e-16; 2,000 ticks: gap 2.22e-16 state 2.18e-16 fill 1.000000000000000 money 0.0e+00 a_end [0.39077131266119797, 0.0]
  tpy  52 ('land.mach', '0.8')               a* [0.39677252332766405, 0.0] 3 ticks: gap 3.33e-16; 2,000 ticks: gap 3.33e-16 state 2.42e-16 fill 0.999999999999999 money 0.0e+00 a_end [0.39677252332766405, 0.0]
  tpy  52 ('land.mach', '0.2')               a* [0.387846294928211, 0.0] 3 ticks: gap 2.22e-16; 2,000 ticks: gap 2.22e-16 state 0.00e+00 fill 0.999999999999999 money 0.0e+00 a_end [0.387846294928211, 0.0]
  tpy  52 ('tail.services', '0.11')          a* [0.4241539900012464, 0.0] 3 ticks: gap 2.22e-16; 2,000 ticks: gap 2.22e-16 state 2.18e-16 fill 0.999999999999999 money 0.0e+00 a_end [0.4241539900012464, 0.0]
  tpy  52 ('tail.services', '0.09')          a* [0.35457129872983106, 0.0] 3 ticks: gap 3.33e-16; 2,000 ticks: gap 3.33e-16 state 2.53e-16 fill 1.000000000000000 money 0.0e+00 a_end [0.35457129872983106, 0.0]
  tpy  52 ('tail.services', '0.2')           a* [0.6091995878176161, 0.0] 3 ticks: gap 3.33e-16; 2,000 ticks: gap 3.33e-16 state 2.53e-16 fill 1.000000000000000 money 0.0e+00 a_end [0.6091995878176161, 0.0]
  tpy  52 ('tail.services', '0.05')          a* [0.14475154970860185, 0.0] 3 ticks: gap 2.22e-16; 2,000 ticks: gap 2.22e-16 state 1.15e-16 fill 0.999999999999999 money 0.0e+00 a_end [0.14475154970860185, 0.0]
  tpy  52 ('res.services.trained', '0.022')  a* [0.34181122187676016, 0.0] 3 ticks: gap 3.33e-16; 2,000 ticks: gap 3.33e-16 state 2.53e-16 fill 0.999999999999999 money 0.0e+00 a_end [0.34181122187676016, 0.0]
  tpy  52 ('res.services.trained', '0.018')  a* [0.4427551661680639, 0.0] 3 ticks: gap 6.66e-16; 2,000 ticks: gap 7.77e-16 state 5.07e-16 fill 0.999999999999999 money 2.3e-16 a_end [0.4427551661680639, 0.0]
  tpy  52 ('res.services.trained', '0.04')   a* [0.0, 0.0] 3 ticks: gap 3.33e-16; 2,000 ticks: gap 3.33e-16 state 2.53e-16 fill 1.000000000000000 money 0.0e+00 a_end [0.0, 0.0]
  tpy  52 ('res.services.trained', '0.01')   a* [0.6671699872023659, 0.0] 3 ticks: gap 2.22e-16; 2,000 ticks: gap 2.22e-16 state 0.00e+00 fill 0.999999999999999 money 0.0e+00 a_end [0.6671699872023659, 0.0]
  tpy  12 None                               a* [0.3914281083883293, 0.0] 3 ticks: gap 4.44e-16; 2,000 ticks: gap 1.33e-15 state 9.99e-16 fill 0.999999999999999 money 3.2e-16 a_end [0.39142810838832914, 0.0]
  tpy  12 ('land.mach', '0.44')              a* [0.3920586729489224, 0.0] 3 ticks: gap 3.33e-16; 2,000 ticks: gap 2.22e-15 state 2.31e-15 fill 0.999999999999998 money 9.5e-16 a_end [0.39205867294892227, 0.0]
  tpy  12 ('land.mach', '0.36')              a* [0.3907713126611979, 0.0] 3 ticks: gap 0.00e+00; 2,000 ticks: gap 0.00e+00 state 1.84e-16 fill 1.000000000000000 money 0.0e+00 a_end [0.3907713126611979, 0.0]
  tpy  12 ('land.mach', '0.8')               a* [0.39677252332766394, 0.0] 3 ticks: gap 2.22e-16; 2,000 ticks: gap 1.33e-15 state 1.33e-15 fill 0.999999999999999 money 0.0e+00 a_end [0.3967725233276639, 0.0]
  tpy  12 ('land.mach', '0.2')               a* [0.38784629492821104, 0.0] 3 ticks: gap 4.44e-16; 2,000 ticks: gap 5.55e-16 state 4.34e-16 fill 0.999999999999999 money 1.8e-16 a_end [0.38784629492821093, 0.0]
  tpy  12 ('tail.services', '0.11')          a* [0.42415399000124615, 0.0] 3 ticks: gap 2.22e-16; 2,000 ticks: gap 2.22e-16 state 0.00e+00 fill 1.000000000000000 money 0.0e+00 a_end [0.42415399000124615, 0.0]
  tpy  12 ('tail.services', '0.09')          a* [0.35457129872983106, 0.0] 3 ticks: gap 4.44e-16; 2,000 ticks: gap 4.44e-16 state 2.50e-16 fill 1.000000000000000 money 0.0e+00 a_end [0.35457129872983095, 0.0]
  tpy  12 ('tail.services', '0.2')           a* [0.6091995878176161, 0.0] 3 ticks: gap 2.22e-16; 2,000 ticks: gap 2.22e-16 state 1.57e-16 fill 1.000000000000000 money 1.3e-16 a_end [0.6091995878176161, 0.0]
  tpy  12 ('tail.services', '0.05')          a* [0.14475154970860188, 0.0] 3 ticks: gap 2.22e-16; 2,000 ticks: gap 2.22e-16 state 1.93e-16 fill 1.000000000000000 money 0.0e+00 a_end [0.14475154970860188, 0.0]
  tpy  12 ('res.services.trained', '0.022')  a* [0.3418112218767603, 0.0] 3 ticks: gap 4.44e-16; 2,000 ticks: gap 2.44e-15 state 2.55e-15 fill 0.999999999999998 money 1.3e-15 a_end [0.3418112218767601, 0.0]
  tpy  12 ('res.services.trained', '0.018')  a* [0.44275516616806393, 0.0] 3 ticks: gap 8.88e-16; 2,000 ticks: gap 1.67e-15 state 1.44e-15 fill 0.999999999999999 money 6.5e-16 a_end [0.4427551661680639, 0.0]
  tpy  12 ('res.services.trained', '0.04')   a* [0.0, 0.0] 3 ticks: gap 3.33e-16; 2,000 ticks: gap 1.55e-15 state 1.44e-15 fill 0.999999999999999 money 0.0e+00 a_end [0.0, 0.0]
  tpy  12 ('res.services.trained', '0.01')   a* [0.667169987202366, 0.0] 3 ticks: gap 1.11e-15; 2,000 ticks: gap 2.44e-15 state 1.28e-15 fill 0.999999999999998 money 0.0e+00 a_end [0.6671699872023658, 0.0]
  tpy 365 None                               a* [0.3914281083883292, 0.0] 3 ticks: gap 2.22e-16; 2,000 ticks: gap 2.22e-16 state 2.72e-16 fill 1.000000000000000 money 0.0e+00 a_end [0.3914281083883292, 0.0]
  tpy 365 ('land.mach', '0.44')              a* [0.39205867294892227, 0.0] 3 ticks: gap 4.44e-16; 2,000 ticks: gap 1.22e-15 state 4.16e-16 fill 0.999999999999999 money 3.8e-16 a_end [0.39205867294892227, 0.0]
  tpy 365 ('land.mach', '0.36')              a* [0.39077131266119786, 0.0] 3 ticks: gap 2.22e-16; 2,000 ticks: gap 2.22e-15 state 2.18e-15 fill 0.999999999999996 money 8.0e-16 a_end [0.39077131266119786, 0.0]
  tpy 365 ('land.mach', '0.8')               a* [0.396772523327664, 0.0] 3 ticks: gap 2.22e-16; 2,000 ticks: gap 2.22e-16 state 2.50e-16 fill 1.000000000000000 money 2.1e-16 a_end [0.396772523327664, 0.0]
  tpy 365 ('land.mach', '0.2')               a* [0.38784629492821127, 0.0] 3 ticks: gap 2.22e-16; 2,000 ticks: gap 1.22e-15 state 1.29e-15 fill 0.999999999999999 money 1.1e-15 a_end [0.38784629492821127, 0.0]
  tpy 365 ('tail.services', '0.11')          a* [0.42415399000124626, 0.0] 3 ticks: gap 3.33e-16; 2,000 ticks: gap 3.33e-16 state 2.08e-16 fill 1.000000000000000 money 1.3e-16 a_end [0.42415399000124626, 0.0]
  tpy 365 ('tail.services', '0.09')          a* [0.3545712987298311, 0.0] 3 ticks: gap 2.22e-16; 2,000 ticks: gap 2.22e-16 state 2.08e-16 fill 1.000000000000000 money 1.3e-16 a_end [0.3545712987298311, 0.0]
  tpy 365 ('tail.services', '0.2')           a* [0.6091995878176161, 0.0] 3 ticks: gap 4.44e-16; 2,000 ticks: gap 4.44e-16 state 4.16e-16 fill 1.000000000000000 money 0.0e+00 a_end [0.6091995878176161, 0.0]
  tpy 365 ('tail.services', '0.05')          a* [0.1447515497086018, 0.0] 3 ticks: gap 4.44e-16; 2,000 ticks: gap 1.67e-15 state 2.08e-16 fill 0.999999999999998 money 7.0e-16 a_end [0.1447515497086018, 0.0]
  tpy 365 ('res.services.trained', '0.022')  a* [0.3418112218767602, 0.0] 3 ticks: gap 4.44e-16; 2,000 ticks: gap 4.44e-16 state 4.16e-16 fill 1.000000000000000 money 0.0e+00 a_end [0.3418112218767602, 0.0]
  tpy 365 ('res.services.trained', '0.018')  a* [0.44275516616806393, 0.0] 3 ticks: gap 4.44e-16; 2,000 ticks: gap 5.55e-16 state 1.26e-15 fill 1.000000000000000 money 1.3e-16 a_end [0.44275516616806393, 0.0]
  tpy 365 ('res.services.trained', '0.04')   a* [0.0, 0.0] 3 ticks: gap 4.44e-16; 2,000 ticks: gap 4.44e-16 state 4.16e-16 fill 0.999999999999999 money 1.2e-16 a_end [0.0, 0.0]
  tpy 365 ('res.services.trained', '0.01')   a* [0.667169987202366, 0.0] 3 ticks: gap 4.44e-16; 2,000 ticks: gap 4.44e-16 state 4.16e-16 fill 0.999999999999999 money 0.0e+00 a_end [0.667169987202366, 0.0]
  largest gap at 3 ticks 1.11e-15; over 2,000 ticks 2.44e-15; state drift 2.55e-15; worst fill 0.999999999999996; money drift 1.3e-15
