is1 rule {'rule': 'mig', 'part': 'avg', 'rate': 26.0}
  tpy  52 None                               a* [0.0, 0.0] 3 ticks: gap 3.33e-16; 2,000 ticks: gap 3.33e-16 state 2.53e-16 fill 1.000000000000000 money 0.0e+00 a_end [0.0, 0.0]
  tpy  52 ('land.mach', '0.44')              a* [0.0, 0.0] 3 ticks: gap 1.11e-16; 2,000 ticks: gap 1.11e-16 state 0.00e+00 fill 1.000000000000000 money 0.0e+00 a_end [0.0, 0.0]
  tpy  52 ('land.mach', '0.36')              a* [0.0, 0.0] 3 ticks: gap 2.22e-16; 2,000 ticks: gap 2.22e-16 state 0.00e+00 fill 1.000000000000000 money 0.0e+00 a_end [0.0, 0.0]
  tpy  52 ('land.mach', '0.8')               a* [0.0, 0.0] 3 ticks: gap 2.22e-16; 2,000 ticks: gap 2.22e-16 state 1.21e-16 fill 0.999999999999999 money 0.0e+00 a_end [0.0, 0.0]
  tpy  52 ('land.mach', '0.2')               a* [0.0, 0.0] 3 ticks: gap 2.22e-16; 2,000 ticks: gap 2.22e-16 state 1.18e-16 fill 0.999999999999999 money 0.0e+00 a_end [0.0, 0.0]
  tpy  52 ('tail.services', '0.11')          a* [0.007031052173720907, 0.0] 3 ticks: gap 2.22e-16; 2,000 ticks: gap 2.22e-16 state 2.18e-16 fill 1.000000000000000 money 2.2e-16 a_end [0.007031052173720907, 0.0]
  tpy  52 ('tail.services', '0.09')          a* [0.0, 0.0] 3 ticks: gap 3.33e-16; 2,000 ticks: gap 3.33e-16 state 2.53e-16 fill 1.000000000000000 money 1.1e-16 a_end [0.0, 0.0]
  tpy  52 ('tail.services', '0.2')           a* [0.2860879343123933, 0.04967163795419959] 3 ticks: gap 4.44e-16; 2,000 ticks: gap 4.44e-16 state 2.53e-16 fill 0.999999999999999 money 0.0e+00 a_end [0.2860879343123933, 0.04967163795419959]
  tpy  52 ('tail.services', '0.05')          a* [0.0, 0.0] 3 ticks: gap 1.11e-16; 2,000 ticks: gap 1.11e-16 state 2.10e-16 fill 1.000000000000000 money 0.0e+00 a_end [0.0, 0.0]
  tpy  52 ('res.services.trained', '0.044')  a* [0.0, 0.0] 3 ticks: gap 3.33e-16; 2,000 ticks: gap 3.33e-16 state 2.18e-16 fill 1.000000000000000 money 2.2e-16 a_end [0.0, 0.0]
  tpy  52 ('res.services.trained', '0.036')  a* [0.035671256071013464, 0.0] 3 ticks: gap 3.33e-16; 2,000 ticks: gap 3.33e-16 state 2.53e-16 fill 0.999999999999999 money 1.1e-16 a_end [0.035671256071013464, 0.0]
  tpy  52 ('res.services.trained', '0.08')   a* [0.0, 0.0] 3 ticks: gap 3.33e-16; 2,000 ticks: gap 3.33e-16 state 2.53e-16 fill 1.000000000000000 money 0.0e+00 a_end [0.0, 0.0]
  tpy  52 ('res.services.trained', '0.02')   a* [0.39142810838832914, 0.0] 3 ticks: gap 3.33e-16; 2,000 ticks: gap 3.33e-16 state 2.53e-16 fill 0.999999999999999 money 0.0e+00 a_end [0.39142810838832914, 0.0]
  tpy  12 None                               a* [0.0, 0.0] 3 ticks: gap 3.33e-16; 2,000 ticks: gap 1.55e-15 state 1.44e-15 fill 0.999999999999999 money 0.0e+00 a_end [0.0, 0.0]
  tpy  12 ('land.mach', '0.44')              a* [0.0, 0.0] 3 ticks: gap 2.22e-16; 2,000 ticks: gap 2.22e-16 state 1.74e-16 fill 1.000000000000000 money 0.0e+00 a_end [0.0, 0.0]
  tpy  12 ('land.mach', '0.36')              a* [0.0, 0.0] 3 ticks: gap 2.22e-16; 2,000 ticks: gap 2.22e-16 state 2.22e-16 fill 0.999999999999999 money 3.1e-16 a_end [0.0, 0.0]
  tpy  12 ('land.mach', '0.8')               a* [0.0, 0.0] 3 ticks: gap 2.22e-16; 2,000 ticks: gap 2.22e-16 state 2.22e-16 fill 1.000000000000000 money 0.0e+00 a_end [0.0, 0.0]
  tpy  12 ('land.mach', '0.2')               a* [0.0, 0.0] 3 ticks: gap 2.22e-16; 2,000 ticks: gap 2.22e-16 state 1.39e-16 fill 1.000000000000000 money 0.0e+00 a_end [0.0, 0.0]
  tpy  12 ('tail.services', '0.11')          a* [0.007031052173720617, 0.0] 3 ticks: gap 5.55e-16; 2,000 ticks: gap 1.33e-15 state 1.33e-15 fill 0.999999999999999 money 4.5e-16 a_end [0.0070310521737207395, 0.0]
  tpy  12 ('tail.services', '0.09')          a* [0.0, 0.0] 3 ticks: gap 4.44e-16; 2,000 ticks: gap 4.44e-16 state 2.22e-16 fill 0.999999999999999 money 1.6e-16 a_end [0.0, 0.0]
  tpy  12 ('tail.services', '0.2')           a* [0.28608793431239327, 0.04967163795419961] 3 ticks: gap 6.66e-16; 2,000 ticks: gap 4.44e-15 state 3.69e-15 fill 0.999999999999998 money 1.2e-15 a_end [0.2860879343123934, 0.04967163795419895]
  tpy  12 ('tail.services', '0.05')          a* [0.0, 0.0] 3 ticks: gap 2.22e-16; 2,000 ticks: gap 2.22e-16 state 2.12e-16 fill 1.000000000000000 money 0.0e+00 a_end [0.0, 0.0]
  tpy  12 ('res.services.trained', '0.044')  a* [0.0, 0.0] 3 ticks: gap 4.44e-16; 2,000 ticks: gap 6.66e-16 state 4.44e-16 fill 1.000000000000000 money 1.5e-16 a_end [0.0, 0.0]
  tpy  12 ('res.services.trained', '0.036')  a* [0.03567125607101342, 0.0] 3 ticks: gap 2.22e-16; 2,000 ticks: gap 2.22e-16 state 1.30e-16 fill 1.000000000000000 money 0.0e+00 a_end [0.03567125607101342, 0.0]
  tpy  12 ('res.services.trained', '0.08')   a* [0.0, 0.0] 3 ticks: gap 4.44e-16; 2,000 ticks: gap 1.33e-15 state 1.28e-15 fill 0.999999999999999 money 2.3e-16 a_end [0.0, 0.0]
  tpy  12 ('res.services.trained', '0.02')   a* [0.3914281083883293, 0.0] 3 ticks: gap 4.44e-16; 2,000 ticks: gap 1.33e-15 state 9.99e-16 fill 0.999999999999999 money 3.2e-16 a_end [0.39142810838832914, 0.0]
  tpy 365 None                               a* [0.0, 0.0] 3 ticks: gap 4.44e-16; 2,000 ticks: gap 4.44e-16 state 4.16e-16 fill 0.999999999999999 money 1.2e-16 a_end [0.0, 0.0]
  tpy 365 ('land.mach', '0.44')              a* [0.0, 0.0] 3 ticks: gap 0.00e+00; 2,000 ticks: gap 0.00e+00 state 0.00e+00 fill 1.000000000000000 money 0.0e+00 a_end [0.0, 0.0]
  tpy 365 ('land.mach', '0.36')              a* [0.0, 0.0] 3 ticks: gap 5.55e-16; 2,000 ticks: gap 7.77e-16 state 7.91e-16 fill 0.999999999999999 money 2.5e-16 a_end [0.0, 0.0]
  tpy 365 ('land.mach', '0.8')               a* [0.0, 0.0] 3 ticks: gap 2.22e-16; 2,000 ticks: gap 3.33e-16 state 2.92e-16 fill 1.000000000000000 money 2.1e-16 a_end [0.0, 0.0]
  tpy 365 ('land.mach', '0.2')               a* [0.0, 0.0] 3 ticks: gap 2.22e-16; 2,000 ticks: gap 3.33e-16 state 1.25e-16 fill 1.000000000000000 money 2.8e-16 a_end [0.0, 0.0]
  tpy 365 ('tail.services', '0.11')          a* [0.0070310521737207005, 0.0] 3 ticks: gap 0.00e+00; 2,000 ticks: gap 9.99e-16 state 1.71e-15 fill 0.999999999999998 money 1.2e-16 a_end [0.0070310521737207005, 0.0]
  tpy 365 ('tail.services', '0.09')          a* [0.0, 0.0] 3 ticks: gap 0.00e+00; 2,000 ticks: gap 0.00e+00 state 0.00e+00 fill 1.000000000000000 money 0.0e+00 a_end [0.0, 0.0]
  tpy 365 ('tail.services', '0.2')           a* [0.28608793431239327, 0.04967163795419969] 3 ticks: gap 2.22e-16; 2,000 ticks: gap 4.44e-16 state 5.71e-16 fill 1.000000000000000 money 1.8e-16 a_end [0.28608793431239327, 0.04967163795419969]
  tpy 365 ('tail.services', '0.05')          a* [0.0, 0.0] 3 ticks: gap 4.44e-16; 2,000 ticks: gap 9.99e-16 state 6.87e-16 fill 0.999999999999999 money 2.7e-16 a_end [0.0, 0.0]
  tpy 365 ('res.services.trained', '0.044')  a* [0.0, 0.0] 3 ticks: gap 4.44e-16; 2,000 ticks: gap 1.22e-15 state 1.22e-15 fill 0.999999999999998 money 4.8e-16 a_end [0.0, 0.0]
  tpy 365 ('res.services.trained', '0.036')  a* [0.03567125607101358, 0.0] 3 ticks: gap 0.00e+00; 2,000 ticks: gap 4.44e-16 state 8.78e-16 fill 0.999999999999999 money 1.2e-16 a_end [0.03567125607101358, 0.0]
  tpy 365 ('res.services.trained', '0.08')   a* [0.0, 0.0] 3 ticks: gap 4.44e-16; 2,000 ticks: gap 1.22e-15 state 1.22e-15 fill 0.999999999999998 money 3.7e-16 a_end [0.0, 0.0]
  tpy 365 ('res.services.trained', '0.02')   a* [0.3914281083883292, 0.0] 3 ticks: gap 2.22e-16; 2,000 ticks: gap 2.22e-16 state 2.72e-16 fill 1.000000000000000 money 0.0e+00 a_end [0.3914281083883292, 0.0]
  largest gap at 3 ticks 6.66e-16; over 2,000 ticks 4.44e-15; state drift 3.69e-15; worst fill 0.999999999999998; money drift 1.2e-15
is1 rule {'rule': 'mig', 'part': 'avg', 'rate': 5.2}
  tpy  52 None                               a* [0.0, 0.0] 3 ticks: gap 3.33e-16; 2,000 ticks: gap 3.33e-16 state 2.53e-16 fill 1.000000000000000 money 0.0e+00 a_end [0.0, 0.0]
  tpy  52 ('land.mach', '0.44')              a* [0.0, 0.0] 3 ticks: gap 1.11e-16; 2,000 ticks: gap 1.11e-16 state 0.00e+00 fill 1.000000000000000 money 0.0e+00 a_end [0.0, 0.0]
  tpy  52 ('land.mach', '0.36')              a* [0.0, 0.0] 3 ticks: gap 2.22e-16; 2,000 ticks: gap 2.22e-16 state 0.00e+00 fill 1.000000000000000 money 0.0e+00 a_end [0.0, 0.0]
  tpy  52 ('land.mach', '0.8')               a* [0.0, 0.0] 3 ticks: gap 2.22e-16; 2,000 ticks: gap 2.22e-16 state 1.21e-16 fill 0.999999999999999 money 0.0e+00 a_end [0.0, 0.0]
  tpy  52 ('land.mach', '0.2')               a* [0.0, 0.0] 3 ticks: gap 2.22e-16; 2,000 ticks: gap 2.22e-16 state 1.18e-16 fill 0.999999999999999 money 0.0e+00 a_end [0.0, 0.0]
  tpy  52 ('tail.services', '0.11')          a* [0.007031052173720907, 0.0] 3 ticks: gap 2.22e-16; 2,000 ticks: gap 2.22e-16 state 2.18e-16 fill 1.000000000000000 money 2.2e-16 a_end [0.007031052173720907, 0.0]
  tpy  52 ('tail.services', '0.09')          a* [0.0, 0.0] 3 ticks: gap 3.33e-16; 2,000 ticks: gap 3.33e-16 state 2.53e-16 fill 1.000000000000000 money 1.1e-16 a_end [0.0, 0.0]
  tpy  52 ('tail.services', '0.2')           a* [0.2860879343123933, 0.04967163795419959] 3 ticks: gap 4.44e-16; 2,000 ticks: gap 4.44e-16 state 2.53e-16 fill 0.999999999999999 money 0.0e+00 a_end [0.2860879343123933, 0.04967163795419959]
  tpy  52 ('tail.services', '0.05')          a* [0.0, 0.0] 3 ticks: gap 1.11e-16; 2,000 ticks: gap 1.11e-16 state 2.10e-16 fill 1.000000000000000 money 0.0e+00 a_end [0.0, 0.0]
  tpy  52 ('res.services.trained', '0.044')  a* [0.0, 0.0] 3 ticks: gap 3.33e-16; 2,000 ticks: gap 3.33e-16 state 2.18e-16 fill 1.000000000000000 money 2.2e-16 a_end [0.0, 0.0]
  tpy  52 ('res.services.trained', '0.036')  a* [0.035671256071013464, 0.0] 3 ticks: gap 3.33e-16; 2,000 ticks: gap 3.33e-16 state 2.53e-16 fill 0.999999999999999 money 1.1e-16 a_end [0.035671256071013464, 0.0]
  tpy  52 ('res.services.trained', '0.08')   a* [0.0, 0.0] 3 ticks: gap 3.33e-16; 2,000 ticks: gap 3.33e-16 state 2.53e-16 fill 1.000000000000000 money 0.0e+00 a_end [0.0, 0.0]
  tpy  52 ('res.services.trained', '0.02')   a* [0.39142810838832914, 0.0] 3 ticks: gap 3.33e-16; 2,000 ticks: gap 3.33e-16 state 2.53e-16 fill 0.999999999999999 money 0.0e+00 a_end [0.39142810838832914, 0.0]
  tpy  12 None                               a* [0.0, 0.0] 3 ticks: gap 3.33e-16; 2,000 ticks: gap 1.55e-15 state 1.44e-15 fill 0.999999999999999 money 0.0e+00 a_end [0.0, 0.0]
  tpy  12 ('land.mach', '0.44')              a* [0.0, 0.0] 3 ticks: gap 2.22e-16; 2,000 ticks: gap 2.22e-16 state 1.74e-16 fill 1.000000000000000 money 0.0e+00 a_end [0.0, 0.0]
  tpy  12 ('land.mach', '0.36')              a* [0.0, 0.0] 3 ticks: gap 2.22e-16; 2,000 ticks: gap 2.22e-16 state 2.22e-16 fill 0.999999999999999 money 3.1e-16 a_end [0.0, 0.0]
  tpy  12 ('land.mach', '0.8')               a* [0.0, 0.0] 3 ticks: gap 2.22e-16; 2,000 ticks: gap 2.22e-16 state 2.22e-16 fill 1.000000000000000 money 0.0e+00 a_end [0.0, 0.0]
  tpy  12 ('land.mach', '0.2')               a* [0.0, 0.0] 3 ticks: gap 2.22e-16; 2,000 ticks: gap 2.22e-16 state 1.39e-16 fill 1.000000000000000 money 0.0e+00 a_end [0.0, 0.0]
  tpy  12 ('tail.services', '0.11')          a* [0.007031052173720617, 0.0] 3 ticks: gap 4.44e-16; 2,000 ticks: gap 8.88e-16 state 3.75e-16 fill 0.999999999999999 money 3.0e-16 a_end [0.007031052173720779, 0.0]
  tpy  12 ('tail.services', '0.09')          a* [0.0, 0.0] 3 ticks: gap 4.44e-16; 2,000 ticks: gap 4.44e-16 state 2.22e-16 fill 0.999999999999999 money 1.6e-16 a_end [0.0, 0.0]
  tpy  12 ('tail.services', '0.2')           a* [0.28608793431239327, 0.04967163795419961] 3 ticks: gap 6.66e-16; 2,000 ticks: gap 1.33e-15 state 1.28e-15 fill 0.999999999999999 money 1.1e-16 a_end [0.2860879343123931, 0.04967163795419953]
  tpy  12 ('tail.services', '0.05')          a* [0.0, 0.0] 3 ticks: gap 2.22e-16; 2,000 ticks: gap 2.22e-16 state 2.12e-16 fill 1.000000000000000 money 0.0e+00 a_end [0.0, 0.0]
  tpy  12 ('res.services.trained', '0.044')  a* [0.0, 0.0] 3 ticks: gap 4.44e-16; 2,000 ticks: gap 6.66e-16 state 4.44e-16 fill 1.000000000000000 money 1.5e-16 a_end [0.0, 0.0]
  tpy  12 ('res.services.trained', '0.036')  a* [0.03567125607101342, 0.0] 3 ticks: gap 2.22e-16; 2,000 ticks: gap 2.22e-16 state 1.30e-16 fill 1.000000000000000 money 0.0e+00 a_end [0.03567125607101342, 0.0]
  tpy  12 ('res.services.trained', '0.08')   a* [0.0, 0.0] 3 ticks: gap 4.44e-16; 2,000 ticks: gap 1.33e-15 state 1.28e-15 fill 0.999999999999999 money 2.3e-16 a_end [0.0, 0.0]
  tpy  12 ('res.services.trained', '0.02')   a* [0.3914281083883293, 0.0] 3 ticks: gap 4.44e-16; 2,000 ticks: gap 1.33e-15 state 1.22e-15 fill 0.999999999999999 money 3.2e-16 a_end [0.3914281083883292, 0.0]
  tpy 365 None                               a* [0.0, 0.0] 3 ticks: gap 4.44e-16; 2,000 ticks: gap 4.44e-16 state 4.16e-16 fill 0.999999999999999 money 1.2e-16 a_end [0.0, 0.0]
  tpy 365 ('land.mach', '0.44')              a* [0.0, 0.0] 3 ticks: gap 0.00e+00; 2,000 ticks: gap 0.00e+00 state 0.00e+00 fill 1.000000000000000 money 0.0e+00 a_end [0.0, 0.0]
  tpy 365 ('land.mach', '0.36')              a* [0.0, 0.0] 3 ticks: gap 5.55e-16; 2,000 ticks: gap 7.77e-16 state 7.91e-16 fill 0.999999999999999 money 2.5e-16 a_end [0.0, 0.0]
  tpy 365 ('land.mach', '0.8')               a* [0.0, 0.0] 3 ticks: gap 2.22e-16; 2,000 ticks: gap 3.33e-16 state 2.92e-16 fill 1.000000000000000 money 2.1e-16 a_end [0.0, 0.0]
  tpy 365 ('land.mach', '0.2')               a* [0.0, 0.0] 3 ticks: gap 2.22e-16; 2,000 ticks: gap 3.33e-16 state 1.25e-16 fill 1.000000000000000 money 2.8e-16 a_end [0.0, 0.0]
  tpy 365 ('tail.services', '0.11')          a* [0.0070310521737207005, 0.0] 3 ticks: gap 0.00e+00; 2,000 ticks: gap 9.99e-16 state 1.71e-15 fill 0.999999999999998 money 1.2e-16 a_end [0.0070310521737207005, 0.0]
  tpy 365 ('tail.services', '0.09')          a* [0.0, 0.0] 3 ticks: gap 0.00e+00; 2,000 ticks: gap 0.00e+00 state 0.00e+00 fill 1.000000000000000 money 0.0e+00 a_end [0.0, 0.0]
  tpy 365 ('tail.services', '0.2')           a* [0.28608793431239327, 0.04967163795419969] 3 ticks: gap 2.22e-16; 2,000 ticks: gap 4.44e-16 state 5.71e-16 fill 1.000000000000000 money 1.8e-16 a_end [0.28608793431239327, 0.04967163795419969]
  tpy 365 ('tail.services', '0.05')          a* [0.0, 0.0] 3 ticks: gap 4.44e-16; 2,000 ticks: gap 9.99e-16 state 6.87e-16 fill 0.999999999999999 money 2.7e-16 a_end [0.0, 0.0]
  tpy 365 ('res.services.trained', '0.044')  a* [0.0, 0.0] 3 ticks: gap 4.44e-16; 2,000 ticks: gap 1.22e-15 state 1.22e-15 fill 0.999999999999998 money 4.8e-16 a_end [0.0, 0.0]
  tpy 365 ('res.services.trained', '0.036')  a* [0.03567125607101358, 0.0] 3 ticks: gap 0.00e+00; 2,000 ticks: gap 4.44e-16 state 8.78e-16 fill 0.999999999999999 money 1.2e-16 a_end [0.03567125607101358, 0.0]
  tpy 365 ('res.services.trained', '0.08')   a* [0.0, 0.0] 3 ticks: gap 4.44e-16; 2,000 ticks: gap 1.22e-15 state 1.22e-15 fill 0.999999999999998 money 3.7e-16 a_end [0.0, 0.0]
  tpy 365 ('res.services.trained', '0.02')   a* [0.3914281083883292, 0.0] 3 ticks: gap 2.22e-16; 2,000 ticks: gap 2.22e-16 state 2.72e-16 fill 1.000000000000000 money 0.0e+00 a_end [0.3914281083883292, 0.0]
  largest gap at 3 ticks 6.66e-16; over 2,000 ticks 1.55e-15; state drift 1.71e-15; worst fill 0.999999999999998; money drift 4.8e-16
is1 rule {'rule': 'mig', 'part': 'max', 'rate': 26.0}
  tpy  52 None                               a* [0.0, 0.0] 3 ticks: gap 3.33e-16; 2,000 ticks: gap 3.33e-16 state 2.53e-16 fill 1.000000000000000 money 0.0e+00 a_end [0.0, 0.0]
  tpy  52 ('land.mach', '0.44')              a* [0.0, 0.0] 3 ticks: gap 1.11e-16; 2,000 ticks: gap 1.11e-16 state 0.00e+00 fill 1.000000000000000 money 0.0e+00 a_end [0.0, 0.0]
  tpy  52 ('land.mach', '0.36')              a* [0.0, 0.0] 3 ticks: gap 2.22e-16; 2,000 ticks: gap 2.22e-16 state 0.00e+00 fill 1.000000000000000 money 0.0e+00 a_end [0.0, 0.0]
  tpy  52 ('land.mach', '0.8')               a* [0.0, 0.0] 3 ticks: gap 2.22e-16; 2,000 ticks: gap 2.22e-16 state 1.21e-16 fill 0.999999999999999 money 0.0e+00 a_end [0.0, 0.0]
  tpy  52 ('land.mach', '0.2')               a* [0.0, 0.0] 3 ticks: gap 2.22e-16; 2,000 ticks: gap 2.22e-16 state 1.18e-16 fill 0.999999999999999 money 0.0e+00 a_end [0.0, 0.0]
  tpy  52 ('tail.services', '0.11')          a* [0.007031052173720907, 0.0] 3 ticks: gap 2.22e-16; 2,000 ticks: gap 2.22e-16 state 2.18e-16 fill 1.000000000000000 money 2.2e-16 a_end [0.007031052173720907, 0.0]
  tpy  52 ('tail.services', '0.09')          a* [0.0, 0.0] 3 ticks: gap 3.33e-16; 2,000 ticks: gap 3.33e-16 state 2.53e-16 fill 1.000000000000000 money 1.1e-16 a_end [0.0, 0.0]
  tpy  52 ('tail.services', '0.2')           a* [0.2860879343123933, 0.04967163795419959] 3 ticks: gap 4.44e-16; 2,000 ticks: gap 4.44e-16 state 2.53e-16 fill 0.999999999999999 money 0.0e+00 a_end [0.2860879343123933, 0.04967163795419959]
  tpy  52 ('tail.services', '0.05')          a* [0.0, 0.0] 3 ticks: gap 1.11e-16; 2,000 ticks: gap 1.11e-16 state 2.10e-16 fill 1.000000000000000 money 0.0e+00 a_end [0.0, 0.0]
  tpy  52 ('res.services.trained', '0.044')  a* [0.0, 0.0] 3 ticks: gap 3.33e-16; 2,000 ticks: gap 3.33e-16 state 2.18e-16 fill 1.000000000000000 money 2.2e-16 a_end [0.0, 0.0]
  tpy  52 ('res.services.trained', '0.036')  a* [0.035671256071013464, 0.0] 3 ticks: gap 3.33e-16; 2,000 ticks: gap 3.33e-16 state 2.53e-16 fill 0.999999999999999 money 1.1e-16 a_end [0.035671256071013464, 0.0]
  tpy  52 ('res.services.trained', '0.08')   a* [0.0, 0.0] 3 ticks: gap 3.33e-16; 2,000 ticks: gap 3.33e-16 state 2.53e-16 fill 1.000000000000000 money 0.0e+00 a_end [0.0, 0.0]
  tpy  52 ('res.services.trained', '0.02')   a* [0.39142810838832914, 0.0] 3 ticks: gap 3.33e-16; 2,000 ticks: gap 3.33e-16 state 2.53e-16 fill 0.999999999999999 money 0.0e+00 a_end [0.39142810838832914, 0.0]
  tpy  12 None                               a* [0.0, 0.0] 3 ticks: gap 3.33e-16; 2,000 ticks: gap 1.55e-15 state 1.44e-15 fill 0.999999999999999 money 0.0e+00 a_end [0.0, 0.0]
  tpy  12 ('land.mach', '0.44')              a* [0.0, 0.0] 3 ticks: gap 2.22e-16; 2,000 ticks: gap 2.22e-16 state 1.74e-16 fill 1.000000000000000 money 0.0e+00 a_end [0.0, 0.0]
  tpy  12 ('land.mach', '0.36')              a* [0.0, 0.0] 3 ticks: gap 2.22e-16; 2,000 ticks: gap 2.22e-16 state 2.22e-16 fill 0.999999999999999 money 3.1e-16 a_end [0.0, 0.0]
  tpy  12 ('land.mach', '0.8')               a* [0.0, 0.0] 3 ticks: gap 2.22e-16; 2,000 ticks: gap 2.22e-16 state 2.22e-16 fill 1.000000000000000 money 0.0e+00 a_end [0.0, 0.0]
  tpy  12 ('land.mach', '0.2')               a* [0.0, 0.0] 3 ticks: gap 2.22e-16; 2,000 ticks: gap 2.22e-16 state 1.39e-16 fill 1.000000000000000 money 0.0e+00 a_end [0.0, 0.0]
  tpy  12 ('tail.services', '0.11')          a* [0.007031052173720617, 0.0] 3 ticks: gap 5.55e-16; 2,000 ticks: gap 1.33e-15 state 1.33e-15 fill 0.999999999999999 money 4.5e-16 a_end [0.0070310521737207395, 0.0]
  tpy  12 ('tail.services', '0.09')          a* [0.0, 0.0] 3 ticks: gap 4.44e-16; 2,000 ticks: gap 4.44e-16 state 2.22e-16 fill 0.999999999999999 money 1.6e-16 a_end [0.0, 0.0]
  tpy  12 ('tail.services', '0.2')           a* [0.28608793431239327, 0.04967163795419961] 3 ticks: gap 6.66e-16; 2,000 ticks: gap 4.22e-15 state 3.49e-15 fill 0.999999999999998 money 6.8e-16 a_end [0.28608793431239354, 0.04967163795419986]
  tpy  12 ('tail.services', '0.05')          a* [0.0, 0.0] 3 ticks: gap 2.22e-16; 2,000 ticks: gap 2.22e-16 state 2.12e-16 fill 1.000000000000000 money 0.0e+00 a_end [0.0, 0.0]
  tpy  12 ('res.services.trained', '0.044')  a* [0.0, 0.0] 3 ticks: gap 4.44e-16; 2,000 ticks: gap 6.66e-16 state 4.44e-16 fill 1.000000000000000 money 1.5e-16 a_end [0.0, 0.0]
  tpy  12 ('res.services.trained', '0.036')  a* [0.03567125607101342, 0.0] 3 ticks: gap 2.22e-16; 2,000 ticks: gap 2.22e-16 state 1.30e-16 fill 1.000000000000000 money 0.0e+00 a_end [0.03567125607101342, 0.0]
  tpy  12 ('res.services.trained', '0.08')   a* [0.0, 0.0] 3 ticks: gap 4.44e-16; 2,000 ticks: gap 1.33e-15 state 1.28e-15 fill 0.999999999999999 money 2.3e-16 a_end [0.0, 0.0]
  tpy  12 ('res.services.trained', '0.02')   a* [0.3914281083883293, 0.0] 3 ticks: gap 4.44e-16; 2,000 ticks: gap 1.55e-15 state 1.44e-15 fill 0.999999999999998 money 4.9e-16 a_end [0.39142810838832925, 0.0]
  tpy 365 None                               a* [0.0, 0.0] 3 ticks: gap 4.44e-16; 2,000 ticks: gap 4.44e-16 state 4.16e-16 fill 0.999999999999999 money 1.2e-16 a_end [0.0, 0.0]
  tpy 365 ('land.mach', '0.44')              a* [0.0, 0.0] 3 ticks: gap 0.00e+00; 2,000 ticks: gap 0.00e+00 state 0.00e+00 fill 1.000000000000000 money 0.0e+00 a_end [0.0, 0.0]
  tpy 365 ('land.mach', '0.36')              a* [0.0, 0.0] 3 ticks: gap 5.55e-16; 2,000 ticks: gap 7.77e-16 state 7.91e-16 fill 0.999999999999999 money 2.5e-16 a_end [0.0, 0.0]
  tpy 365 ('land.mach', '0.8')               a* [0.0, 0.0] 3 ticks: gap 2.22e-16; 2,000 ticks: gap 3.33e-16 state 2.92e-16 fill 1.000000000000000 money 2.1e-16 a_end [0.0, 0.0]
  tpy 365 ('land.mach', '0.2')               a* [0.0, 0.0] 3 ticks: gap 2.22e-16; 2,000 ticks: gap 3.33e-16 state 1.25e-16 fill 1.000000000000000 money 2.8e-16 a_end [0.0, 0.0]
  tpy 365 ('tail.services', '0.11')          a* [0.0070310521737207005, 0.0] 3 ticks: gap 0.00e+00; 2,000 ticks: gap 9.99e-16 state 1.71e-15 fill 0.999999999999998 money 1.2e-16 a_end [0.0070310521737207005, 0.0]
  tpy 365 ('tail.services', '0.09')          a* [0.0, 0.0] 3 ticks: gap 0.00e+00; 2,000 ticks: gap 0.00e+00 state 0.00e+00 fill 1.000000000000000 money 0.0e+00 a_end [0.0, 0.0]
  tpy 365 ('tail.services', '0.2')           a* [0.28608793431239327, 0.04967163795419969] 3 ticks: gap 2.22e-16; 2,000 ticks: gap 4.44e-16 state 5.71e-16 fill 1.000000000000000 money 1.8e-16 a_end [0.28608793431239327, 0.04967163795419969]
  tpy 365 ('tail.services', '0.05')          a* [0.0, 0.0] 3 ticks: gap 4.44e-16; 2,000 ticks: gap 9.99e-16 state 6.87e-16 fill 0.999999999999999 money 2.7e-16 a_end [0.0, 0.0]
  tpy 365 ('res.services.trained', '0.044')  a* [0.0, 0.0] 3 ticks: gap 4.44e-16; 2,000 ticks: gap 1.22e-15 state 1.22e-15 fill 0.999999999999998 money 4.8e-16 a_end [0.0, 0.0]
  tpy 365 ('res.services.trained', '0.036')  a* [0.03567125607101358, 0.0] 3 ticks: gap 0.00e+00; 2,000 ticks: gap 4.44e-16 state 8.78e-16 fill 0.999999999999999 money 1.2e-16 a_end [0.03567125607101358, 0.0]
  tpy 365 ('res.services.trained', '0.08')   a* [0.0, 0.0] 3 ticks: gap 4.44e-16; 2,000 ticks: gap 1.22e-15 state 1.22e-15 fill 0.999999999999998 money 3.7e-16 a_end [0.0, 0.0]
  tpy 365 ('res.services.trained', '0.02')   a* [0.3914281083883292, 0.0] 3 ticks: gap 2.22e-16; 2,000 ticks: gap 2.22e-16 state 2.72e-16 fill 1.000000000000000 money 0.0e+00 a_end [0.3914281083883292, 0.0]
  largest gap at 3 ticks 6.66e-16; over 2,000 ticks 4.22e-15; state drift 3.49e-15; worst fill 0.999999999999998; money drift 6.8e-16
is1 rule {'rule': 'rep', 'part': 'avg', 'rate': 26.0}
  tpy  52 None                               a* [0.0, 0.0] 3 ticks: gap 3.33e-16; 2,000 ticks: gap 3.33e-16 state 2.53e-16 fill 1.000000000000000 money 0.0e+00 a_end [0.0, 0.0]
  tpy  52 ('land.mach', '0.44')              a* [0.0, 0.0] 3 ticks: gap 1.11e-16; 2,000 ticks: gap 1.11e-16 state 0.00e+00 fill 1.000000000000000 money 0.0e+00 a_end [0.0, 0.0]
  tpy  52 ('land.mach', '0.36')              a* [0.0, 0.0] 3 ticks: gap 2.22e-16; 2,000 ticks: gap 2.22e-16 state 0.00e+00 fill 1.000000000000000 money 0.0e+00 a_end [0.0, 0.0]
  tpy  52 ('land.mach', '0.8')               a* [0.0, 0.0] 3 ticks: gap 2.22e-16; 2,000 ticks: gap 2.22e-16 state 1.21e-16 fill 0.999999999999999 money 0.0e+00 a_end [0.0, 0.0]
  tpy  52 ('land.mach', '0.2')               a* [0.0, 0.0] 3 ticks: gap 2.22e-16; 2,000 ticks: gap 2.22e-16 state 1.18e-16 fill 0.999999999999999 money 0.0e+00 a_end [0.0, 0.0]
  tpy  52 ('tail.services', '0.11')          a* [0.007031052173720907, 0.0] 3 ticks: gap 2.22e-16; 2,000 ticks: gap 2.22e-16 state 2.18e-16 fill 1.000000000000000 money 2.2e-16 a_end [0.007031052173720907, 0.0]
  tpy  52 ('tail.services', '0.09')          a* [0.0, 0.0] 3 ticks: gap 3.33e-16; 2,000 ticks: gap 3.33e-16 state 2.53e-16 fill 1.000000000000000 money 1.1e-16 a_end [0.0, 0.0]
  tpy  52 ('tail.services', '0.2')           a* [0.2860879343123933, 0.04967163795419959] 3 ticks: gap 4.44e-16; 2,000 ticks: gap 4.44e-16 state 2.53e-16 fill 0.999999999999999 money 0.0e+00 a_end [0.2860879343123933, 0.04967163795419959]
  tpy  52 ('tail.services', '0.05')          a* [0.0, 0.0] 3 ticks: gap 1.11e-16; 2,000 ticks: gap 1.11e-16 state 2.10e-16 fill 1.000000000000000 money 0.0e+00 a_end [0.0, 0.0]
  tpy  52 ('res.services.trained', '0.044')  a* [0.0, 0.0] 3 ticks: gap 3.33e-16; 2,000 ticks: gap 3.33e-16 state 2.18e-16 fill 1.000000000000000 money 2.2e-16 a_end [0.0, 0.0]
  tpy  52 ('res.services.trained', '0.036')  a* [0.035671256071013464, 0.0] 3 ticks: gap 3.33e-16; 2,000 ticks: gap 3.33e-16 state 2.53e-16 fill 0.999999999999999 money 1.1e-16 a_end [0.035671256071013464, 0.0]
  tpy  52 ('res.services.trained', '0.08')   a* [0.0, 0.0] 3 ticks: gap 3.33e-16; 2,000 ticks: gap 3.33e-16 state 2.53e-16 fill 1.000000000000000 money 0.0e+00 a_end [0.0, 0.0]
  tpy  52 ('res.services.trained', '0.02')   a* [0.39142810838832914, 0.0] 3 ticks: gap 3.33e-16; 2,000 ticks: gap 3.33e-16 state 2.53e-16 fill 0.999999999999999 money 0.0e+00 a_end [0.39142810838832914, 0.0]
  tpy  12 None                               a* [0.0, 0.0] 3 ticks: gap 3.33e-16; 2,000 ticks: gap 1.55e-15 state 1.44e-15 fill 0.999999999999999 money 0.0e+00 a_end [0.0, 0.0]
  tpy  12 ('land.mach', '0.44')              a* [0.0, 0.0] 3 ticks: gap 2.22e-16; 2,000 ticks: gap 2.22e-16 state 1.74e-16 fill 1.000000000000000 money 0.0e+00 a_end [0.0, 0.0]
  tpy  12 ('land.mach', '0.36')              a* [0.0, 0.0] 3 ticks: gap 2.22e-16; 2,000 ticks: gap 2.22e-16 state 2.22e-16 fill 0.999999999999999 money 3.1e-16 a_end [0.0, 0.0]
  tpy  12 ('land.mach', '0.8')               a* [0.0, 0.0] 3 ticks: gap 2.22e-16; 2,000 ticks: gap 2.22e-16 state 2.22e-16 fill 1.000000000000000 money 0.0e+00 a_end [0.0, 0.0]
  tpy  12 ('land.mach', '0.2')               a* [0.0, 0.0] 3 ticks: gap 2.22e-16; 2,000 ticks: gap 2.22e-16 state 1.39e-16 fill 1.000000000000000 money 0.0e+00 a_end [0.0, 0.0]
  tpy  12 ('tail.services', '0.11')          a* [0.007031052173720617, 0.0] 3 ticks: gap 4.44e-16; 2,000 ticks: gap 8.88e-16 state 9.99e-16 fill 0.999999999999999 money 4.5e-16 a_end [0.007031052173720742, 0.0]
  tpy  12 ('tail.services', '0.09')          a* [0.0, 0.0] 3 ticks: gap 4.44e-16; 2,000 ticks: gap 4.44e-16 state 2.22e-16 fill 0.999999999999999 money 1.6e-16 a_end [0.0, 0.0]
  tpy  12 ('tail.services', '0.2')           a* [0.28608793431239327, 0.04967163795419961] 3 ticks: gap 6.66e-16; 2,000 ticks: gap 1.78e-15 state 1.67e-15 fill 0.999999999999998 money 5.7e-16 a_end [0.28608793431239316, 0.04967163795419964]
  tpy  12 ('tail.services', '0.05')          a* [0.0, 0.0] 3 ticks: gap 2.22e-16; 2,000 ticks: gap 2.22e-16 state 2.12e-16 fill 1.000000000000000 money 0.0e+00 a_end [0.0, 0.0]
  tpy  12 ('res.services.trained', '0.044')  a* [0.0, 0.0] 3 ticks: gap 4.44e-16; 2,000 ticks: gap 6.66e-16 state 4.44e-16 fill 1.000000000000000 money 1.5e-16 a_end [0.0, 0.0]
  tpy  12 ('res.services.trained', '0.036')  a* [0.03567125607101342, 0.0] 3 ticks: gap 2.22e-16; 2,000 ticks: gap 2.22e-16 state 1.30e-16 fill 1.000000000000000 money 0.0e+00 a_end [0.03567125607101342, 0.0]
  tpy  12 ('res.services.trained', '0.08')   a* [0.0, 0.0] 3 ticks: gap 4.44e-16; 2,000 ticks: gap 1.33e-15 state 1.28e-15 fill 0.999999999999999 money 2.3e-16 a_end [0.0, 0.0]
  tpy  12 ('res.services.trained', '0.02')   a* [0.3914281083883293, 0.0] 3 ticks: gap 4.44e-16; 2,000 ticks: gap 1.11e-15 state 9.99e-16 fill 0.999999999999999 money 3.2e-16 a_end [0.39142810838832925, 0.0]
  tpy 365 None                               a* [0.0, 0.0] 3 ticks: gap 4.44e-16; 2,000 ticks: gap 4.44e-16 state 4.16e-16 fill 0.999999999999999 money 1.2e-16 a_end [0.0, 0.0]
  tpy 365 ('land.mach', '0.44')              a* [0.0, 0.0] 3 ticks: gap 0.00e+00; 2,000 ticks: gap 0.00e+00 state 0.00e+00 fill 1.000000000000000 money 0.0e+00 a_end [0.0, 0.0]
  tpy 365 ('land.mach', '0.36')              a* [0.0, 0.0] 3 ticks: gap 5.55e-16; 2,000 ticks: gap 7.77e-16 state 7.91e-16 fill 0.999999999999999 money 2.5e-16 a_end [0.0, 0.0]
  tpy 365 ('land.mach', '0.8')               a* [0.0, 0.0] 3 ticks: gap 2.22e-16; 2,000 ticks: gap 3.33e-16 state 2.92e-16 fill 1.000000000000000 money 2.1e-16 a_end [0.0, 0.0]
  tpy 365 ('land.mach', '0.2')               a* [0.0, 0.0] 3 ticks: gap 2.22e-16; 2,000 ticks: gap 3.33e-16 state 1.25e-16 fill 1.000000000000000 money 2.8e-16 a_end [0.0, 0.0]
  tpy 365 ('tail.services', '0.11')          a* [0.0070310521737207005, 0.0] 3 ticks: gap 0.00e+00; 2,000 ticks: gap 9.99e-16 state 1.71e-15 fill 0.999999999999998 money 1.2e-16 a_end [0.0070310521737207005, 0.0]
  tpy 365 ('tail.services', '0.09')          a* [0.0, 0.0] 3 ticks: gap 0.00e+00; 2,000 ticks: gap 0.00e+00 state 0.00e+00 fill 1.000000000000000 money 0.0e+00 a_end [0.0, 0.0]
  tpy 365 ('tail.services', '0.2')           a* [0.28608793431239327, 0.04967163795419969] 3 ticks: gap 2.22e-16; 2,000 ticks: gap 4.44e-16 state 5.71e-16 fill 1.000000000000000 money 1.8e-16 a_end [0.28608793431239327, 0.04967163795419969]
  tpy 365 ('tail.services', '0.05')          a* [0.0, 0.0] 3 ticks: gap 4.44e-16; 2,000 ticks: gap 9.99e-16 state 6.87e-16 fill 0.999999999999999 money 2.7e-16 a_end [0.0, 0.0]
  tpy 365 ('res.services.trained', '0.044')  a* [0.0, 0.0] 3 ticks: gap 4.44e-16; 2,000 ticks: gap 1.22e-15 state 1.22e-15 fill 0.999999999999998 money 4.8e-16 a_end [0.0, 0.0]
  tpy 365 ('res.services.trained', '0.036')  a* [0.03567125607101358, 0.0] 3 ticks: gap 0.00e+00; 2,000 ticks: gap 4.44e-16 state 8.78e-16 fill 0.999999999999999 money 1.2e-16 a_end [0.03567125607101358, 0.0]
  tpy 365 ('res.services.trained', '0.08')   a* [0.0, 0.0] 3 ticks: gap 4.44e-16; 2,000 ticks: gap 1.22e-15 state 1.22e-15 fill 0.999999999999998 money 3.7e-16 a_end [0.0, 0.0]
  tpy 365 ('res.services.trained', '0.02')   a* [0.3914281083883292, 0.0] 3 ticks: gap 2.22e-16; 2,000 ticks: gap 2.22e-16 state 2.72e-16 fill 1.000000000000000 money 0.0e+00 a_end [0.3914281083883292, 0.0]
  largest gap at 3 ticks 6.66e-16; over 2,000 ticks 1.78e-15; state drift 1.71e-15; worst fill 0.999999999999998; money drift 5.7e-16
is1 rule {'rule': 'step', 'part': 'avg', 'rate': 0.0}
  tpy  52 None                               a* [0.0, 0.0] 3 ticks: gap 3.33e-16; 2,000 ticks: gap 3.33e-16 state 2.53e-16 fill 1.000000000000000 money 0.0e+00 a_end [0.0, 0.0]
  tpy  52 ('land.mach', '0.44')              a* [0.0, 0.0] 3 ticks: gap 1.11e-16; 2,000 ticks: gap 1.11e-16 state 0.00e+00 fill 1.000000000000000 money 0.0e+00 a_end [0.0, 0.0]
  tpy  52 ('land.mach', '0.36')              a* [0.0, 0.0] 3 ticks: gap 2.22e-16; 2,000 ticks: gap 2.22e-16 state 0.00e+00 fill 1.000000000000000 money 0.0e+00 a_end [0.0, 0.0]
  tpy  52 ('land.mach', '0.8')               a* [0.0, 0.0] 3 ticks: gap 2.22e-16; 2,000 ticks: gap 2.22e-16 state 1.21e-16 fill 0.999999999999999 money 0.0e+00 a_end [0.0, 0.0]
  tpy  52 ('land.mach', '0.2')               a* [0.0, 0.0] 3 ticks: gap 2.22e-16; 2,000 ticks: gap 2.22e-16 state 1.18e-16 fill 0.999999999999999 money 0.0e+00 a_end [0.0, 0.0]
  tpy  52 ('tail.services', '0.11')          a* [0.007031052173720907, 0.0] 3 ticks: gap 2.22e-16; 2,000 ticks: gap 2.22e-16 state 2.18e-16 fill 1.000000000000000 money 2.2e-16 a_end [0.007031052173720907, 0.0]
  tpy  52 ('tail.services', '0.09')          a* [0.0, 0.0] 3 ticks: gap 3.33e-16; 2,000 ticks: gap 3.33e-16 state 2.53e-16 fill 1.000000000000000 money 1.1e-16 a_end [0.0, 0.0]
  tpy  52 ('tail.services', '0.2')           a* [0.2860879343123933, 0.04967163795419959] 3 ticks: gap 4.44e-16; 2,000 ticks: gap 4.44e-16 state 2.53e-16 fill 0.999999999999999 money 0.0e+00 a_end [0.2860879343123933, 0.04967163795419959]
  tpy  52 ('tail.services', '0.05')          a* [0.0, 0.0] 3 ticks: gap 1.11e-16; 2,000 ticks: gap 1.11e-16 state 2.10e-16 fill 1.000000000000000 money 0.0e+00 a_end [0.0, 0.0]
  tpy  52 ('res.services.trained', '0.044')  a* [0.0, 0.0] 3 ticks: gap 3.33e-16; 2,000 ticks: gap 3.33e-16 state 2.18e-16 fill 1.000000000000000 money 2.2e-16 a_end [0.0, 0.0]
  tpy  52 ('res.services.trained', '0.036')  a* [0.035671256071013464, 0.0] 3 ticks: gap 3.33e-16; 2,000 ticks: gap 3.33e-16 state 2.53e-16 fill 0.999999999999999 money 1.1e-16 a_end [0.035671256071013464, 0.0]
  tpy  52 ('res.services.trained', '0.08')   a* [0.0, 0.0] 3 ticks: gap 3.33e-16; 2,000 ticks: gap 3.33e-16 state 2.53e-16 fill 1.000000000000000 money 0.0e+00 a_end [0.0, 0.0]
  tpy  52 ('res.services.trained', '0.02')   a* [0.39142810838832914, 0.0] 3 ticks: gap 3.33e-16; 2,000 ticks: gap 3.33e-16 state 2.53e-16 fill 0.999999999999999 money 0.0e+00 a_end [0.39142810838832914, 0.0]
  tpy  12 None                               a* [0.0, 0.0] 3 ticks: gap 3.33e-16; 2,000 ticks: gap 1.55e-15 state 1.44e-15 fill 0.999999999999999 money 0.0e+00 a_end [0.0, 0.0]
  tpy  12 ('land.mach', '0.44')              a* [0.0, 0.0] 3 ticks: gap 2.22e-16; 2,000 ticks: gap 2.22e-16 state 1.74e-16 fill 1.000000000000000 money 0.0e+00 a_end [0.0, 0.0]
  tpy  12 ('land.mach', '0.36')              a* [0.0, 0.0] 3 ticks: gap 2.22e-16; 2,000 ticks: gap 2.22e-16 state 2.22e-16 fill 0.999999999999999 money 3.1e-16 a_end [0.0, 0.0]
  tpy  12 ('land.mach', '0.8')               a* [0.0, 0.0] 3 ticks: gap 2.22e-16; 2,000 ticks: gap 2.22e-16 state 2.22e-16 fill 1.000000000000000 money 0.0e+00 a_end [0.0, 0.0]
  tpy  12 ('land.mach', '0.2')               a* [0.0, 0.0] 3 ticks: gap 2.22e-16; 2,000 ticks: gap 2.22e-16 state 1.39e-16 fill 1.000000000000000 money 0.0e+00 a_end [0.0, 0.0]
  tpy  12 ('tail.services', '0.11')          a* [0.007031052173720617, 0.0] 3 ticks: gap inf; 2,000 ticks: gap inf state inf fill 0.000000000000000 money inf a_end breaks at tick 2
  tpy  12 ('tail.services', '0.09')          a* [0.0, 0.0] 3 ticks: gap 4.44e-16; 2,000 ticks: gap 4.44e-16 state 2.22e-16 fill 0.999999999999999 money 1.6e-16 a_end [0.0, 0.0]
  tpy  12 ('tail.services', '0.2')           a* [0.28608793431239327, 0.04967163795419961] 3 ticks: gap 6.66e-16; 2,000 ticks: gap inf state inf fill 0.000000000000000 money inf a_end breaks at tick 3
  tpy  12 ('tail.services', '0.05')          a* [0.0, 0.0] 3 ticks: gap 2.22e-16; 2,000 ticks: gap 2.22e-16 state 2.12e-16 fill 1.000000000000000 money 0.0e+00 a_end [0.0, 0.0]
  tpy  12 ('res.services.trained', '0.044')  a* [0.0, 0.0] 3 ticks: gap 4.44e-16; 2,000 ticks: gap 6.66e-16 state 4.44e-16 fill 1.000000000000000 money 1.5e-16 a_end [0.0, 0.0]
  tpy  12 ('res.services.trained', '0.036')  a* [0.03567125607101342, 0.0] 3 ticks: gap 2.22e-16; 2,000 ticks: gap 2.22e-16 state 1.30e-16 fill 1.000000000000000 money 0.0e+00 a_end [0.03567125607101342, 0.0]
  tpy  12 ('res.services.trained', '0.08')   a* [0.0, 0.0] 3 ticks: gap 4.44e-16; 2,000 ticks: gap 1.33e-15 state 1.28e-15 fill 0.999999999999999 money 2.3e-16 a_end [0.0, 0.0]
  tpy  12 ('res.services.trained', '0.02')   a* [0.3914281083883293, 0.0] 3 ticks: gap inf; 2,000 ticks: gap inf state inf fill 0.000000000000000 money inf a_end breaks at tick 2
  tpy 365 None                               a* [0.0, 0.0] 3 ticks: gap 4.44e-16; 2,000 ticks: gap 4.44e-16 state 4.16e-16 fill 0.999999999999999 money 1.2e-16 a_end [0.0, 0.0]
  tpy 365 ('land.mach', '0.44')              a* [0.0, 0.0] 3 ticks: gap 0.00e+00; 2,000 ticks: gap 0.00e+00 state 0.00e+00 fill 1.000000000000000 money 0.0e+00 a_end [0.0, 0.0]
  tpy 365 ('land.mach', '0.36')              a* [0.0, 0.0] 3 ticks: gap 5.55e-16; 2,000 ticks: gap 7.77e-16 state 7.91e-16 fill 0.999999999999999 money 2.5e-16 a_end [0.0, 0.0]
  tpy 365 ('land.mach', '0.8')               a* [0.0, 0.0] 3 ticks: gap 2.22e-16; 2,000 ticks: gap 3.33e-16 state 2.92e-16 fill 1.000000000000000 money 2.1e-16 a_end [0.0, 0.0]
  tpy 365 ('land.mach', '0.2')               a* [0.0, 0.0] 3 ticks: gap 2.22e-16; 2,000 ticks: gap 3.33e-16 state 1.25e-16 fill 1.000000000000000 money 2.8e-16 a_end [0.0, 0.0]
  tpy 365 ('tail.services', '0.11')          a* [0.0070310521737207005, 0.0] 3 ticks: gap 0.00e+00; 2,000 ticks: gap 9.99e-16 state 1.71e-15 fill 0.999999999999998 money 1.2e-16 a_end [0.0070310521737207005, 0.0]
  tpy 365 ('tail.services', '0.09')          a* [0.0, 0.0] 3 ticks: gap 0.00e+00; 2,000 ticks: gap 0.00e+00 state 0.00e+00 fill 1.000000000000000 money 0.0e+00 a_end [0.0, 0.0]
  tpy 365 ('tail.services', '0.2')           a* [0.28608793431239327, 0.04967163795419969] 3 ticks: gap 2.22e-16; 2,000 ticks: gap 4.44e-16 state 5.71e-16 fill 1.000000000000000 money 1.8e-16 a_end [0.28608793431239327, 0.04967163795419969]
  tpy 365 ('tail.services', '0.05')          a* [0.0, 0.0] 3 ticks: gap 4.44e-16; 2,000 ticks: gap 9.99e-16 state 6.87e-16 fill 0.999999999999999 money 2.7e-16 a_end [0.0, 0.0]
  tpy 365 ('res.services.trained', '0.044')  a* [0.0, 0.0] 3 ticks: gap 4.44e-16; 2,000 ticks: gap 1.22e-15 state 1.22e-15 fill 0.999999999999998 money 4.8e-16 a_end [0.0, 0.0]
  tpy 365 ('res.services.trained', '0.036')  a* [0.03567125607101358, 0.0] 3 ticks: gap 0.00e+00; 2,000 ticks: gap 4.44e-16 state 8.78e-16 fill 0.999999999999999 money 1.2e-16 a_end [0.03567125607101358, 0.0]
  tpy 365 ('res.services.trained', '0.08')   a* [0.0, 0.0] 3 ticks: gap 4.44e-16; 2,000 ticks: gap 1.22e-15 state 1.22e-15 fill 0.999999999999998 money 3.7e-16 a_end [0.0, 0.0]
  tpy 365 ('res.services.trained', '0.02')   a* [0.3914281083883292, 0.0] 3 ticks: gap 2.22e-16; 2,000 ticks: gap 2.22e-16 state 2.72e-16 fill 1.000000000000000 money 0.0e+00 a_end [0.3914281083883292, 0.0]
  largest gap at 3 ticks inf; over 2,000 ticks inf; state drift inf; worst fill 0.000000000000000; money drift inf
is1 rule {'rule': 'logit', 'part': 'avg', 'rate': 0.0, 'slope': 50.0}
  tpy  52 None                               a* [0.0, 0.0] 3 ticks: gap 2.61e-02; 2,000 ticks: gap 2.61e-02 state 2.45e-02 fill 0.974205900576044 money 2.6e-15 a_end [0.009619913366679809, 4.754662897637964e-11]
  tpy  52 ('land.mach', '0.44')              a* [0.0, 0.0] 3 ticks: gap 2.96e-02; 2,000 ticks: gap 2.96e-02 state 2.77e-02 fill 0.970858173123976 money 3.2e-15 a_end [0.010281135922708415, 6.591054566932217e-11]
  tpy  52 ('land.mach', '0.36')              a* [0.0, 0.0] 3 ticks: gap 2.29e-02; 2,000 ticks: gap 2.29e-02 state 2.15e-02 fill 0.977320142812224 money 2.7e-15 a_end [0.008952806943220754, 3.3706208507095863e-11]
  tpy  52 ('land.mach', '0.8')               a* [0.0, 0.0] 3 ticks: gap 7.15e-02; 2,000 ticks: gap 7.15e-02 state 6.65e-02 fill 0.930968255381269 money 1.3e-15 a_end [0.01579210891004335, 6.790977470830219e-10]
  tpy  52 ('land.mach', '0.2')               a* [0.0, 0.0] 3 ticks: gap 1.26e-02; 2,000 ticks: gap 1.26e-02 state 1.18e-02 fill 0.987450458715544 money 6.9e-15 a_end [0.006271827427595334, 6.93086294873693e-12]
  tpy  52 ('tail.services', '0.11')          a* [0.007031052173720907, 0.0] 3 ticks: gap 6.86e-01; 2,000 ticks: gap 6.86e-01 state 4.93e-01 fill 0.503540418957266 money 4.3e-16 a_end [0.03918538287653479, 1.6670076093244345e-09]
  tpy  52 ('tail.services', '0.09')          a* [0.0, 0.0] 3 ticks: gap 2.82e-04; 2,000 ticks: gap 4.94e-04 state 4.62e-04 fill 0.999717637327086 money 1.9e-15 a_end [0.0002471072649034966, 6.177333375815882e-13]
  tpy  52 ('tail.services', '0.2')           a* [0.2860879343123933, 0.04967163795419959] 3 ticks: gap 6.42e-01; 2,000 ticks: gap 6.42e-01 state 4.50e-01 fill 0.526133934299967 money 2.4e-15 a_end [0.2875164335999666, 0.07210424876428417]
  tpy  52 ('tail.services', '0.05')          a* [0.0, 0.0] 3 ticks: gap 8.87e-14; 2,000 ticks: gap 1.58e-13 state 1.47e-13 fill 0.999999999999911 money 8.4e-16 a_end [6.593682091580316e-14, 1.6178142160063246e-22]
  tpy  52 ('res.services.trained', '0.044')  a* [0.0, 0.0] 3 ticks: gap 4.42e-05; 2,000 ticks: gap 7.83e-05 state 7.30e-05 fill 0.999955786279372 money 8.7e-16 a_end [3.884392875591632e-05, 6.161600470267866e-11]
  tpy  52 ('res.services.trained', '0.036')  a* [0.035671256071013464, 0.0] 3 ticks: gap 6.57e-01; 2,000 ticks: gap 6.57e-01 state 4.64e-01 fill 0.518495381526054 money 3.7e-15 a_end [0.06211720156502267, 1.2306207001597315e-11]
  tpy  52 ('res.services.trained', '0.08')   a* [0.0, 0.0] 3 ticks: gap 7.68e-11; 2,000 ticks: gap 1.48e-10 state 1.30e-10 fill 0.999999999923205 money 4.9e-16 a_end [4.522115848465092e-25, 6.168649545539764e-11]
  tpy  52 ('res.services.trained', '0.02')   a* [0.39142810838832914, 0.0] 3 ticks: gap 2.69e-01; 2,000 ticks: gap 4.74e-01 state 2.35e-01 fill 0.694884008772765 money 7.0e-16 a_end [0.20663737710251098, 3.904224283705857e-11]
  tpy  12 None                               a* [0.0, 0.0] 3 ticks: gap 2.61e-02; 2,000 ticks: gap 2.61e-02 state 2.45e-02 fill 0.974205900576045 money 4.6e-16 a_end [0.009619913366682305, 4.7546628976410714e-11]
  tpy  12 ('land.mach', '0.44')              a* [0.0, 0.0] 3 ticks: gap 2.96e-02; 2,000 ticks: gap 2.96e-02 state 2.77e-02 fill 0.970858173123976 money 7.5e-16 a_end [0.010281135922709654, 6.591054566934325e-11]
  tpy  12 ('land.mach', '0.36')              a* [0.0, 0.0] 3 ticks: gap 2.29e-02; 2,000 ticks: gap 2.29e-02 state 2.15e-02 fill 0.977320142812224 money 2.2e-15 a_end [0.008952806943224442, 3.3706208507127e-11]
  tpy  12 ('land.mach', '0.8')               a* [0.0, 0.0] 3 ticks: gap 7.15e-02; 2,000 ticks: gap 7.15e-02 state 6.65e-02 fill 0.930968255381269 money 1.4e-15 a_end [0.015792108910042603, 6.790977470829856e-10]
  tpy  12 ('land.mach', '0.2')               a* [0.0, 0.0] 3 ticks: gap 1.26e-02; 2,000 ticks: gap 1.34e-02 state 1.24e-02 fill 0.987450458715544 money 2.7e-15 a_end [0.006271827427587406, 6.930862948746632e-12]
  tpy  12 ('tail.services', '0.11')          a* [0.007031052173720617, 0.0] 3 ticks: gap 6.86e-01; 2,000 ticks: gap 6.86e-01 state 4.93e-01 fill 0.503540418957266 money 4.5e-16 a_end [0.039185382876529666, 1.6670076093271294e-09]
  tpy  12 ('tail.services', '0.09')          a* [0.0, 0.0] 3 ticks: gap 2.82e-04; 2,000 ticks: gap 5.34e-04 state 4.93e-04 fill 0.999717637327086 money 7.8e-16 a_end [0.00024710726490349177, 6.177333375815729e-13]
  tpy  12 ('tail.services', '0.2')           a* [0.28608793431239327, 0.04967163795419961] 3 ticks: gap 1.04e+00; 2,000 ticks: gap 1.41e+01 state 4.02e+00 fill 0.000001477771529 money 6.8e-16 a_end [0.14952009328601698, 0.999548204879915]
  tpy  12 ('tail.services', '0.05')          a* [0.0, 0.0] 3 ticks: gap 8.83e-14; 2,000 ticks: gap 1.75e-13 state 1.61e-13 fill 0.999999999999912 money 1.5e-15 a_end [6.593682091580363e-14, 1.6178142160063477e-22]
  tpy  12 ('res.services.trained', '0.044')  a* [0.0, 0.0] 3 ticks: gap 4.42e-05; 2,000 ticks: gap 8.47e-05 state 7.81e-05 fill 0.999955786279372 money 2.3e-15 a_end [3.884392875591335e-05, 6.161600470267471e-11]
  tpy  12 ('res.services.trained', '0.036')  a* [0.03567125607101342, 0.0] 3 ticks: gap 6.57e-01; 2,000 ticks: gap 6.57e-01 state 4.64e-01 fill 0.518495381526054 money 2.3e-15 a_end [0.10698865049703764, 6.908876556548341e-12]
  tpy  12 ('res.services.trained', '0.08')   a* [0.0, 0.0] 3 ticks: gap 7.68e-11; 2,000 ticks: gap 1.69e-10 state 1.48e-10 fill 0.999999999923205 money 0.0e+00 a_end [4.522115848465799e-25, 6.168649545539764e-11]
  tpy  12 ('res.services.trained', '0.02')   a* [0.3914281083883293, 0.0] 3 ticks: gap 7.18e+00; 2,000 ticks: gap 1.04e+01 state 2.98e+00 fill 0.000035355927049 money 1.8e-15 a_end [9.930910607712674e-08, 1.196529437733477e-10]
  tpy 365 None                               a* [0.0, 0.0] 3 ticks: gap 2.61e-02; 2,000 ticks: gap 2.61e-02 state 2.61e-02 fill 0.974205900576045 money 8.6e-16 a_end [0.009616958710098333, 4.749594441894979e-11]
  tpy 365 ('land.mach', '0.44')              a* [0.0, 0.0] 3 ticks: gap 2.96e-02; 2,000 ticks: gap 2.96e-02 state 2.96e-02 fill 0.970858173123976 money 2.5e-15 a_end [0.010277772536704848, 6.582706934474662e-11]
  tpy 365 ('land.mach', '0.36')              a* [0.0, 0.0] 3 ticks: gap 2.29e-02; 2,000 ticks: gap 2.29e-02 state 2.29e-02 fill 0.977320142812225 money 2.0e-15 a_end [0.008950346637465256, 3.367626975471587e-11]
  tpy 365 ('land.mach', '0.8')               a* [0.0, 0.0] 3 ticks: gap 7.15e-02; 2,000 ticks: gap 7.15e-02 state 7.15e-02 fill 0.930968255381270 money 4.1e-16 a_end [0.015788883033047537, 6.7701385930897e-10]
  tpy 365 ('land.mach', '0.2')               a* [0.0, 0.0] 3 ticks: gap 1.26e-02; 2,000 ticks: gap 1.26e-02 state 1.26e-02 fill 0.987450458715544 money 2.1e-15 a_end [0.0062716874414511115, 6.927864585675838e-12]
  tpy 365 ('tail.services', '0.11')          a* [0.0070310521737207005, 0.0] 3 ticks: gap 6.86e-01; 2,000 ticks: gap 6.86e-01 state 6.86e-01 fill 0.503540418957266 money 2.3e-15 a_end [0.03916449063278974, 1.6609535321024658e-09]
  tpy 365 ('tail.services', '0.09')          a* [0.0, 0.0] 3 ticks: gap 2.82e-04; 2,000 ticks: gap 4.78e-04 state 4.48e-04 fill 0.999717637327086 money 5.0e-16 a_end [0.00024710575775393855, 6.177195855709354e-13]
  tpy 365 ('tail.services', '0.2')           a* [0.28608793431239327, 0.04967163795419969] 3 ticks: gap 6.42e-01; 2,000 ticks: gap 6.42e-01 state 6.42e-01 fill 0.526133934299967 money 3.6e-16 a_end [0.28751949081136885, 0.0721044963765404]
  tpy 365 ('tail.services', '0.05')          a* [0.0, 0.0] 3 ticks: gap 8.84e-14; 2,000 ticks: gap 1.56e-13 state 1.46e-13 fill 0.999999999999912 money 3.6e-15 a_end [6.593682091582379e-14, 1.617814216007049e-22]
  tpy 365 ('res.services.trained', '0.044')  a* [0.0, 0.0] 3 ticks: gap 4.42e-05; 2,000 ticks: gap 7.59e-05 state 7.10e-05 fill 0.999955786279372 money 6.0e-16 a_end [3.884389962365465e-05, 6.161590920987825e-11]
  tpy 365 ('res.services.trained', '0.036')  a* [0.03567125607101358, 0.0] 3 ticks: gap 6.57e-01; 2,000 ticks: gap 6.57e-01 state 6.57e-01 fill 0.518495381526054 money 3.7e-16 a_end [0.062085018474746664, 1.2237093904783489e-11]
  tpy 365 ('res.services.trained', '0.08')   a* [0.0, 0.0] 3 ticks: gap 7.68e-11; 2,000 ticks: gap 1.44e-10 state 1.28e-10 fill 0.999999999923205 money 1.8e-15 a_end [4.522115848412942e-25, 6.168649545566413e-11]
  tpy 365 ('res.services.trained', '0.02')   a* [0.3914281083883292, 0.0] 3 ticks: gap 1.97e-01; 2,000 ticks: gap 1.97e-01 state 1.97e-01 fill 0.821595619008723 money 5.3e-15 a_end [0.39322621429973315, 6.1226123472881596e-15]
  largest gap at 3 ticks 7.18e+00; over 2,000 ticks 1.41e+01; state drift 4.02e+00; worst fill 0.000001477771529; money drift 6.9e-15
