C1         base               Crowded  PL 0.986104 (half-life 50 ticks)
C1         land.mach x1.1     Crowded  PL 0.985947 (half-life 49 ticks)
C1         land.mach x0.9     Crowded  PL 0.986254 (half-life 50 ticks)
C1         land.mach x2       Commons  PL 0.985514 (half-life 48 ticks)
C1         land.mach x0.5     Enclosed PL 0.991369 (half-life 80 ticks)
C1         b.food x1.1        Crowded  PL 0.986231 (half-life 50 ticks)
C1         b.food x0.9        Crowded  PL 0.985601 (half-life 48 ticks)
C1         b.food x2          Enclosed PL 0.990678 (half-life 74 ticks)
C1         b.food x0.5        Commons  PL 0.985366 (half-life 47 ticks)
C1         exit.To x1.1       Commons  PL 0.987134 (half-life 54 ticks)
C1         exit.To x0.9       Enclosed PL 0.987118 (half-life 53 ticks)
C1         exit.To x2         Commons  PL 0.987134 (half-life 54 ticks)
C1         exit.To x0.5       Enclosed PL 0.987239 (half-life 54 ticks)
C2         base               Commons  PL 0.985969 (half-life 49 ticks)
C2         land.mach x1.1     Commons  PL 0.985981 (half-life 49 ticks)
C2         land.mach x0.9     Commons  PL 0.986933 (half-life 53 ticks)
C2         land.mach x2       Commons  PL 0.985803 (half-life 48 ticks)
C2         land.mach x0.5     Commons  PL 0.987860 (half-life 57 ticks)
C2         b.food x1.1        Commons  PL 0.985953 (half-life 49 ticks)
C2         b.food x0.9        Commons  PL 0.985908 (half-life 49 ticks)
C2         b.food x2          Commons  PL 0.987712 (half-life 56 ticks)
C2         b.food x0.5        Commons  PL 0.985546 (half-life 48 ticks)
C2         exit.To x1.1       Commons  PL 0.985969 (half-life 49 ticks)
C2         exit.To x0.9       Commons  PL 0.985969 (half-life 49 ticks)
C2         exit.To x2         Commons  PL 0.985969 (half-life 49 ticks)
C2         exit.To x0.5       Crowded  PL 0.986271 (half-life 50 ticks)
