C1/P1.3r   base               Crowded  PL 0.986127 (half-life 50 ticks)
C1/P1.3r   land.mach x1.1     Crowded  PL 0.985951 (half-life 49 ticks)
C1/P1.3r   land.mach x0.9     Crowded  PL 0.986269 (half-life 50 ticks)
C1/P1.3r   land.mach x2       Commons  PL 0.985261 (half-life 47 ticks)
C1/P1.3r   land.mach x0.5     Enclosed PL 0.990038 (half-life 69 ticks)
C1/P1.3r   b.food x1.1        Crowded  PL 0.986247 (half-life 50 ticks)
C1/P1.3r   b.food x0.9        Crowded  PL 0.985610 (half-life 48 ticks)
C1/P1.3r   b.food x2          Enclosed PL 0.989548 (half-life 66 ticks)
C1/P1.3r   b.food x0.5        Commons  PL 0.985626 (half-life 48 ticks)
C1/P1.3r   exit.To x1.1       Commons  PL 0.987364 (half-life 55 ticks)
C1/P1.3r   exit.To x0.9       Enclosed PL 0.987126 (half-life 53 ticks)
C1/P1.3r   exit.To x2         Commons  PL 0.987364 (half-life 55 ticks)
C1/P1.3r   exit.To x0.5       Enclosed PL 0.987247 (half-life 54 ticks)
C2/P1.3r   base               Commons  PL 0.986524 (half-life 51 ticks)
C2/P1.3r   land.mach x1.1     Commons  PL 0.986417 (half-life 51 ticks)
C2/P1.3r   land.mach x0.9     Commons  PL 0.987478 (half-life 55 ticks)
C2/P1.3r   land.mach x2       Commons  PL 0.985569 (half-life 48 ticks)
C2/P1.3r   land.mach x0.5     Commons  PL 0.988657 (half-life 61 ticks)
C2/P1.3r   b.food x1.1        Commons  PL 0.986629 (half-life 51 ticks)
C2/P1.3r   b.food x0.9        Commons  PL 0.986444 (half-life 51 ticks)
C2/P1.3r   b.food x2          Commons  PL 0.988278 (half-life 59 ticks)
C2/P1.3r   b.food x0.5        Commons  PL 0.985767 (half-life 48 ticks)
C2/P1.3r   exit.To x1.1       Commons  PL 0.986524 (half-life 51 ticks)
C2/P1.3r   exit.To x0.9       Commons  PL 0.986524 (half-life 51 ticks)
C2/P1.3r   exit.To x2         Commons  PL 0.986524 (half-life 51 ticks)
C2/P1.3r   exit.To x0.5       Crowded  PL 0.986295 (half-life 50 ticks)
