IL1/zp1    base                               C2m          Idle      PL 0.988687 (half-life 61 ticks) held ['land'] drift 0.0e+00
IL1/zp1    land.mach x1.1                     C2m          Idle      PL 0.988687 (half-life 61 ticks) held ['land'] drift 0.0e+00
IL1/zp1    land.mach x0.9                     C2m          Idle      PL 0.988687 (half-life 61 ticks) held ['land'] drift 0.0e+00
IL1/zp1    land.mach x2                       C2m          Idle      PL 0.988687 (half-life 61 ticks) held ['land'] drift 0.0e+00
IL1/zp1    land.mach x0.5                     C2m          Idle      PL 0.988687 (half-life 61 ticks) held ['land'] drift 0.0e+00
IL1/zp1    b.food x1.1                        C2m          Idle      PL 0.988687 (half-life 61 ticks) held ['land'] drift 0.0e+00
IL1/zp1    b.food x0.9                        C2m          Idle      PL 0.988687 (half-life 61 ticks) held ['land'] drift 0.0e+00
IL1/zp1    b.food x2                          C2m          Idle      PL 0.988687 (half-life 61 ticks) held ['land'] drift 0.0e+00
IL1/zp1    b.food x0.5                        C2m          Idle      PL 0.988687 (half-life 61 ticks) held ['land'] drift 0.0e+00
IL1/zp1    inst.land x1.1                     C2m          Idle      PL 0.988687 (half-life 61 ticks) held ['land'] drift 0.0e+00
IL1/zp1    inst.land x0.9                     C2m          Idle      PL 0.988687 (half-life 61 ticks) held ['land'] drift 0.0e+00
IL1/zp1    inst.land x2                       C2m          Idle      PL 0.988687 (half-life 61 ticks) held ['land'] drift 0.0e+00
IL1/zp1    inst.land x0.5                     C2m          Enclosed  PL 0.988833 (half-life 62 ticks) held [] drift 0.0e+00
CT2/zp1    base                               C2m          Commons   PL 0.985886 (half-life 49 ticks) held ['commons'] drift 0.0e+00
CT2/zp1    land.mach x1.1                     C2m          Commons   PL 0.985869 (half-life 49 ticks) held ['commons'] drift 0.0e+00
CT2/zp1    land.mach x0.9                     C2m          Commons   PL 0.987057 (half-life 53 ticks) held ['commons'] drift 0.0e+00
CT2/zp1    land.mach x2                       C2m          Commons   PL 0.985744 (half-life 48 ticks) held ['commons'] drift 0.0e+00
CT2/zp1    land.mach x0.5                     C2m          Commons   PL 0.987912 (half-life 57 ticks) held ['commons'] drift 0.0e+00
CT2/zp1    b.food x1.1                        C2m          Commons   PL 0.985899 (half-life 49 ticks) held ['commons'] drift 0.0e+00
CT2/zp1    b.food x0.9                        C2m          Commons   PL 0.985855 (half-life 49 ticks) held ['commons'] drift 0.0e+00
CT2/zp1    b.food x2                          C2m          Crowded   PL 0.999698 (half-life 2291 ticks) held [] drift 0.0e+00
CT2/zp1    b.food x0.5                        C2m          Commons   PL 0.985484 (half-life 47 ticks) held ['commons'] drift 0.0e+00
CT2/zp1    exit.To x1.1                       C2m          Commons   PL 0.985886 (half-life 49 ticks) held ['commons'] drift 0.0e+00
CT2/zp1    exit.To x0.9                       C2m          Crowded   PL 0.998342 (half-life 418 ticks) held [] drift 0.0e+00
CT2/zp1    exit.To x2                         C2m          Commons   PL 0.985886 (half-life 49 ticks) held ['commons'] drift 0.0e+00
CT2/zp1    exit.To x0.5                       C2m          Enclosed  PL 0.987107 (half-life 53 ticks) held ['commons'] drift 0.0e+00
IL1/zp4    base                               C2m          Idle      PL 0.988687 (half-life 61 ticks) held ['land'] drift 0.0e+00
IL1/zp4    land.mach x1.1                     C2m          Idle      PL 0.988687 (half-life 61 ticks) held ['land'] drift 0.0e+00
IL1/zp4    land.mach x0.9                     C2m          Idle      PL 0.988687 (half-life 61 ticks) held ['land'] drift 0.0e+00
IL1/zp4    land.mach x2                       C2m          Idle      PL 0.988687 (half-life 61 ticks) held ['land'] drift 0.0e+00
IL1/zp4    land.mach x0.5                     C2m          Idle      PL 0.988687 (half-life 61 ticks) held ['land'] drift 0.0e+00
IL1/zp4    b.food x1.1                        C2m          Idle      PL 0.988687 (half-life 61 ticks) held ['land'] drift 0.0e+00
IL1/zp4    b.food x0.9                        C2m          Idle      PL 0.988687 (half-life 61 ticks) held ['land'] drift 0.0e+00
IL1/zp4    b.food x2                          C2m          Idle      PL 0.988687 (half-life 61 ticks) held ['land'] drift 0.0e+00
IL1/zp4    b.food x0.5                        C2m          Idle      PL 0.988687 (half-life 61 ticks) held ['land'] drift 0.0e+00
IL1/zp4    inst.land x1.1                     C2m          Idle      PL 0.988687 (half-life 61 ticks) held ['land'] drift 0.0e+00
IL1/zp4    inst.land x0.9                     C2m          Idle      PL 0.988687 (half-life 61 ticks) held ['land'] drift 0.0e+00
IL1/zp4    inst.land x2                       C2m          Idle      PL 0.988687 (half-life 61 ticks) held ['land'] drift 0.0e+00
IL1/zp4    inst.land x0.5                     C2m          Enclosed  PL 0.987735 (half-life 56 ticks) held [] drift 0.0e+00
CT2/zp4    base                               C2m          Commons   PL 0.985886 (half-life 49 ticks) held ['commons'] drift 0.0e+00
CT2/zp4    land.mach x1.1                     C2m          Commons   PL 0.985869 (half-life 49 ticks) held ['commons'] drift 0.0e+00
CT2/zp4    land.mach x0.9                     C2m          Commons   PL 0.987057 (half-life 53 ticks) held ['commons'] drift 0.0e+00
CT2/zp4    land.mach x2                       C2m          Commons   PL 0.985744 (half-life 48 ticks) held ['commons'] drift 0.0e+00
CT2/zp4    land.mach x0.5                     C2m          Commons   PL 0.987912 (half-life 57 ticks) held ['commons'] drift 0.0e+00
CT2/zp4    b.food x1.1                        C2m          Commons   PL 0.985899 (half-life 49 ticks) held ['commons'] drift 0.0e+00
CT2/zp4    b.food x0.9                        C2m          Commons   PL 0.985855 (half-life 49 ticks) held ['commons'] drift 0.0e+00
CT2/zp4    b.food x2                          C2m          Crowded   PL 0.998801 (half-life 578 ticks) held [] drift 0.0e+00
CT2/zp4    b.food x0.5                        C2m          Commons   PL 0.985484 (half-life 47 ticks) held ['commons'] drift 0.0e+00
CT2/zp4    exit.To x1.1                       C2m          Commons   PL 0.985886 (half-life 49 ticks) held ['commons'] drift 0.0e+00
CT2/zp4    exit.To x0.9                       C2m          Crowded   PL 0.996196 (half-life 182 ticks) held [] drift 0.0e+00
CT2/zp4    exit.To x2                         C2m          Commons   PL 0.985886 (half-life 49 ticks) held ['commons'] drift 0.0e+00
CT2/zp4    exit.To x0.5                       C2m          Enclosed  PL 0.987107 (half-life 53 ticks) held ['commons'] drift 0.0e+00
IL1/zp01   base                               C2m          Idle      PL 0.988687 (half-life 61 ticks) held ['land'] drift 0.0e+00
IL1/zp01   land.mach x1.1                     C2m          Idle      PL 0.988687 (half-life 61 ticks) held ['land'] drift 0.0e+00
IL1/zp01   land.mach x0.9                     C2m          Idle      PL 0.988687 (half-life 61 ticks) held ['land'] drift 0.0e+00
IL1/zp01   land.mach x2                       C2m          Idle      PL 0.988687 (half-life 61 ticks) held ['land'] drift 0.0e+00
IL1/zp01   land.mach x0.5                     C2m          Idle      PL 0.988687 (half-life 61 ticks) held ['land'] drift 0.0e+00
IL1/zp01   b.food x1.1                        C2m          Idle      PL 0.988687 (half-life 61 ticks) held ['land'] drift 0.0e+00
IL1/zp01   b.food x0.9                        C2m          Idle      PL 0.988687 (half-life 61 ticks) held ['land'] drift 0.0e+00
IL1/zp01   b.food x2                          C2m          Idle      PL 0.988687 (half-life 61 ticks) held ['land'] drift 0.0e+00
IL1/zp01   b.food x0.5                        C2m          Idle      PL 0.988687 (half-life 61 ticks) held ['land'] drift 0.0e+00
IL1/zp01   inst.land x1.1                     C2m          Idle      PL 0.988687 (half-life 61 ticks) held ['land'] drift 0.0e+00
IL1/zp01   inst.land x0.9                     C2m          Idle      PL 0.988687 (half-life 61 ticks) held ['land'] drift 0.0e+00
IL1/zp01   inst.land x2                       C2m          Idle      PL 0.988687 (half-life 61 ticks) held ['land'] drift 0.0e+00
IL1/zp01   inst.land x0.5                     C2m          Enclosed  PL 0.994122 (half-life 118 ticks) held [] drift 0.0e+00
CT2/zp01   base                               C2m          Commons   PL 0.985886 (half-life 49 ticks) held ['commons'] drift 0.0e+00
CT2/zp01   land.mach x1.1                     C2m          Commons   PL 0.985869 (half-life 49 ticks) held ['commons'] drift 0.0e+00
CT2/zp01   land.mach x0.9                     C2m          Commons   PL 0.987057 (half-life 53 ticks) held ['commons'] drift 0.0e+00
CT2/zp01   land.mach x2                       C2m          Commons   PL 0.985744 (half-life 48 ticks) held ['commons'] drift 0.0e+00
CT2/zp01   land.mach x0.5                     C2m          Commons   PL 0.987912 (half-life 57 ticks) held ['commons'] drift 0.0e+00
CT2/zp01   b.food x1.1                        C2m          Commons   PL 0.985899 (half-life 49 ticks) held ['commons'] drift 0.0e+00
CT2/zp01   b.food x0.9                        C2m          Commons   PL 0.985855 (half-life 49 ticks) held ['commons'] drift 0.0e+00
CT2/zp01   b.food x2                          C2m          Crowded   PL 0.999964 (half-life 19274 ticks) held [] drift 0.0e+00
CT2/zp01   b.food x0.5                        C2m          Commons   PL 0.985484 (half-life 47 ticks) held ['commons'] drift 0.0e+00
CT2/zp01   exit.To x1.1                       C2m          Commons   PL 0.985886 (half-life 49 ticks) held ['commons'] drift 0.0e+00
CT2/zp01   exit.To x0.9                       C2m          Crowded   PL 0.998981 (half-life 680 ticks) held [] drift 0.0e+00
CT2/zp01   exit.To x2                         C2m          Commons   PL 0.985886 (half-life 49 ticks) held ['commons'] drift 0.0e+00
CT2/zp01   exit.To x0.5                       C2m          Enclosed  PL 0.987107 (half-life 53 ticks) held ['commons'] drift 0.0e+00
