is2 c2m tpy 52: one tick from the mode-A genesis, central difference over 0.02 in ln p
market	k	eps_d	eps_s	multiplier	tau
labour	0.100000	-0.2314	+0.8532	0.8915	9.2
land	0.025000	-0.7948	+0.0000	0.9801	50.3
mach	0.025000	-0.6864	+0.0000	0.9828	58.3
services	0.050000	-0.1686	+0.0000	0.9916	118.6
goods	0.050000	-0.1908	+0.0000	0.9905	104.8
labour.trained	0.100000	-0.0870	+0.8874	0.9026	10.3
labour.master	0.100000	-0.2660	+0.6529	0.9081	10.9
eps_S (row: quantity of the market; column: price of the market)
  labour	+0.8532	-0.5631	+0.0000	-0.1256	-0.1421	-0.0223	+0.0000
  land	+0.0000	+0.0000	+0.0000	+0.0000	+0.0000	+0.0000	+0.0000
  mach	+0.0321	+0.3965	+0.0000	+0.0000	+0.0000	+0.0000	+0.0000
  services	+0.0000	+0.0000	+0.0000	+0.0000	+0.0000	+0.0000	+0.0000
  goods	+0.0000	+0.0000	+0.0000	+0.0000	+0.0000	+0.0000	+0.0000
  labour.trained	-0.1025	-0.5319	+0.0000	-0.1187	-0.1343	+0.8874	+0.0000
  labour.master	+0.0000	-0.4425	+0.0000	-0.0987	-0.1117	+0.0000	+0.6529
eps_D
  labour	-0.2314	-0.2523	-0.4530	+0.0000	+0.0000	-0.0633	+0.0000
  land	-0.0173	-0.7948	+0.0000	-0.1297	-0.1467	+0.0000	+0.0000
  mach	-0.1243	+0.0000	-0.6864	+0.0000	+0.0000	-0.0373	-0.1520
  services	+0.0000	-0.7557	+0.0000	-0.1686	-0.1908	+0.0000	+0.0000
  goods	+0.0000	-0.7557	+0.0000	-0.1686	-0.1908	+0.0000	+0.0000
  labour.trained	-0.2901	+0.0000	-0.6229	+0.0000	+0.0000	-0.0870	+0.0000
  labour.master	+0.0000	+0.0000	-0.7340	+0.0000	+0.0000	+0.0000	-0.2660
tau_max 118.6 ticks; L = 24000
