is2 c2m tpy 12: one tick from the mode-A genesis, central difference over 0.02 in ln p
market	k	eps_d	eps_s	multiplier	tau
labour	0.433333	-0.2314	+1.1476	0.4024	1.7
land	0.108333	-0.9141	+0.0000	0.9010	10.1
mach	0.108333	-0.6864	+0.0000	0.9256	13.4
services	0.216667	-0.2032	+0.0000	0.9560	22.7
goods	0.216667	-0.2299	+0.0000	0.9502	20.1
labour.trained	0.433333	-0.0870	+2.2438	-0.0100	1.0
labour.master	0.433333	-0.2660	+0.6529	0.6018	2.5
eps_S (row: quantity of the market; column: price of the market)
  labour	+1.1476	-0.5631	+0.0000	-0.1256	-0.1421	-0.3168	+0.0000
  land	+0.0000	+0.0000	+0.0000	+0.0000	+0.0000	+0.0000	+0.0000
  mach	+0.0321	+0.3965	+0.0000	+0.0000	+0.0000	+0.0000	+0.0000
  services	+0.0000	+0.0000	+0.0000	+0.0000	+0.0000	+0.0000	+0.0000
  goods	+0.0000	+0.0000	+0.0000	+0.0000	+0.0000	+0.0000	+0.0000
  labour.trained	-1.4589	-0.5319	+0.0000	-0.1187	-0.1343	+2.2438	+0.0000
  labour.master	+0.0000	-0.4425	+0.0000	-0.0987	-0.1117	+0.0000	+0.6529
eps_D
  labour	-0.2314	-0.2523	-0.4530	+0.0000	+0.0000	-0.0633	+0.0000
  land	-0.0173	-0.9141	+0.0000	-0.1563	-0.1769	+0.0000	+0.0000
  mach	-0.1243	+0.0000	-0.6864	+0.0000	+0.0000	-0.0373	-0.1520
  services	+0.0000	-0.9108	+0.0000	-0.2032	-0.2299	+0.0000	+0.0000
  goods	+0.0000	-0.9108	+0.0000	-0.2032	-0.2299	+0.0000	+0.0000
  labour.trained	-0.2901	+0.0000	-0.6229	+0.0000	+0.0000	-0.0870	+0.0000
  labour.master	+0.0000	+0.0000	-0.7340	+0.0000	+0.0000	+0.0000	-0.2660
tau_max 22.7 ticks; L = 20000
