is2 c2m tpy 365: one tick from the mode-A genesis, central difference over 0.02 in ln p
market	k	eps_d	eps_s	multiplier	tau
labour	0.014247	-0.2314	+0.7766	0.9856	69.6
land	0.003562	-0.7443	+0.0000	0.9973	377.2
mach	0.003562	-0.6864	+0.0000	0.9976	409.1
services	0.007123	-0.1540	+0.0000	0.9989	911.8
goods	0.007123	-0.1742	+0.0000	0.9988	805.9
labour.trained	0.014247	-0.0870	+0.5361	0.9911	112.6
labour.master	0.014247	-0.2660	+0.6529	0.9869	76.4
eps_S (row: quantity of the market; column: price of the market)
  labour	+0.7766	-0.5631	+0.0000	-0.1256	-0.1421	+0.0543	+0.0000
  land	+0.0000	+0.0000	+0.0000	+0.0000	+0.0000	+0.0000	+0.0000
  mach	+0.0321	+0.3965	+0.0000	+0.0000	+0.0000	+0.0000	+0.0000
  services	+0.0000	+0.0000	+0.0000	+0.0000	+0.0000	+0.0000	+0.0000
  goods	+0.0000	+0.0000	+0.0000	+0.0000	+0.0000	+0.0000	+0.0000
  labour.trained	+0.2488	-0.5319	+0.0000	-0.1187	-0.1343	+0.5361	+0.0000
  labour.master	+0.0000	-0.4425	+0.0000	-0.0987	-0.1117	+0.0000	+0.6529
eps_D
  labour	-0.2314	-0.2523	-0.4530	+0.0000	+0.0000	-0.0633	+0.0000
  land	-0.0173	-0.7443	+0.0000	-0.1184	-0.1340	+0.0000	+0.0000
  mach	-0.1243	+0.0000	-0.6864	+0.0000	+0.0000	-0.0373	-0.1520
  services	+0.0000	-0.6900	+0.0000	-0.1540	-0.1742	+0.0000	+0.0000
  goods	+0.0000	-0.6900	+0.0000	-0.1540	-0.1742	+0.0000	+0.0000
  labour.trained	-0.2901	+0.0000	-0.6229	+0.0000	+0.0000	-0.0870	+0.0000
  labour.master	+0.0000	+0.0000	-0.7340	+0.0000	+0.0000	+0.0000	-0.2660
tau_max 911.8 ticks; L = 183000
