is1 c2m tpy 52: one tick from the mode-A genesis, central difference over 0.02 in ln p
market	k	eps_d	eps_s	multiplier	tau
labour	0.100000	-0.2390	+0.8154	0.8946	9.5
land	0.025000	-0.7691	+0.0000	0.9808	52.0
mach	0.025000	-0.6383	+0.0000	0.9840	62.7
services	0.050000	-0.1996	+0.0000	0.9900	100.2
goods	0.050000	-0.1880	+0.0000	0.9906	106.4
labour.trained	0.100000	-0.1900	+0.7468	0.9063	10.7
labour.master	0.100000	-0.2699	+0.6529	0.9077	10.8
eps_S (row: quantity of the market; column: price of the market)
  labour	+0.8154	-0.5319	+0.0000	-0.1460	-0.1375	+0.0000	+0.0000
  land	+0.0000	+0.0000	+0.0000	+0.0000	+0.0000	+0.0000	+0.0000
  mach	+0.0393	+0.3893	+0.0000	+0.0000	+0.0000	+0.0000	+0.0000
  services	+0.0000	+0.0000	+0.0000	+0.0000	+0.0000	+0.0000	+0.0000
  goods	+0.0000	+0.0000	+0.0000	+0.0000	+0.0000	+0.0000	+0.0000
  labour.trained	+0.0000	-0.4872	+0.0000	-0.1337	-0.1259	+0.7468	+0.0000
  labour.master	+0.0000	-0.4259	+0.0000	-0.1169	-0.1101	+0.0000	+0.6529
eps_D
  labour	-0.2390	-0.2477	-0.3751	+0.0000	+0.0000	-0.1382	+0.0000
  land	-0.0212	-0.7691	+0.0000	-0.1535	-0.1446	+0.0000	+0.0000
  mach	-0.1261	+0.0000	-0.6383	+0.0000	+0.0000	-0.0814	-0.1542
  services	+0.0000	-0.7274	+0.0000	-0.1996	-0.1880	+0.0000	+0.0000
  goods	+0.0000	-0.7274	+0.0000	-0.1996	-0.1880	+0.0000	+0.0000
  labour.trained	-0.2942	+0.0000	-0.5158	+0.0000	+0.0000	-0.1900	+0.0000
  labour.master	+0.0000	+0.0000	-0.7301	+0.0000	+0.0000	+0.0000	-0.2699
tau_max 106.4 ticks; L = 22000
