c2 c2m tpy 12: one tick from the mode-A genesis, central difference over 0.02 in ln p
market	k	eps_d	eps_s	multiplier	tau
labour	0.433333	-3.7286	+1.4409	-1.2401	0.4
land	0.108333	-0.8568	+0.0000	0.9072	10.8
mach	0.108333	-0.8603	+0.0000	0.9068	10.7
manufactures	0.216667	-0.0426	+0.0000	0.9908	108.3
food	0.216667	-0.6952	+0.0000	0.8494	6.6
care	0.216667	-0.0359	+0.0000	0.9922	128.6
shelter	0.216667	-0.6881	+0.0000	0.8509	6.7
eps_S (row: quantity of the market; column: price of the market)
  labour	+1.4409	+0.0000	+0.0000	-0.0248	-0.9955	-0.0209	-0.3998
  land	+0.0000	+0.0000	+0.0000	+0.0000	+0.0000	+0.0000	+0.0000
  mach	+0.0243	+0.4043	+0.0000	+0.0000	+0.0000	+0.0000	+0.0000
  manufactures	+0.0000	+0.0000	+0.0000	+0.0000	+0.0000	+0.0000	+0.0000
  food	+0.0000	+0.0000	+0.0000	+0.0000	+0.0000	+0.0000	+0.0000
  care	+0.0000	+0.0000	+0.0000	+0.0000	+0.0000	+0.0000	+0.0000
  shelter	+0.0000	+0.0000	+0.0000	+0.0000	+0.0000	+0.0000	+0.0000
eps_D
  labour	-3.7286	-0.6817	+3.4101	+0.0000	+0.0000	+0.0000	+0.0000
  land	-0.0193	-0.8568	-0.1240	+0.0000	+0.0000	+0.0000	+0.0000
  mach	+0.4876	-0.6273	-0.8603	+0.0000	+0.0000	+0.0000	+0.0000
  manufactures	+0.0000	+0.0000	+0.0000	-0.0426	-0.6952	-0.0359	-0.6881
  food	+0.0000	+0.0000	+0.0000	-0.0426	-0.6952	-0.0359	-0.6881
  care	+0.0000	+0.0000	+0.0000	-0.0426	-0.6952	-0.0359	-0.6881
  shelter	+0.0000	+0.0000	+0.0000	-0.0426	-0.6952	-0.0359	-0.6881
tau_max 128.6 ticks; L = 26000
