c1p c2m tpy 52: one tick from the mode-A genesis, central difference over 0.02 in ln p
market	k	eps_d	eps_s	multiplier	tau
labour	0.100000	-1.2565	+0.0000	0.8744	8.0
land	0.025000	-0.8568	+0.0000	0.9786	46.7
mach	0.025000	-0.4931	+0.0000	0.9877	81.1
manufactures	0.050000	-0.0337	+0.0000	0.9983	593.7
food	0.050000	-0.5492	+0.0000	0.9725	36.4
care	0.050000	-0.0284	+0.0000	0.9986	703.3
shelter	0.050000	-0.5435	+0.0000	0.9728	36.8
eps_S (row: quantity of the market; column: price of the market)
  labour	+0.0000	+0.0000	+0.0000	+0.0000	+0.0000	+0.0000	+0.0000
  land	+0.0000	+0.0000	+0.0000	+0.0000	+0.0000	+0.0000	+0.0000
  mach	+0.0244	+0.4041	+0.0000	+0.0000	+0.0000	+0.0000	+0.0000
  manufactures	+0.0000	+0.0000	+0.0000	+0.0000	+0.0000	+0.0000	+0.0000
  food	+0.0000	+0.0000	+0.0000	+0.0000	+0.0000	+0.0000	+0.0000
  care	+0.0000	+0.0000	+0.0000	+0.0000	+0.0000	+0.0000	+0.0000
  shelter	+0.0000	+0.0000	+0.0000	+0.0000	+0.0000	+0.0000	+0.0000
eps_D
  labour	-1.2565	-0.6763	+0.9327	+0.0000	+0.0000	+0.0000	+0.0000
  land	-0.0176	-0.8568	-0.1255	+0.0000	+0.0000	+0.0000	+0.0000
  mach	+0.1217	-0.6287	-0.4931	+0.0000	+0.0000	+0.0000	+0.0000
  manufactures	+0.0000	+0.0000	+0.0000	-0.0337	-0.5492	-0.0284	-0.5435
  food	+0.0000	+0.0000	+0.0000	-0.0337	-0.5492	-0.0284	-0.5435
  care	+0.0000	+0.0000	+0.0000	-0.0337	-0.5492	-0.0284	-0.5435
  shelter	+0.0000	+0.0000	+0.0000	-0.0337	-0.5492	-0.0284	-0.5435
tau_max 703.3 ticks; L = 141000
