c2p c2m tpy 52: one tick from the mode-A genesis, central difference over 0.02 in ln p
market	k	eps_d	eps_s	multiplier	tau
labour	0.100000	-1.1500	+0.0356	0.8814	8.4
land	0.025000	-0.8568	+0.0000	0.9786	46.7
mach	0.025000	-0.4917	+0.0000	0.9877	81.3
manufactures	0.050000	-0.0337	+0.0000	0.9983	594.0
food	0.050000	-0.5490	+0.0000	0.9725	36.4
care	0.050000	-0.0284	+0.0000	0.9986	705.4
shelter	0.050000	-0.5434	+0.0000	0.9728	36.8
eps_S (row: quantity of the market; column: price of the market)
  labour	+0.0356	+0.0000	+0.0000	-0.0006	-0.0246	-0.0005	-0.0099
  land	+0.0000	+0.0000	+0.0000	+0.0000	+0.0000	+0.0000	+0.0000
  mach	+0.0243	+0.4043	+0.0000	+0.0000	+0.0000	+0.0000	+0.0000
  manufactures	+0.0000	+0.0000	+0.0000	+0.0000	+0.0000	+0.0000	+0.0000
  food	+0.0000	+0.0000	+0.0000	+0.0000	+0.0000	+0.0000	+0.0000
  care	+0.0000	+0.0000	+0.0000	+0.0000	+0.0000	+0.0000	+0.0000
  shelter	+0.0000	+0.0000	+0.0000	+0.0000	+0.0000	+0.0000	+0.0000
eps_D
  labour	-1.1500	-0.6817	+0.8317	+0.0000	+0.0000	+0.0000	+0.0000
  land	-0.0193	-0.8568	-0.1240	+0.0000	+0.0000	+0.0000	+0.0000
  mach	+0.1190	-0.6273	-0.4917	+0.0000	+0.0000	+0.0000	+0.0000
  manufactures	+0.0000	+0.0000	+0.0000	-0.0337	-0.5490	-0.0284	-0.5434
  food	+0.0000	+0.0000	+0.0000	-0.0337	-0.5490	-0.0284	-0.5434
  care	+0.0000	+0.0000	+0.0000	-0.0337	-0.5490	-0.0284	-0.5434
  shelter	+0.0000	+0.0000	+0.0000	-0.0337	-0.5490	-0.0284	-0.5434
tau_max 705.4 ticks; L = 142000
