c1p c2m tpy 12: one tick from the mode-A genesis, central difference over 0.02 in ln p
market	k	eps_d	eps_s	multiplier	tau
labour	0.433333	-3.8146	+0.0000	-0.6530	0.6
land	0.108333	-0.8568	+0.0000	0.9072	10.8
mach	0.108333	-0.8280	+0.0000	0.9103	11.1
manufactures	0.216667	-0.0427	+0.0000	0.9908	108.2
food	0.216667	-0.6957	+0.0000	0.8493	6.6
care	0.216667	-0.0360	+0.0000	0.9922	128.1
shelter	0.216667	-0.6885	+0.0000	0.8508	6.7
eps_S (row: quantity of the market; column: price of the market)
  labour	+0.0000	+0.0000	+0.0000	+0.0000	+0.0000	+0.0000	+0.0000
  land	+0.0000	+0.0000	+0.0000	+0.0000	+0.0000	+0.0000	+0.0000
  mach	+0.0244	+0.4041	+0.0000	+0.0000	+0.0000	+0.0000	+0.0000
  manufactures	+0.0000	+0.0000	+0.0000	+0.0000	+0.0000	+0.0000	+0.0000
  food	+0.0000	+0.0000	+0.0000	+0.0000	+0.0000	+0.0000	+0.0000
  care	+0.0000	+0.0000	+0.0000	+0.0000	+0.0000	+0.0000	+0.0000
  shelter	+0.0000	+0.0000	+0.0000	+0.0000	+0.0000	+0.0000	+0.0000
eps_D
  labour	-3.8146	-0.6763	+3.4910	+0.0000	+0.0000	+0.0000	+0.0000
  land	-0.0177	-0.8568	-0.1255	+0.0000	+0.0000	+0.0000	+0.0000
  mach	+0.4566	-0.6287	-0.8280	+0.0000	+0.0000	+0.0000	+0.0000
  manufactures	+0.0000	+0.0000	+0.0000	-0.0427	-0.6957	-0.0360	-0.6885
  food	+0.0000	+0.0000	+0.0000	-0.0427	-0.6957	-0.0360	-0.6885
  care	+0.0000	+0.0000	+0.0000	-0.0427	-0.6957	-0.0360	-0.6885
  shelter	+0.0000	+0.0000	+0.0000	-0.0427	-0.6957	-0.0360	-0.6885
tau_max 128.1 ticks; L = 26000
