c1p c2m tpy 365: one tick from the mode-A genesis, central difference over 0.02 in ln p
market	k	eps_d	eps_s	multiplier	tau
labour	0.014247	-0.4525	+0.0000	0.9936	155.1
land	0.003562	-0.8568	+0.0000	0.9969	327.7
mach	0.003562	-0.3882	+0.0000	0.9986	723.3
manufactures	0.007123	-0.0299	+0.0000	0.9998	4697.6
food	0.007123	-0.4872	+0.0000	0.9965	288.1
care	0.007123	-0.0252	+0.0000	0.9998	5564.7
shelter	0.007123	-0.4822	+0.0000	0.9966	291.2
eps_S (row: quantity of the market; column: price of the market)
  labour	+0.0000	+0.0000	+0.0000	+0.0000	+0.0000	+0.0000	+0.0000
  land	+0.0000	+0.0000	+0.0000	+0.0000	+0.0000	+0.0000	+0.0000
  mach	+0.0244	+0.4041	+0.0000	+0.0000	+0.0000	+0.0000	+0.0000
  manufactures	+0.0000	+0.0000	+0.0000	+0.0000	+0.0000	+0.0000	+0.0000
  food	+0.0000	+0.0000	+0.0000	+0.0000	+0.0000	+0.0000	+0.0000
  care	+0.0000	+0.0000	+0.0000	+0.0000	+0.0000	+0.0000	+0.0000
  shelter	+0.0000	+0.0000	+0.0000	+0.0000	+0.0000	+0.0000	+0.0000
eps_D
  labour	-0.4525	-0.6763	+0.1288	+0.0000	+0.0000	+0.0000	+0.0000
  land	-0.0176	-0.8568	-0.1255	+0.0000	+0.0000	+0.0000	+0.0000
  mach	+0.0168	-0.6287	-0.3882	+0.0000	+0.0000	+0.0000	+0.0000
  manufactures	+0.0000	+0.0000	+0.0000	-0.0299	-0.4872	-0.0252	-0.4822
  food	+0.0000	+0.0000	+0.0000	-0.0299	-0.4872	-0.0252	-0.4822
  care	+0.0000	+0.0000	+0.0000	-0.0299	-0.4872	-0.0252	-0.4822
  shelter	+0.0000	+0.0000	+0.0000	-0.0299	-0.4872	-0.0252	-0.4822
tau_max 5564.7 ticks; L = 1113000
