c2p c2m tpy 365: one tick from the mode-A genesis, central difference over 0.02 in ln p
market	k	eps_d	eps_s	multiplier	tau
labour	0.014247	-0.4148	+0.0051	0.9940	167.2
land	0.003562	-0.8568	+0.0000	0.9969	327.7
mach	0.003562	-0.3865	+0.0000	0.9986	726.4
manufactures	0.007123	-0.0299	+0.0000	0.9998	4698.6
food	0.007123	-0.4872	+0.0000	0.9965	288.2
care	0.007123	-0.0252	+0.0000	0.9998	5580.0
shelter	0.007123	-0.4822	+0.0000	0.9966	291.1
eps_S (row: quantity of the market; column: price of the market)
  labour	+0.0051	+0.0000	+0.0000	-0.0001	-0.0035	-0.0001	-0.0014
  land	+0.0000	+0.0000	+0.0000	+0.0000	+0.0000	+0.0000	+0.0000
  mach	+0.0243	+0.4043	+0.0000	+0.0000	+0.0000	+0.0000	+0.0000
  manufactures	+0.0000	+0.0000	+0.0000	+0.0000	+0.0000	+0.0000	+0.0000
  food	+0.0000	+0.0000	+0.0000	+0.0000	+0.0000	+0.0000	+0.0000
  care	+0.0000	+0.0000	+0.0000	+0.0000	+0.0000	+0.0000	+0.0000
  shelter	+0.0000	+0.0000	+0.0000	+0.0000	+0.0000	+0.0000	+0.0000
eps_D
  labour	-0.4148	-0.6817	+0.0964	+0.0000	+0.0000	+0.0000	+0.0000
  land	-0.0193	-0.8568	-0.1240	+0.0000	+0.0000	+0.0000	+0.0000
  mach	+0.0138	-0.6273	-0.3865	+0.0000	+0.0000	+0.0000	+0.0000
  manufactures	+0.0000	+0.0000	+0.0000	-0.0299	-0.4872	-0.0252	-0.4822
  food	+0.0000	+0.0000	+0.0000	-0.0299	-0.4872	-0.0252	-0.4822
  care	+0.0000	+0.0000	+0.0000	-0.0299	-0.4872	-0.0252	-0.4822
  shelter	+0.0000	+0.0000	+0.0000	-0.0299	-0.4872	-0.0252	-0.4822
tau_max 5580.0 ticks; L = 1116000
