R1-pace-ignored killed by paced_share_moves_at_its_rate, paced_workers_leave_the_trap, harness_reads_the_paced_share, paced_grammar_dials_and_families_are_the_registered_ones
R2-target-is-share killed by paced_share_moves_at_its_rate
R3-hours-the-rules killed by paced_share_moves_at_its_rate, paced_workers_leave_the_trap, harness_reads_the_paced_share, paced_grammar_dials_and_families_are_the_registered_ones
R4-state-the-rules killed by paced_share_moves_at_its_rate, harness_reads_the_paced_share, paced_workers_leave_the_trap
R5-unpaced-reads-state killed by pace_absent_is_p23s, exit_switched_off_is_the_dependence_form
R6-rate-doubled killed by paced_share_moves_at_its_rate, harness_reads_the_paced_share, paced_workers_leave_the_trap
R7-jump-to-target killed by paced_share_moves_at_its_rate, paced_workers_leave_the_trap, harness_reads_the_paced_share, paced_grammar_dials_and_families_are_the_registered_ones
S1-raw-skip killed by pace_absent_is_p23s, commons_paced_tapes_are_their_generators_output
S2-resolved-skip killed by paced_genesis_state_is_the_tapes, commons_paced_tapes_are_their_generators_output
S3-share-unchecked killed by pace_is_checked_at_load
S4-adjust-as-value killed by many_roles_never_overbudget_or_overdraw, harness_reads_the_paced_share, paced_rest_is_the_oracles, markets_runs_the_pace_family_and_reports_the_pace, paced_workers_leave_the_trap, paced_grammar_dials_and_families_are_the_registered_ones
S5-site-unlisted killed by paced_share_moves_at_its_rate
S6-pace-dropped killed by paced_genesis_state_is_the_tapes, paced_share_moves_at_its_rate, paced_workers_leave_the_trap, harness_reads_the_paced_share, paced_grammar_dials_and_families_are_the_registered_ones
G1-genesis-zero killed by paced_genesis_state_is_the_tapes, paced_rest_is_the_oracles, paced_workers_leave_the_trap
P1-not-paced killed by paced_grammar_dials_and_families_are_the_registered_ones, harness_reads_the_paced_share, markets_runs_the_pace_family_and_reports_the_pace, commons_paced_tapes_are_their_generators_output, paced_rest_is_the_oracles, paced_workers_leave_the_trap
P2-dial-everywhere killed by commons_dated_shocks_load_and_fire, commons_hold_at_the_oracle_point, commons_tapes_are_their_generators_output, commons_rest_at_the_oracle, commons_rule_is_unit_1e_supply, harness_reads_the_rule_the_workers_act_on, commons_grammar_applies_as_named, commons_conserve_and_run_deterministically
P3-dial-rate killed by paced_grammar_dials_and_families_are_the_registered_ones, commons_paced_tapes_are_their_generators_output, paced_workers_leave_the_trap
P4-displacement-ignored killed by paced_grammar_dials_and_families_are_the_registered_ones
P5-no-cap killed by paced_grammar_dials_and_families_are_the_registered_ones
P6-share-written-S killed by paced_grammar_dials_and_families_are_the_registered_ones
H1-target-share SURVIVED
H2-csv-no-target killed by harness_reads_the_paced_share
H3-stats-unpushed killed by paced_grammar_dials_and_families_are_the_registered_ones, harness_reads_the_paced_share
H4-zero-hours-never killed by paced_grammar_dials_and_families_are_the_registered_ones
H5-d0-no-pace killed by paced_grammar_dials_and_families_are_the_registered_ones
H6-stats-everywhere killed by harness_reads_the_paced_share, markets_runs_the_pace_family_and_reports_the_pace
T1-start-prices killed by paced_grammar_dials_and_families_are_the_registered_ones
T2-grammar-unpaced killed by paced_grammar_dials_and_families_are_the_registered_ones
T3-set-is-times killed by paced_grammar_dials_and_families_are_the_registered_ones
T4-family-order killed by paced_grammar_dials_and_families_are_the_registered_ones
B1-bin-no-first-year killed by markets_runs_the_pace_family_and_reports_the_pace
B2-bin-no-stats killed by markets_runs_the_pace_family_and_reports_the_pace

31 of 32 killed
(no stat)
