setting       C1          C1/E1       C1/H        C1/P1.3     C1/P1.3r    C1/P2.6     C2          C2/E1       C2/H        C2/P1.3     C2/P1.3r    C2/P2.6     
adjust=0.1    23/43       14/43       24/43       28/43       28/43       30/43       ok          -           -           15/43       15/43       -           
adjust=0.25   ok          ok          ok          ok          ok          ok          ok          -           -           ok          ok          -           
adjust=0.5    ok          ok          ok          ok          ok          ok          ok          -           -           ok          ok          -           
adjust=0.75   ok          ok          ok          ok          ok          ok          ok          ok          ok          ok          ok          ok          
adjust=0.9    ok          ok          ok          ok          ok          ok          ok          ok          ok          ok          ok          ok          
adjust=1.1    ok          ok          ok          ok          ok          ok          ok          ok          ok          ok          ok          ok          
adjust=1.25   ok          ok          ok          ok          ok          ok          ok          ok          ok          ok          ok          ok          
adjust=1.5    ok          ok          ok          ok          ok          1/43        ok          -           -           ok          ok          -           
adjust=2      2/43        ok          ok          ok          ok          ok          ok          -           -           ok          ok          -           
adjust=4      2/43        ok          ok          ok          ok          ok          ok          -           -           ok          ok          -           
buffer=0.25   ok          ok          ok          ok          ok          ok          ok          -           -           ok          ok          -           
buffer=0.5    ok          ok          ok          ok          ok          ok          ok          -           -           ok          ok          -           
buffer=0.75   ok          ok          ok          ok          ok          ok          ok          ok          ok          ok          ok          ok          
buffer=0.9    ok          ok          ok          ok          ok          ok          ok          ok          ok          ok          ok          ok          
buffer=1.05   ok          ok          ok          ok          ok          ok          ok          -           -           ok          ok          -           
buffer=1.1    1/43        ok          ok          ok          ok          ok          ok          ok          ok          ok          ok          ok          
buffer=1.15   2/43        ok          ok          ok          ok          ok          ok          -           -           ok          ok          -           
buffer=1.2    2/43        ok          ok          ok          ok          ok          ok          -           -           ok          ok          -           
buffer=1.25   3/43        ok          ok          ok          ok          ok          ok          ok          ok          ok          ok          ok          
buffer=1.3    3/43        ok          ok          ok          ok          ok          ok          -           -           ok          ok          -           
buffer=1.4    3/43        ok          ok          ok          ok          ok          ok          -           -           ok          ok          -           
buffer=1.5    4/43        ok          ok          ok          ok          ok          ok          -           -           ok          ok          -           
buffer=1.75   5/43        ok          ok          ok          ok          ok          ok          -           -           ok          ok          -           
buffer=2      6/43        ok          ok          ok          ok          ok          1/43        -           -           ok          ok          -           
rate=0.5      6/43        ok          ok          ok          ok          6/43        1/43        -           -           ok          ok          -           
rate=0.55     4/43        ok          ok          ok          ok          5/43        1/43        -           -           ok          ok          -           
rate=0.6      4/43        ok          ok          ok          ok          3/43        1/43        -           -           ok          ok          -           
rate=0.65     4/43        ok          ok          ok          ok          2/43        ok          -           -           ok          ok          -           
rate=0.7      3/43        ok          ok          ok          ok          2/43        ok          -           -           ok          ok          -           
rate=0.75     3/43        ok          ok          ok          ok          2/43        ok          ok          ok          ok          ok          ok          
rate=0.8      3/43        ok          ok          ok          ok          ok          ok          -           -           ok          ok          -           
rate=0.85     2/43        ok          ok          ok          ok          ok          ok          -           -           ok          ok          -           
rate=0.9      2/43        ok          ok          ok          ok          ok          ok          ok          ok          ok          ok          ok          
rate=0.95     ok          ok          ok          ok          ok          ok          ok          -           -           ok          ok          -           
rate=1.1      ok          ok          ok          ok          ok          ok          ok          ok          ok          ok          ok          ok          
rate=1.25     ok          ok          ok          ok          ok          ok          ok          ok          ok          ok          ok          ok          
rate=1.5      ok          ok          ok          ok          ok          ok          ok          -           -           ok          ok          -           
rate=2        ok          ok          ok          ok          ok          ok          ok          -           -           ok          ok          -           
rate=3        ok          2/43        ok          ok          ok          ok          ok          -           -           ok          ok          -           
tilt=0.01     ok          ok          ok          ok          ok          ok          ok          -           -           ok          ok          -           
tilt=0.02     ok          ok          ok          ok          ok          ok          ok          -           -           ok          ok          -           
tilt=0.05     ok          ok          ok          ok          ok          ok          ok          ok          ok          ok          ok          ok          
tilt=0.1      ok          ok          ok          ok          ok          ok          ok          ok          ok          ok          ok          ok          
tilt=0.25     3/43        ok          ok          ok          ok          ok          ok          ok          ok          ok          ok          ok          
tilt=0.5      3/43        ok          ok          ok          ok          ok          ok          ok          ok          ok          ok          ok          
tilt=1        3/43        ok          ok          ok          ok          ok          ok          ok          ok          ok          ok          ok          
tilt=2        5/43        1/43        3/43        3/43        3/43        2/43        1/43        -           -           2/43        2/43        -           
