C1         T1: 319 (444) peak 71/504 dead 0/0 baskets 0.632 | T2: 372 (557) peak 311/2184 dead 0/96 baskets 0.131 | T3: 508 (828) peak 1141/inf dead 30/183 baskets 0.000
C2         T1: 315 (494) peak 72/419 dead 0/0 baskets 0.688 | T2: 360 (547) peak 232/1739 dead 0/79 baskets 0.205 | T3: 514 (641) peak 1068/inf dead 23/153 baskets 0.000
C1/P1.3r   T1: 319 (444) peak 71/504 dead 0/0 baskets 0.632 | T2: 369 (545) peak 269/2184 dead 0/83 baskets 0.131 | T3: 516 (698) peak 1089/inf dead 30/150 baskets 0.000
C2/P1.3r   T1: 326 (506) peak 78/476 dead 0/0 baskets 0.621 | T2: 387 (545) peak 257/1982 dead 0/81 baskets 0.161 | T3: 524 (671) peak 1132/inf dead 28/150 baskets 0.000
C1/P1.3    T1: 319 (444) peak 71/504 dead 0/0 baskets 0.632 | T2: 369 (545) peak 269/2184 dead 0/83 baskets 0.131 | T3: 515 (696) peak 1073/inf dead 30/150 baskets 0.000
C2/P1.3    T1: 326 (506) peak 78/476 dead 0/0 baskets 0.621 | T2: 387 (545) peak 257/1982 dead 0/81 baskets 0.161 | T3: 524 (671) peak 1132/inf dead 28/150 baskets 0.000
C1/P0.65   T1: 319 (444) peak 71/504 dead 0/0 baskets 0.632 | T2: 371 (534) peak 272/2184 dead 0/82 baskets 0.131 | T3: 517 (713) peak 1153/inf dead 30/150 baskets 0.000
C2/P0.65   T1: 327 (501) peak 75/474 dead 0/0 baskets 0.622 | T2: 391 (543) peak 259/1985 dead 0/82 baskets 0.160 | T3: 531 (687) peak 1110/inf dead 28/152 baskets 0.000
C1/P2.6    T1: 319 (444) peak 71/504 dead 0/0 baskets 0.632 | T2: 370 (548) peak 272/2184 dead 0/88 baskets 0.131 | T3: 516 (854) peak 1092/inf dead 29/216 baskets 0.000
C2/P2.6    T1: 322 (503) peak 79/468 dead 0/0 baskets 0.626 | T2: 376 (554) peak 258/1975 dead 0/80 baskets 0.162 | T3: 526 (654) peak 1155/inf dead 27/182 baskets 0.000
C1/E0.1    T1: 326 (537) peak 71/2959 dead 0/54 baskets 0.245 | T2: 510 (681) peak 1509/6413 dead 20/118 baskets 0.037 | T3: 595 (997) peak 2509/inf dead 51/192 baskets 0.000
C2/E0.1    T1: 315 (556) peak 72/2097 dead 0/45 baskets 0.297 | T2: 507 (599) peak 856/5107 dead 0/106 baskets 0.064 | T3: 557 (810) peak 1887/inf dead 49/183 baskets 0.000
C1/E1      T1: 326 (682) peak 71/inf dead 0/104 baskets 0.000 | T2: 630 (769) peak inf/inf dead 96/130 baskets 0.000 | T3: 669 (1097) peak inf/inf dead 99/204 baskets 0.000
C2/E1      T1: 315 (794) peak 72/inf dead 0/100 baskets 0.000 | T2: 583 (794) peak inf/inf dead 76/123 baskets 0.000 | T3: 717 (813) peak inf/inf dead 99/190 baskets 0.000
C1/H       T1: 288 (465) peak 75/477 dead 0/0 baskets 0.648 | T2: 357 (489) peak 299/2020 dead 0/60 baskets 0.154 | T3: 480 (697) peak 1047/inf dead 22/135 baskets 0.000
C2/H       T1: 312 (491) peak 71/404 dead 0/0 baskets 0.697 | T2: 359 (544) peak 223/1664 dead 0/59 baskets 0.220 | T3: 506 (643) peak 1025/inf dead 23/138 baskets 0.000
C1/X4      T1: 354 (461) peak 64/446 dead 0/0 baskets 0.640 | T2: 395 (632) peak 328/6054 dead 0/111 baskets 0.052 | T3: 568 (1472) peak 1545/inf dead 27/197 baskets 0.000
C1/X4+E0.1 T1: 354 (608) peak 64/4121 dead 0/68 baskets 0.163 | T2: 555 (654) peak 2462/7797 dead 46/125 baskets 0.030 | T3: 590 (1702) peak 3783/inf dead 63/211 baskets 0.000
C1/X4+H    T1: 355 (460) peak 65/278 dead 0/0 baskets 0.774 | T2: 415 (595) peak 273/1593 dead 0/60 baskets 0.219 | T3: 553 (701) peak 1249/inf dead 19/133 baskets 0.000
C1/X4+P1.3 T1: 354 (461) peak 64/370 dead 0/0 baskets 0.692 | T2: 389 (594) peak 328/2652 dead 0/88 baskets 0.161 | T3: 542 (808) peak 1308/inf dead 29/151 baskets 0.000
C1/X4+P1.3r T1: 354 (461) peak 64/370 dead 0/0 baskets 0.692 | T2: 389 (595) peak 328/2638 dead 0/89 baskets 0.161 | T3: 542 (812) peak 1308/inf dead 29/151 baskets 0.000
