markets ['labour', 'land', 'manufactures', 'food', 'care', 'shelter', 'mach']
t  0 e0/w 0.529 X 1.000 s [0.252, 0.252, 0.252, 0.252] hrs 0.5385 labD 0.5122 K 4.71 Mc [3.15, 51.28, 2.66, 50.75] Mk 21 Mw 33.6 Mp 19.9 y [2.6644, 5.2155, 0.8985, 3.6493] Xm 4.389 reg Crowded Tp 0.000
t  1 e0/w 0.531 X 1.000 s [0.239, 0.239, 0.239, 0.239] hrs 0.5385 labD 0.4933 K 4.39 Mc [3.21, 51.74, 2.66, 51.09] Mk 20.1 Mw 33.6 Mp 19.9 y [2.5448, 4.9358, 0.8593, 3.448] Xm 4.212 reg Crowded Tp 0.000
t  2 e0/w 0.538 X 1.000 s [0.228, 0.228, 0.228, 0.228] hrs 0.5385 labD 0.4700 K 4.21 Mc [3.29, 51.76, 2.62, 50.43] Mk 19.3 Mw 34.7 Mp 20.3 y [2.4025, 4.5718, 0.7954, 3.1528] Xm 4.091 reg Crowded Tp 0.000
t  3 e0/w 0.548 X 1.000 s [0.217, 0.217, 0.217, 0.217] hrs 0.5385 labD 0.4472 K 4.09 Mc [3.38, 51.56, 2.57, 49.59] Mk 18.4 Mw 36 Mp 20.8 y [2.3937, 4.4386, 0.7748, 3.0246] Xm 3.979 reg Crowded Tp 0.000
t  4 e0/w 0.562 X 1.000 s [0.206, 0.206, 0.206, 0.206] hrs 0.5385 labD 0.4250 K 3.98 Mc [3.47, 51.03, 2.51, 48.47] Mk 17.6 Mw 37.8 Mp 21.5 y [2.3996, 4.3101, 0.7571, 2.9036] Xm 3.889 reg Crowded Tp 0.000
t  5 e0/w 0.580 X 1.000 s [0.196, 0.196, 0.196, 0.196] hrs 0.5385 labD 0.4041 K 3.89 Mc [3.57, 50.4, 2.46, 47.27] Mk 16.8 Mw 39.8 Mp 22 y [2.4257, 4.2112, 0.7464, 2.8048] Xm 3.766 reg Crowded Tp 0.000
t  6 e0/w 0.602 X 1.000 s [0.186, 0.186, 0.186, 0.186] hrs 0.5385 labD 0.3848 K 3.77 Mc [3.67, 49.71, 2.41, 46.06] Mk 16.1 Mw 42 Mp 22.5 y [2.4186, 4.0556, 0.7267, 2.671] Xm 3.607 reg Crowded Tp 0.000
t  7 e0/w 0.628 X 1.000 s [0.177, 0.177, 0.177, 0.177] hrs 0.5357 labD 0.3673 K 3.61 Mc [3.77, 49.08, 2.36, 44.91] Mk 15.4 Mw 44.2 Mp 22.6 y [2.3698, 3.8415, 0.6969, 2.5025] Xm 3.461 reg Enclosed Tp 0.000
t  8 e0/w 0.658 X 1.000 s [0.169, 0.169, 0.169, 0.169] hrs 0.4967 labD 0.3509 K 3.46 Mc [3.89, 48.44, 2.33, 43.78] Mk 14.8 Mw 46.7 Mp 22.5 y [2.3276, 3.6464, 0.6704, 2.3501] Xm 3.324 reg Enclosed Tp 0.006
t  9 e0/w 0.689 X 1.000 s [0.16, 0.16, 0.16, 0.16] hrs 0.4586 labD 0.3351 K 3.32 Mc [4.0, 47.74, 2.29, 42.64] Mk 14.1 Mw 49.4 Mp 22.2 y [2.2896, 3.4631, 0.6449, 2.209] Xm 3.196 reg Enclosed Tp 0.011
t 10 e0/w 0.721 X 1.000 s [0.153, 0.153, 0.153, 0.153] hrs 0.4218 labD 0.3200 K 3.2 Mc [4.13, 47.02, 2.25, 41.49] Mk 13.6 Mw 52.3 Mp 21.7 y [2.2541, 3.2909, 0.6204, 2.0781] Xm 3.075 reg Enclosed Tp 0.016
t 11 e0/w 0.754 X 1.000 s [0.145, 0.145, 0.145, 0.145] hrs 0.3867 labD 0.3056 K 3.07 Mc [4.25, 46.28, 2.22, 40.36] Mk 13 Mw 55.4 Mp 20.9 y [2.2204, 3.1295, 0.5968, 1.9569] Xm 2.962 reg Enclosed Tp 0.020
t 12 e0/w 0.787 X 1.000 s [0.138, 0.138, 0.138, 0.138] hrs 0.3534 labD 0.2918 K 2.96 Mc [4.38, 45.52, 2.19, 39.24] Mk 12.5 Mw 58.7 Mp 19.8 y [2.1881, 2.9788, 0.5743, 1.845] Xm 2.855 reg Enclosed Tp 0.025
t 13 e0/w 0.820 X 1.000 s [0.131, 0.131, 0.131, 0.131] hrs 0.3222 labD 0.2788 K 2.86 Mc [4.51, 44.77, 2.16, 38.15] Mk 12 Mw 62.2 Mp 18.6 y [2.1565, 2.8382, 0.5529, 1.7418] Xm 2.755 reg Enclosed Tp 0.029
t 14 e0/w 0.852 X 1.000 s [0.125, 0.125, 0.125, 0.125] hrs 0.2933 labD 0.2664 K 2.76 Mc [4.64, 44.03, 2.14, 37.08] Mk 11.6 Mw 65.9 Mp 17 y [2.1254, 2.7074, 0.5325, 1.6467] Xm 2.662 reg Enclosed Tp 0.033
t 15 e0/w 0.883 X 1.000 s [0.119, 0.119, 0.119, 0.119] hrs 0.2668 labD 0.2546 K 2.66 Mc [4.76, 43.29, 2.12, 36.05] Mk 11.1 Mw 69.8 Mp 15.2 y [2.0946, 2.5861, 0.5131, 1.5592] Xm 2.574 reg Enclosed Tp 0.037
t 16 e0/w 0.911 X 1.000 s [0.113, 0.113, 0.113, 0.113] hrs 0.2427 labD 0.2435 K 2.57 Mc [4.89, 42.58, 2.1, 35.06] Mk 10.7 Mw 73.9 Mp 13.1 y [2.0638, 2.4736, 0.4948, 1.4789] Xm 2.484 reg Enclosed Tp 0.040
t 17 e0/w 0.937 X 1.000 s [0.108, 0.108, 0.108, 0.108] hrs 0.2211 labD 0.2331 K 2.48 Mc [5.02, 41.89, 2.08, 34.12] Mk 10.3 Mw 78.2 Mp 10.7 y [2.0224, 2.3586, 0.4753, 1.3987] Xm 2.291 reg Enclosed Tp 0.043
t 18 e0/w 0.960 X 1.000 s [0.102, 0.102, 0.102, 0.102] hrs 0.2018 labD 0.2233 K 2.29 Mc [5.14, 41.23, 2.07, 33.21] Mk 9.99 Mw 82.7 Mp 8.04 y [1.8555, 2.11, 0.4285, 1.2414] Xm 2.118 reg Enclosed Tp 0.045
t 19 e0/w 0.981 X 1.000 s [0.097, 0.097, 0.097, 0.097] hrs 0.1844 labD 0.2137 K 2.12 Mc [5.27, 40.62, 2.06, 32.35] Mk 9.61 Mw 85.2 Mp 7.23 y [1.7061, 1.8931, 0.3874, 1.105] Xm 1.956 reg Enclosed Tp 0.048
t 20 e0/w 1.000 X 1.000 s [0.093, 0.093, 0.093, 0.093] hrs 0.1682 labD 0.2040 K 1.96 Mc [5.38, 39.87, 2.04, 31.38] Mk 9.23 Mw 87.4 Mp 7.05 y [1.5651, 1.6949, 0.3496, 0.9815] Xm 1.803 reg Enclosed Tp 0.050
t 21 e0/w 1.017 X 1.000 s [0.088, 0.088, 0.088, 0.088] hrs 0.1532 labD 0.1942 K 1.8 Mc [5.49, 39.02, 2.02, 30.35] Mk 8.84 Mw 89.8 Mp 6.86 y [1.432, 1.5139, 0.3146, 0.8697] Xm 1.661 reg Enclosed Tp 0.052
t 22 e0/w 1.033 X 1.000 s [0.084, 0.084, 0.084, 0.084] hrs 0.1393 labD 0.1845 K 1.66 Mc [5.59, 38.09, 2.0, 29.28] Mk 8.44 Mw 92.3 Mp 6.65 y [1.3071, 1.3491, 0.2825, 0.7688] Xm 1.528 reg Enclosed Tp 0.054
t 23 e0/w 1.046 X 1.000 s [0.08, 0.08, 0.08, 0.08] hrs 0.1265 labD 0.1750 K 1.53 Mc [5.68, 37.11, 1.98, 28.16] Mk 8.05 Mw 95 Mp 6.43 y [1.1897, 1.199, 0.253, 0.6777] Xm 1.403 reg Enclosed Tp 0.056
t 24 e0/w 1.058 X 1.000 s [0.076, 0.076, 0.076, 0.076] hrs 0.1148 labD 0.1657 K 1.4 Mc [5.76, 36.07, 1.95, 27.03] Mk 7.66 Mw 97.7 Mp 6.2 y [1.0797, 1.0624, 0.2259, 0.5956] Xm 1.287 reg Enclosed Tp 0.057
t 25 e0/w 1.068 X 1.000 s [0.072, 0.072, 0.072, 0.072] hrs 0.1040 labD 0.1566 K 1.29 Mc [5.84, 34.99, 1.92, 25.88] Mk 7.28 Mw 101 Mp 5.96 y [0.9771, 0.9386, 0.201, 0.5218] Xm 1.179 reg Enclosed Tp 0.059
t 26 e0/w 1.076 X 1.000 s [0.069, 0.069, 0.069, 0.069] hrs 0.0942 labD 0.1478 K 1.18 Mc [5.91, 33.89, 1.89, 24.72] Mk 6.9 Mw 103 Mp 5.72 y [0.882, 0.827, 0.1785, 0.4559] Xm 1.08 reg Enclosed Tp 0.060
t 27 e0/w 1.083 X 1.000 s [0.065, 0.065, 0.065, 0.065] hrs 0.0854 labD 0.1393 K 1.08 Mc [5.98, 32.76, 1.86, 23.56] Mk 6.53 Mw 106 Mp 5.48 y [0.7945, 0.7271, 0.1581, 0.3974] Xm 0.9891 reg Enclosed Tp 0.061
t 28 e0/w 1.088 X 1.000 s [0.062, 0.062, 0.062, 0.062] hrs 0.0774 labD 0.1311 K 0.989 Mc [6.04, 31.63, 1.82, 22.42] Mk 6.17 Mw 109 Mp 5.24 y [0.7147, 0.6383, 0.1398, 0.3458] Xm 0.9061 reg Enclosed Tp 0.062
t 29 e0/w 1.091 X 1.000 s [0.059, 0.059, 0.059, 0.059] hrs 0.0702 labD 0.1233 K 0.906 Mc [6.1, 30.48, 1.79, 21.29] Mk 5.82 Mw 112 Mp 5 y [0.6428, 0.5601, 0.1236, 0.3007] Xm 0.8309 reg Enclosed Tp 0.063
t 30 e0/w 1.093 X 1.000 s [0.056, 0.056, 0.056, 0.056] hrs 0.0638 labD 0.1158 K 0.831 Mc [6.15, 29.35, 1.75, 20.18] Mk 5.49 Mw 115 Mp 4.76 y [0.5784, 0.4917, 0.1093, 0.2616] Xm 0.7632 reg Enclosed Tp 0.064
t 35 e0/w 1.087 X 1.000 s [0.044, 0.044, 0.044, 0.044] hrs 0.0414 labD 0.0839 K 0.557 Mc [6.38, 23.93, 1.57, 15.12] Mk 4.02 Mw 128 Mp 3.65 y [0.3607, 0.2707, 0.0625, 0.1372] Xm 0.5195 reg Enclosed Tp 0.067
t 40 e0/w 1.068 X 1.000 s [0.034, 0.034, 0.034, 0.034] hrs 0.0291 labD 0.0608 K 0.405 Mc [6.56, 19.45, 1.4, 11.18] Mk 2.93 Mw 138 Mp 2.74 y [0.262, 0.1752, 0.042, 0.0844] Xm 0.3827 reg Enclosed Tp 0.069
t 45 e0/w 1.050 X 1.000 s [0.027, 0.027, 0.027, 0.027] hrs 0.0217 labD 0.0451 K 0.312 Mc [6.73, 16.15, 1.28, 8.39] Mk 2.19 Mw 146 Mp 2.08 y [0.2108, 0.1285, 0.0319, 0.059] Xm 0.2977 reg Enclosed Tp 0.070
t 50 e0/w 1.035 X 1.000 s [0.021, 0.021, 0.021, 0.021] hrs 0.0168 labD 0.0345 K 0.25 Mc [6.92, 13.9, 1.2, 6.52] Mk 1.69 Mw 151 Mp 1.62 y [0.1757, 0.1008, 0.0257, 0.0443] Xm 0.2402 reg Enclosed Tp 0.070
t 55 e0/w 1.023 X 1.000 s [0.016, 0.016, 0.016, 0.016] hrs 0.0134 labD 0.0272 K 0.207 Mc [7.11, 12.48, 1.15, 5.32] Mk 1.36 Mw 154 Mp 1.31 y [0.1487, 0.0831, 0.0215, 0.0355] Xm 0.2 reg Enclosed Tp 0.071
t 60 e0/w 1.014 X 1.000 s [0.013, 0.013, 0.013, 0.013] hrs 0.0111 labD 0.0222 K 0.176 Mc [7.32, 11.73, 1.14, 4.61] Mk 1.15 Mw 155 Mp 1.1 y [0.1273, 0.0718, 0.0186, 0.0304] Xm 0.1714 reg Enclosed Tp 0.071
t 65 e0/w 1.007 X 1.000 s [0.01, 0.01, 0.01, 0.01] hrs 0.0095 labD 0.0187 K 0.154 Mc [7.55, 11.59, 1.17, 4.3] Mk 1.02 Mw 156 Mp 0.97 y [0.1097, 0.065, 0.0165, 0.0282] Xm 0.1509 reg Enclosed Tp 0.071
t 70 e0/w 1.003 X 1.000 s [0.008, 0.008, 0.008, 0.008] hrs 0.0083 labD 0.0162 K 0.139 Mc [7.8, 12.05, 1.22, 4.38] Mk 0.947 Mw 155 Mp 0.9 y [0.0948, 0.0614, 0.0151, 0.0284] Xm 0.1361 reg Enclosed Tp 0.072
t 75 e0/w 0.999 X 1.000 s [0.006, 0.006, 0.006, 0.006] hrs 0.0074 labD 0.0143 K 0.127 Mc [8.06, 13.17, 1.32, 4.92] Mk 0.915 Mw 153 Mp 0.888 y [0.0818, 0.0603, 0.014, 0.0313] Xm 0.1252 reg Enclosed Tp 0.072
t 80 e0/w 0.997 X 1.000 s [0.005, 0.005, 0.005, 0.005] hrs 0.0068 labD 0.0129 K 0.119 Mc [8.34, 15.1, 1.45, 6.15] Mk 0.918 Mw 149 Mp 0.94 y [0.07, 0.0608, 0.0131, 0.0377] Xm 0.1172 reg Enclosed Tp 0.072
t 85 e0/w 0.995 X 1.000 s [0.004, 0.004, 0.004, 0.004] hrs 0.0063 labD 0.0118 K 0.112 Mc [8.64, 18.02, 1.63, 8.58] Mk 0.949 Mw 143 Mp 1.08 y [0.059, 0.0624, 0.0123, 0.0495] Xm 0.1114 reg Enclosed Tp 0.072
t 90 e0/w 0.994 X 1.000 s [0.003, 0.003, 0.003, 0.003] hrs 0.0060 labD 0.0109 K 0.108 Mc [8.93, 22.21, 1.85, 13.23] Mk 1.01 Mw 134 Mp 1.34 y [0.0489, 0.0645, 0.0114, 0.0695] Xm 0.1077 reg Enclosed Tp 0.072
t 95 e0/w 0.993 X 1.000 s [0.002, 0.002, 0.002, 0.002] hrs 0.0059 labD 0.0101 K 0.107 Mc [9.22, 27.92, 2.12, 22.01] Mk 1.09 Mw 118 Mp 1.83 y [0.0401, 0.0668, 0.0106, 0.1027] Xm 0.1066 reg Enclosed Tp 0.072
t100 e0/w 0.992 X 1.000 s [0.002, 0.002, 0.002, 0.002] hrs 0.0061 labD 0.0097 K 0.109 Mc [9.5, 35.45, 2.44, 38.18] Mk 1.22 Mw 92.9 Mp 2.7 y [0.0334, 0.0703, 0.01, 0.1572] Xm 0.1116 reg Enclosed Tp 0.072
t105 e0/w 1.021 X 1.000 s [0.001, 0.001, 0.001, 0.001] hrs 0.0000 labD 0.0096 K 0.134 Mc [9.79, 46.19, 2.84, 62.94] Mk 1.35 Mw 56.2 Mp 3.06 y [0.036, 0.0974, 0.0, 0.2875] Xm 0 reg Enclosed Tp 0.073
t110 e0/w 1.008 X 1.000 s [0.001, 0.001, 0.001, 0.001] hrs 0.0000 labD 0.0073 K 0 Mc [9.9, 49.51, 2.84, 61.03] Mk 1.22 Mw 54.7 Mp 3.17 y [0.0, 0.0, 0.0, 0.0] Xm 0 reg Enclosed Tp 0.073
t115 e0/w 1.078 X 1.000 s [0.001, 0.001, 0.001, 0.001] hrs 0.0000 labD 0.0050 K 0 Mc [9.9, 46.56, 2.77, 48.14] Mk 0.972 Mw 70.8 Mp 3.24 y [0.0, 0.0, 0.0, 0.0] Xm 0 reg Enclosed Tp 0.073
t120 e0/w 0.989 X 1.000 s [0.001, 0.001, 0.001, 0.001] hrs 0.0071 labD 0.0033 K 0 Mc [9.9, 43.58, 2.7, 36.84] Mk 0.84 Mw 85.9 Mp 2.58 y [0.0, 0.0, 0.0, 0.0] Xm 0 reg Enclosed Tp 0.072
t125 e0/w 1.039 X 1.000 s [0.0, 0.0, 0.0, 0.0] hrs 0.0000 labD 0.0023 K 0 Mc [9.9, 41.09, 2.64, 28.67] Mk 0.669 Mw 97.5 Mp 1.93 y [0.0, 0.0, 0.0, 0.0] Xm 0 reg Enclosed Tp 0.073
t130 e0/w 1.084 X 1.000 s [0.0, 0.0, 0.0, 0.0] hrs 0.0000 labD 0.0015 K 0 Mc [9.9, 39.03, 2.59, 22.75] Mk 0.536 Mw 106 Mp 1.45 y [0.0, 0.0, 0.0, 0.0] Xm 0 reg Enclosed Tp 0.073
t135 e0/w 1.015 X 1.000 s [0.0, 0.0, 0.0, 0.0] hrs 0.0000 labD 0.0010 K 0 Mc [9.9, 37.35, 2.55, 18.43] Mk 0.474 Mw 113 Mp 1.1 y [0.0, 0.0, 0.0, 0.0] Xm 0 reg Enclosed Tp 0.073
t140 e0/w 0.966 X 1.000 s [0.0, 0.0, 0.0, 0.0] hrs 0.0194 labD 0.0007 K 0 Mc [9.9, 35.99, 2.51, 15.25] Mk 0.422 Mw 117 Mp 0.837 y [0.0, 0.0, 0.0, 0.0] Xm 0 reg Enclosed Tp 0.070
t145 e0/w 1.099 X 1.000 s [0.0, 0.0, 0.0, 0.0] hrs 0.0000 labD 0.0005 K 0 Mc [9.9, 34.88, 2.48, 12.9] Mk 0.342 Mw 121 Mp 0.642 y [0.0, 0.0, 0.0, 0.0] Xm 0 reg Enclosed Tp 0.073
t150 e0/w 1.049 X 1.000 s [0.0, 0.0, 0.0, 0.0] hrs 0.0000 labD 0.0004 K 0 Mc [9.9, 33.98, 2.46, 11.15] Mk 0.307 Mw 124 Mp 0.497 y [0.0, 0.0, 0.0, 0.0] Xm 0 reg Enclosed Tp 0.073
t155 e0/w 1.002 X 1.000 s [0.0, 0.0, 0.0, 0.0] hrs 0.0000 labD 0.0003 K 0 Mc [9.9, 33.26, 2.44, 9.82] Mk 0.275 Mw 126 Mp 0.387 y [0.0, 0.0, 0.0, 0.0] Xm 0 reg Enclosed Tp 0.073
t160 e0/w 0.957 X 1.000 s [0.0, 0.0, 0.0, 0.0] hrs 0.0243 labD 0.0002 K 0 Mc [9.9, 32.68, 2.43, 8.81] Mk 0.248 Mw 128 Mp 0.304 y [0.0, 0.0, 0.0, 0.0] Xm 0 reg Enclosed Tp 0.069
t165 e0/w 1.094 X 1.000 s [0.0, 0.0, 0.0, 0.0] hrs 0.0000 labD 0.0001 K 0 Mc [9.9, 32.21, 2.41, 8.04] Mk 0.203 Mw 129 Mp 0.239 y [0.0, 0.0, 0.0, 0.0] Xm 0 reg Enclosed Tp 0.073
t170 e0/w 0.998 X 1.000 s [0.0, 0.0, 0.0, 0.0] hrs 0.0013 labD 0.0001 K 0 Mc [9.9, 31.83, 2.4, 7.44] Mk 0.183 Mw 130 Mp 0.19 y [0.0, 0.0, 0.0, 0.0] Xm 0 reg Enclosed Tp 0.073
t175 e0/w 1.134 X 1.000 s [0.0, 0.0, 0.0, 0.0] hrs 0.0000 labD 0.0001 K 0 Mc [9.9, 31.52, 2.39, 6.97] Mk 0.149 Mw 131 Mp 0.151 y [0.0, 0.0, 0.0, 0.0] Xm 0 reg Enclosed Tp 0.073
t180 e0/w 1.083 X 1.000 s [0.0, 0.0, 0.0, 0.0] hrs 0.0000 labD 0.0000 K 0 Mc [9.9, 31.28, 2.39, 6.61] Mk 0.135 Mw 132 Mp 0.121 y [0.0, 0.0, 0.0, 0.0] Xm 0 reg Enclosed Tp 0.073
t185 e0/w 1.035 X 1.000 s [0.0, 0.0, 0.0, 0.0] hrs 0.0000 labD 0.0000 K 0 Mc [9.9, 31.08, 2.38, 6.33] Mk 0.122 Mw 132 Mp 0.0968 y [0.0, 0.0, 0.0, 0.0] Xm 0 reg Enclosed Tp 0.073
t190 e0/w 0.989 X 1.000 s [0.0, 0.0, 0.0, 0.0] hrs 0.0061 labD 0.0000 K 0 Mc [9.9, 30.92, 2.38, 6.1] Mk 0.11 Mw 133 Mp 0.0779 y [0.0, 0.0, 0.0, 0.0] Xm 0 reg Enclosed Tp 0.072
t195 e0/w 1.131 X 1.000 s [0.0, 0.0, 0.0, 0.0] hrs 0.0000 labD 0.0000 K 0 Mc [9.9, 30.79, 2.37, 5.92] Mk 0.0903 Mw 133 Mp 0.0627 y [0.0, 0.0, 0.0, 0.0] Xm 0 reg Enclosed Tp 0.073
t200 e0/w 1.081 X 1.000 s [0.0, 0.0, 0.0, 0.0] hrs 0.0000 labD 0.0000 K 0 Mc [9.9, 30.69, 2.37, 5.78] Mk 0.0817 Mw 133 Mp 0.0507 y [0.0, 0.0, 0.0, 0.0] Xm 0 reg Enclosed Tp 0.073
t205 e0/w 1.033 X 1.000 s [0.0, 0.0, 0.0, 0.0] hrs 0.0000 labD 0.0000 K 0 Mc [9.9, 30.61, 2.37, 5.67] Mk 0.0739 Mw 134 Mp 0.0411 y [0.0, 0.0, 0.0, 0.0] Xm 0 reg Enclosed Tp 0.073
t210 e0/w 0.988 X 1.000 s [0.0, 0.0, 0.0, 0.0] hrs 0.0066 labD 0.0000 K 0 Mc [9.9, 30.54, 2.36, 5.58] Mk 0.0668 Mw 134 Mp 0.0334 y [0.0, 0.0, 0.0, 0.0] Xm 0 reg Enclosed Tp 0.072
t215 e0/w 1.131 X 1.000 s [0.0, 0.0, 0.0, 0.0] hrs 0.0000 labD 0.0000 K 0 Mc [9.9, 30.49, 2.36, 5.51] Mk 0.0547 Mw 134 Mp 0.0271 y [0.0, 0.0, 0.0, 0.0] Xm 0 reg Enclosed Tp 0.073
t220 e0/w 1.081 X 1.000 s [0.0, 0.0, 0.0, 0.0] hrs 0.0000 labD 0.0000 K 0 Mc [9.9, 30.45, 2.36, 5.45] Mk 0.0495 Mw 134 Mp 0.0221 y [0.0, 0.0, 0.0, 0.0] Xm 0 reg Enclosed Tp 0.073
t225 e0/w 1.033 X 1.000 s [0.0, 0.0, 0.0, 0.0] hrs 0.0000 labD 0.0000 K 0 Mc [9.9, 30.41, 2.36, 5.41] Mk 0.0448 Mw 134 Mp 0.0181 y [0.0, 0.0, 0.0, 0.0] Xm 0 reg Enclosed Tp 0.073
t230 e0/w 0.988 X 1.000 s [0.0, 0.0, 0.0, 0.0] hrs 0.0067 labD 0.0000 K 0 Mc [9.9, 30.39, 2.36, 5.37] Mk 0.0405 Mw 134 Mp 0.0148 y [0.0, 0.0, 0.0, 0.0] Xm 0 reg Enclosed Tp 0.072
t235 e0/w 1.130 X 1.000 s [0.0, 0.0, 0.0, 0.0] hrs 0.0000 labD 0.0000 K 0 Mc [9.9, 30.36, 2.36, 5.34] Mk 0.0332 Mw 134 Mp 0.0121 y [0.0, 0.0, 0.0, 0.0] Xm 0 reg Enclosed Tp 0.073
t240 e0/w 1.081 X 1.000 s [0.0, 0.0, 0.0, 0.0] hrs 0.0000 labD 0.0000 K 0 Mc [9.9, 30.35, 2.36, 5.32] Mk 0.03 Mw 134 Mp 0.00999 y [0.0, 0.0, 0.0, 0.0] Xm 0 reg Enclosed Tp 0.073
t245 e0/w 1.033 X 1.000 s [0.0, 0.0, 0.0, 0.0] hrs 0.0000 labD 0.0000 K 0 Mc [9.9, 30.33, 2.36, 5.3] Mk 0.0272 Mw 134 Mp 0.00824 y [0.0, 0.0, 0.0, 0.0] Xm 0 reg Enclosed Tp 0.073
t250 e0/w 0.988 X 1.000 s [0.0, 0.0, 0.0, 0.0] hrs 0.0067 labD 0.0000 K 0 Mc [9.9, 30.32, 2.36, 5.29] Mk 0.0246 Mw 134 Mp 0.00681 y [0.0, 0.0, 0.0, 0.0] Xm 0 reg Enclosed Tp 0.072
t255 e0/w 1.130 X 1.000 s [0.0, 0.0, 0.0, 0.0] hrs 0.0000 labD 0.0000 K 0 Mc [9.9, 30.31, 2.36, 5.28] Mk 0.0201 Mw 134 Mp 0.00562 y [0.0, 0.0, 0.0, 0.0] Xm 0 reg Enclosed Tp 0.073
t260 e0/w 1.081 X 1.000 s [0.0, 0.0, 0.0, 0.0] hrs 0.0000 labD 0.0000 K 0 Mc [9.9, 30.31, 2.36, 5.27] Mk 0.0182 Mw 135 Mp 0.00469 y [0.0, 0.0, 0.0, 0.0] Xm 0 reg Enclosed Tp 0.073
t265 e0/w 1.033 X 1.000 s [0.0, 0.0, 0.0, 0.0] hrs 0.0000 labD 0.0000 K 0 Mc [9.9, 30.3, 2.36, 5.26] Mk 0.0165 Mw 135 Mp 0.0039 y [0.0, 0.0, 0.0, 0.0] Xm 0 reg Enclosed Tp 0.073
t270 e0/w 0.988 X 1.000 s [0.0, 0.0, 0.0, 0.0] hrs 0.0067 labD 0.0000 K 0 Mc [9.9, 30.3, 2.36, 5.25] Mk 0.0149 Mw 135 Mp 0.00326 y [0.0, 0.0, 0.0, 0.0] Xm 0 reg Enclosed Tp 0.072
t275 e0/w 1.130 X 1.000 s [0.0, 0.0, 0.0, 0.0] hrs 0.0000 labD 0.0000 K 0 Mc [9.9, 30.29, 2.36, 5.25] Mk 0.0122 Mw 135 Mp 0.00272 y [0.0, 0.0, 0.0, 0.0] Xm 0 reg Enclosed Tp 0.073
t280 e0/w 1.081 X 1.000 s [0.0, 0.0, 0.0, 0.0] hrs 0.0000 labD 0.0000 K 0 Mc [9.9, 30.29, 2.36, 5.25] Mk 0.011 Mw 135 Mp 0.0023 y [0.0, 0.0, 0.0, 0.0] Xm 0 reg Enclosed Tp 0.073
t285 e0/w 1.033 X 1.000 s [0.0, 0.0, 0.0, 0.0] hrs 0.0000 labD 0.0000 K 0 Mc [9.9, 30.29, 2.36, 5.24] Mk 0.00999 Mw 135 Mp 0.00194 y [0.0, 0.0, 0.0, 0.0] Xm 0 reg Enclosed Tp 0.073
t290 e0/w 0.988 X 1.000 s [0.0, 0.0, 0.0, 0.0] hrs 0.0068 labD 0.0000 K 0 Mc [9.9, 30.28, 2.36, 5.24] Mk 0.00904 Mw 135 Mp 0.00164 y [0.0, 0.0, 0.0, 0.0] Xm 0 reg Enclosed Tp 0.072
t295 e0/w 1.130 X 1.000 s [0.0, 0.0, 0.0, 0.0] hrs 0.0000 labD 0.0000 K 0 Mc [9.9, 30.28, 2.36, 5.24] Mk 0.0074 Mw 135 Mp 0.00138 y [0.0, 0.0, 0.0, 0.0] Xm 0 reg Enclosed Tp 0.073
t300 e0/w 1.081 X 1.000 s [0.0, 0.0, 0.0, 0.0] hrs 0.0000 labD 0.0000 K 0 Mc [9.9, 30.28, 2.35, 5.24] Mk 0.0067 Mw 135 Mp 0.00118 y [0.0, 0.0, 0.0, 0.0] Xm 0 reg Enclosed Tp 0.073
t305 e0/w 1.033 X 1.000 s [0.0, 0.0, 0.0, 0.0] hrs 0.0000 labD 0.0000 K 0 Mc [9.9, 30.28, 2.35, 5.24] Mk 0.00606 Mw 135 Mp 0.00101 y [0.0, 0.0, 0.0, 0.0] Xm 0 reg Enclosed Tp 0.073
t310 e0/w 0.988 X 1.000 s [0.0, 0.0, 0.0, 0.0] hrs 0.0068 labD 0.0000 K 0 Mc [9.9, 30.28, 2.35, 5.23] Mk 0.00548 Mw 135 Mp 0.000865 y [0.0, 0.0, 0.0, 0.0] Xm 0 reg Enclosed Tp 0.072
t315 e0/w 1.130 X 1.000 s [0.0, 0.0, 0.0, 0.0] hrs 0.0000 labD 0.0000 K 0 Mc [9.9, 30.28, 2.35, 5.23] Mk 0.00449 Mw 135 Mp 0.000737 y [0.0, 0.0, 0.0, 0.0] Xm 0 reg Enclosed Tp 0.073
t320 e0/w 1.081 X 1.000 s [0.0, 0.0, 0.0, 0.0] hrs 0.0000 labD 0.0000 K 0 Mc [9.9, 30.28, 2.35, 5.23] Mk 0.00406 Mw 135 Mp 0.00064 y [0.0, 0.0, 0.0, 0.0] Xm 0 reg Enclosed Tp 0.073
t325 e0/w 1.033 X 1.000 s [0.0, 0.0, 0.0, 0.0] hrs 0.0000 labD 0.0000 K 0 Mc [9.9, 30.28, 2.35, 5.23] Mk 0.00368 Mw 135 Mp 0.000552 y [0.0, 0.0, 0.0, 0.0] Xm 0 reg Enclosed Tp 0.073
