ic1 c2m tpy 52: one tick from the mode-A genesis, central difference over 0.02 in ln p
market	k	eps_d	eps_s	multiplier	tau
labour	0.100000	-0.5856	+0.9162	0.8498	6.7
land	0.025000	-0.8069	+0.0000	0.9798	49.6
mach	0.025000	-0.7254	+0.0000	0.9819	55.1
services	0.050000	-0.1619	+0.0000	0.9919	123.5
goods	0.050000	-0.1875	+0.0000	0.9906	106.7
labour.trained	0.100000	-0.2401	+0.7426	0.9017	10.2
labour.master	0.100000	-0.2786	+0.6478	0.9074	10.8
eps_S (row: quantity of the market; column: price of the market)
  labour	+0.9162	-0.6285	+0.0000	-0.1333	-0.1544	+0.0000	+0.0000
  land	+0.0000	+0.0000	+0.0000	+0.0000	+0.0000	+0.0000	+0.0000
  mach	+0.0147	+0.4139	+0.0000	+0.0000	+0.0000	+0.0000	+0.0000
  services	+0.0000	+0.0000	+0.0000	+0.0000	+0.0000	+0.0000	+0.0000
  goods	+0.0000	+0.0000	+0.0000	+0.0000	+0.0000	+0.0000	+0.0000
  labour.trained	+0.0000	-0.5094	+0.0000	-0.1081	-0.1251	+0.7426	+0.0000
  labour.master	+0.0000	-0.4444	+0.0000	-0.0943	-0.1091	+0.0000	+0.6478
eps_D
  labour	-0.5856	-0.1463	-0.0555	+0.0000	+0.0000	-0.1479	-0.0648
  land	-0.0074	-0.8069	+0.0000	-0.1271	-0.1471	+0.0000	+0.0000
  mach	-0.0125	+0.0000	-0.7254	+0.0000	+0.0000	-0.1029	-0.1592
  services	+0.0000	-0.7633	+0.0000	-0.1619	-0.1875	+0.0000	+0.0000
  goods	+0.0000	-0.7633	+0.0000	-0.1619	-0.1875	+0.0000	+0.0000
  labour.trained	-0.1863	+0.0000	-0.5736	+0.0000	+0.0000	-0.2401	+0.0000
  labour.master	-0.0607	+0.0000	-0.6607	+0.0000	+0.0000	+0.0000	-0.2786
tau_max 123.5 ticks; L = 25000
