iw1 c2m tpy 365: one tick from the mode-A genesis, central difference over 0.02 in ln p
market	k	eps_d	eps_s	multiplier	tau
labour	0.014247	-0.2390	+0.8154	0.9850	66.6
land	0.003562	-0.7206	+0.0000	0.9974	389.7
mach	0.003562	-0.6383	+0.0000	0.9977	439.9
services	0.007123	-0.1823	+0.0000	0.9987	770.2
goods	0.007123	-0.1717	+0.0000	0.9988	817.6
labour.trained	0.014247	-0.1900	+0.7468	0.9867	74.9
labour.master	0.014247	-0.2699	+0.6529	0.9869	76.1
eps_S (row: quantity of the market; column: price of the market)
  labour	+0.8154	-0.5319	+0.0000	-0.1460	-0.1375	+0.0000	+0.0000
  land	+0.0000	+0.0000	+0.0000	+0.0000	+0.0000	+0.0000	+0.0000
  mach	+0.0393	+0.3893	+0.0000	+0.0000	+0.0000	+0.0000	+0.0000
  services	+0.0000	+0.0000	+0.0000	+0.0000	+0.0000	+0.0000	+0.0000
  goods	+0.0000	+0.0000	+0.0000	+0.0000	+0.0000	+0.0000	+0.0000
  labour.trained	+0.0000	-0.4872	+0.0000	-0.1337	-0.1259	+0.7468	+0.0000
  labour.master	+0.0000	-0.4259	+0.0000	-0.1169	-0.1101	+0.0000	+0.6529
eps_D
  labour	-0.2390	-0.2477	-0.3751	+0.0000	+0.0000	-0.1382	+0.0000
  land	-0.0212	-0.7206	+0.0000	-0.1402	-0.1321	+0.0000	+0.0000
  mach	-0.1261	+0.0000	-0.6383	+0.0000	+0.0000	-0.0814	-0.1542
  services	+0.0000	-0.6642	+0.0000	-0.1823	-0.1717	+0.0000	+0.0000
  goods	+0.0000	-0.6642	+0.0000	-0.1823	-0.1717	+0.0000	+0.0000
  labour.trained	-0.2942	+0.0000	-0.5158	+0.0000	+0.0000	-0.1900	+0.0000
  labour.master	+0.0000	+0.0000	-0.7301	+0.0000	+0.0000	+0.0000	-0.2699
tau_max 817.6 ticks; L = 164000
