iw1 c2m tpy 12: one tick from the mode-A genesis, central difference over 0.02 in ln p
market	k	eps_d	eps_s	multiplier	tau
labour	0.433333	-0.2390	+0.8154	0.5431	2.2
land	0.108333	-0.8841	+0.0000	0.9042	10.4
mach	0.108333	-0.6383	+0.0000	0.9309	14.5
services	0.216667	-0.2406	+0.0000	0.9479	19.2
goods	0.216667	-0.2266	+0.0000	0.9509	20.4
labour.trained	0.433333	-0.1900	+0.7468	0.5941	2.5
labour.master	0.433333	-0.2699	+0.6529	0.6001	2.5
eps_S (row: quantity of the market; column: price of the market)
  labour	+0.8154	-0.5319	+0.0000	-0.1460	-0.1375	+0.0000	+0.0000
  land	+0.0000	+0.0000	+0.0000	+0.0000	+0.0000	+0.0000	+0.0000
  mach	+0.0393	+0.3893	+0.0000	+0.0000	+0.0000	+0.0000	+0.0000
  services	+0.0000	+0.0000	+0.0000	+0.0000	+0.0000	+0.0000	+0.0000
  goods	+0.0000	+0.0000	+0.0000	+0.0000	+0.0000	+0.0000	+0.0000
  labour.trained	+0.0000	-0.4872	+0.0000	-0.1337	-0.1259	+0.7468	+0.0000
  labour.master	+0.0000	-0.4259	+0.0000	-0.1169	-0.1101	+0.0000	+0.6529
eps_D
  labour	-0.2390	-0.2477	-0.3751	+0.0000	+0.0000	-0.1382	+0.0000
  land	-0.0212	-0.8841	+0.0000	-0.1851	-0.1743	+0.0000	+0.0000
  mach	-0.1261	+0.0000	-0.6383	+0.0000	+0.0000	-0.0814	-0.1542
  services	+0.0000	-0.8768	+0.0000	-0.2406	-0.2266	+0.0000	+0.0000
  goods	+0.0000	-0.8768	+0.0000	-0.2406	-0.2266	+0.0000	+0.0000
  labour.trained	-0.2942	+0.0000	-0.5158	+0.0000	+0.0000	-0.1900	+0.0000
  labour.master	+0.0000	+0.0000	-0.7301	+0.0000	+0.0000	+0.0000	-0.2699
tau_max 20.4 ticks; L = 20000
