ct2 c2m tpy 52: one tick from the mode-A genesis, central difference over 0.02 in ln p
market	k	eps_d	eps_s	multiplier	tau
labour	0.100000	-1.2347	+1.5498	0.7215	3.6
land	0.025000	-0.8568	+0.0000	0.9786	46.7
mach	0.025000	-0.4928	+0.0000	0.9877	81.2
manufactures	0.050000	-0.0337	+0.0000	0.9983	593.8
food	0.050000	-0.5491	+0.0000	0.9725	36.4
care	0.050000	-0.0284	+0.0000	0.9986	703.7
shelter	0.050000	-0.5435	+0.0000	0.9728	36.8
commons	0.025000	+0.0000	+0.0000	1.0000	0.0
eps_S (row: quantity of the market; column: price of the market)
  labour	+1.5498	+0.0000	+0.0000	-0.0246	-1.1068	-0.0208	-0.3975	+0.0000
  land	+0.0000	+0.0000	+0.0000	+0.0000	+0.0000	+0.0000	+0.0000	+0.0000
  mach	+0.0244	+0.4042	+0.0000	+0.0000	+0.0000	+0.0000	+0.0000	+0.0000
  manufactures	+0.0000	+0.0000	+0.0000	+0.0000	+0.0000	+0.0000	+0.0000	+0.0000
  food	+0.0000	+0.0000	+0.0000	+0.0000	+0.0000	+0.0000	+0.0000	+0.0000
  care	+0.0000	+0.0000	+0.0000	+0.0000	+0.0000	+0.0000	+0.0000	+0.0000
  shelter	+0.0000	+0.0000	+0.0000	+0.0000	+0.0000	+0.0000	+0.0000	+0.0000
  commons	+0.0000	+0.0000	+0.0000	+0.0000	+0.0000	+0.0000	+0.0000	+0.0000
eps_D
  labour	-1.2347	-0.6774	+0.9121	+0.0000	+0.0000	+0.0000	+0.0000	+0.0000
  land	-0.0179	-0.8568	-0.1252	+0.0000	+0.0000	+0.0000	+0.0000	+0.0000
  mach	+0.1212	-0.6284	-0.4928	+0.0000	+0.0000	+0.0000	+0.0000	+0.0000
  manufactures	+0.0000	+0.0000	+0.0000	-0.0337	-0.5491	-0.0284	-0.5435	+0.0000
  food	+0.0000	+0.0000	+0.0000	-0.0337	-0.5491	-0.0284	-0.5435	+0.0000
  care	+0.0000	+0.0000	+0.0000	-0.0337	-0.5491	-0.0284	-0.5435	+0.0000
  shelter	+0.0000	+0.0000	+0.0000	-0.0337	-0.5491	-0.0284	-0.5435	+0.0000
  commons	-0.2456	+0.0000	+0.0000	+0.0039	+0.1760	+0.0033	+0.0624	+0.0000
tau_max 703.7 ticks; L = 141000
