ct2 c2m tpy 365: one tick from the mode-A genesis, central difference over 0.02 in ln p
market	k	eps_d	eps_s	multiplier	tau
labour	0.014247	-0.4448	+1.5498	0.9716	35.2
land	0.003562	-0.8568	+0.0000	0.9969	327.7
mach	0.003562	-0.3878	+0.0000	0.9986	723.9
manufactures	0.007123	-0.0299	+0.0000	0.9998	4697.8
food	0.007123	-0.4872	+0.0000	0.9965	288.1
care	0.007123	-0.0252	+0.0000	0.9998	5567.6
shelter	0.007123	-0.4822	+0.0000	0.9966	291.1
commons	0.003562	+0.0000	+0.0000	1.0000	0.0
eps_S (row: quantity of the market; column: price of the market)
  labour	+1.5498	+0.0000	+0.0000	-0.0246	-1.1068	-0.0208	-0.3975	+0.0000
  land	+0.0000	+0.0000	+0.0000	+0.0000	+0.0000	+0.0000	+0.0000	+0.0000
  mach	+0.0244	+0.4042	+0.0000	+0.0000	+0.0000	+0.0000	+0.0000	+0.0000
  manufactures	+0.0000	+0.0000	+0.0000	+0.0000	+0.0000	+0.0000	+0.0000	+0.0000
  food	+0.0000	+0.0000	+0.0000	+0.0000	+0.0000	+0.0000	+0.0000	+0.0000
  care	+0.0000	+0.0000	+0.0000	+0.0000	+0.0000	+0.0000	+0.0000	+0.0000
  shelter	+0.0000	+0.0000	+0.0000	+0.0000	+0.0000	+0.0000	+0.0000	+0.0000
  commons	+0.0000	+0.0000	+0.0000	+0.0000	+0.0000	+0.0000	+0.0000	+0.0000
eps_D
  labour	-0.4448	-0.6774	+0.1222	+0.0000	+0.0000	+0.0000	+0.0000	+0.0000
  land	-0.0179	-0.8568	-0.1252	+0.0000	+0.0000	+0.0000	+0.0000	+0.0000
  mach	+0.0162	-0.6284	-0.3878	+0.0000	+0.0000	+0.0000	+0.0000	+0.0000
  manufactures	+0.0000	+0.0000	+0.0000	-0.0299	-0.4872	-0.0252	-0.4822	+0.0000
  food	+0.0000	+0.0000	+0.0000	-0.0299	-0.4872	-0.0252	-0.4822	+0.0000
  care	+0.0000	+0.0000	+0.0000	-0.0299	-0.4872	-0.0252	-0.4822	+0.0000
  shelter	+0.0000	+0.0000	+0.0000	-0.0299	-0.4872	-0.0252	-0.4822	+0.0000
  commons	-0.2456	+0.0000	+0.0000	+0.0039	+0.1760	+0.0033	+0.0624	+0.0000
tau_max 5567.6 ticks; L = 1114000
