ct2 c2m tpy 12: one tick from the mode-A genesis, central difference over 0.02 in ln p
market	k	eps_d	eps_s	multiplier	tau
labour	0.433333	-4.0054	+1.5498	-1.4072	0.4
land	0.108333	-0.8568	+0.0000	0.9072	10.8
mach	0.108333	-0.8606	+0.0000	0.9068	10.7
manufactures	0.216667	-0.0427	+0.0000	0.9908	108.2
food	0.216667	-0.6956	+0.0000	0.8493	6.6
care	0.216667	-0.0360	+0.0000	0.9922	128.2
shelter	0.216667	-0.6884	+0.0000	0.8508	6.7
commons	0.108333	+0.0000	+0.0000	1.0000	0.0
eps_S (row: quantity of the market; column: price of the market)
  labour	+1.5498	+0.0000	+0.0000	-0.0246	-1.1068	-0.0208	-0.3975	+0.0000
  land	+0.0000	+0.0000	+0.0000	+0.0000	+0.0000	+0.0000	+0.0000	+0.0000
  mach	+0.0244	+0.4042	+0.0000	+0.0000	+0.0000	+0.0000	+0.0000	+0.0000
  manufactures	+0.0000	+0.0000	+0.0000	+0.0000	+0.0000	+0.0000	+0.0000	+0.0000
  food	+0.0000	+0.0000	+0.0000	+0.0000	+0.0000	+0.0000	+0.0000	+0.0000
  care	+0.0000	+0.0000	+0.0000	+0.0000	+0.0000	+0.0000	+0.0000	+0.0000
  shelter	+0.0000	+0.0000	+0.0000	+0.0000	+0.0000	+0.0000	+0.0000	+0.0000
  commons	+0.0000	+0.0000	+0.0000	+0.0000	+0.0000	+0.0000	+0.0000	+0.0000
eps_D
  labour	-4.0054	-0.6774	+3.6826	+0.0000	+0.0000	+0.0000	+0.0000	+0.0000
  land	-0.0179	-0.8568	-0.1252	+0.0000	+0.0000	+0.0000	+0.0000	+0.0000
  mach	+0.4890	-0.6284	-0.8606	+0.0000	+0.0000	+0.0000	+0.0000	+0.0000
  manufactures	+0.0000	+0.0000	+0.0000	-0.0427	-0.6956	-0.0360	-0.6884	+0.0000
  food	+0.0000	+0.0000	+0.0000	-0.0427	-0.6956	-0.0360	-0.6884	+0.0000
  care	+0.0000	+0.0000	+0.0000	-0.0427	-0.6956	-0.0360	-0.6884	+0.0000
  shelter	+0.0000	+0.0000	+0.0000	-0.0427	-0.6956	-0.0360	-0.6884	+0.0000
  commons	-0.2456	+0.0000	+0.0000	+0.0039	+0.1760	+0.0033	+0.0624	+0.0000
tau_max 128.2 ticks; L = 26000
