il1 c2m tpy 52: one tick from the mode-A genesis, central difference over 0.02 in ln p
market	k	eps_d	eps_s	multiplier	tau
labour	0.100000	-1.0000	+0.6216	0.8378	6.2
land	0.025000	+0.0000	+0.0000	1.0000	0.0
mach	0.025000	-1.0000	+0.0000	0.9750	40.0
manufactures	0.050000	-0.1385	+0.0000	0.9931	144.4
food	0.050000	-0.6709	+0.0000	0.9665	29.8
care	0.050000	-0.0721	+0.0000	0.9964	277.2
shelter	0.050000	-0.1185	+0.0000	0.9941	168.8
eps_S (row: quantity of the market; column: price of the market)
  labour	+0.6216	+0.0000	+0.0000	-0.0141	-0.5882	-0.0073	-0.0120
  land	+0.0000	+0.0000	+0.0000	+0.0000	+0.0000	+0.0000	+0.0000
  mach	+0.4286	+0.0000	+0.0000	+0.0000	+0.0000	+0.0000	+0.0000
  manufactures	+0.0000	+0.0000	+0.0000	+0.0000	+0.0000	+0.0000	+0.0000
  food	+0.0000	+0.0000	+0.0000	+0.0000	+0.0000	+0.0000	+0.0000
  care	+0.0000	+0.0000	+0.0000	+0.0000	+0.0000	+0.0000	+0.0000
  shelter	+0.0000	+0.0000	+0.0000	+0.0000	+0.0000	+0.0000	+0.0000
eps_D
  labour	-1.0000	+0.0000	+0.0000	+0.0000	+0.0000	+0.0000	+0.0000
  land	-0.2379	+0.0000	-0.7835	+0.0009	+0.0390	+0.0005	+0.0008
  mach	+0.0000	+0.0000	-1.0000	+0.0000	+0.0000	+0.0000	+0.0000
  manufactures	+0.0000	+0.0000	+0.0000	-0.1385	-0.6709	-0.0721	-0.1185
  food	+0.0000	+0.0000	+0.0000	-0.1385	-0.6709	-0.0721	-0.1185
  care	+0.0000	+0.0000	+0.0000	-0.1385	-0.6709	-0.0721	-0.1185
  shelter	+0.0000	+0.0000	+0.0000	-0.1385	-0.6709	-0.0721	-0.1185
tau_max 277.2 ticks; L = 56000
