il1 c2m tpy 365: one tick from the mode-A genesis, central difference over 0.02 in ln p
market	k	eps_d	eps_s	multiplier	tau
labour	0.014247	-1.0000	+0.6216	0.9769	43.3
land	0.003562	+0.0000	+0.0000	1.0000	0.0
mach	0.003562	-1.0000	+0.0000	0.9964	280.8
manufactures	0.007123	-0.1385	+0.0000	0.9990	1013.6
food	0.007123	-0.6709	+0.0000	0.9952	209.3
care	0.007123	-0.0721	+0.0000	0.9995	1946.1
shelter	0.007123	-0.1185	+0.0000	0.9992	1184.7
eps_S (row: quantity of the market; column: price of the market)
  labour	+0.6216	+0.0000	+0.0000	-0.0141	-0.5882	-0.0073	-0.0120
  land	+0.0000	+0.0000	+0.0000	+0.0000	+0.0000	+0.0000	+0.0000
  mach	+0.4286	+0.0000	+0.0000	+0.0000	+0.0000	+0.0000	+0.0000
  manufactures	+0.0000	+0.0000	+0.0000	+0.0000	+0.0000	+0.0000	+0.0000
  food	+0.0000	+0.0000	+0.0000	+0.0000	+0.0000	+0.0000	+0.0000
  care	+0.0000	+0.0000	+0.0000	+0.0000	+0.0000	+0.0000	+0.0000
  shelter	+0.0000	+0.0000	+0.0000	+0.0000	+0.0000	+0.0000	+0.0000
eps_D
  labour	-1.0000	+0.0000	+0.0000	+0.0000	+0.0000	+0.0000	+0.0000
  land	-0.2379	+0.0000	-0.7835	+0.0009	+0.0390	+0.0005	+0.0008
  mach	+0.0000	+0.0000	-1.0000	+0.0000	+0.0000	+0.0000	+0.0000
  manufactures	+0.0000	+0.0000	+0.0000	-0.1385	-0.6709	-0.0721	-0.1185
  food	+0.0000	+0.0000	+0.0000	-0.1385	-0.6709	-0.0721	-0.1185
  care	+0.0000	+0.0000	+0.0000	-0.1385	-0.6709	-0.0721	-0.1185
  shelter	+0.0000	+0.0000	+0.0000	-0.1385	-0.6709	-0.0721	-0.1185
tau_max 1946.1 ticks; L = 390000
