il1 c2m tpy 12: one tick from the mode-A genesis, central difference over 0.02 in ln p
market	k	eps_d	eps_s	multiplier	tau
labour	0.433333	-1.0000	+0.6216	0.2973	1.4
land	0.108333	+0.0000	+0.0000	1.0000	0.0
mach	0.108333	-1.0000	+0.0000	0.8917	9.2
manufactures	0.216667	-0.1385	+0.0000	0.9700	33.3
food	0.216667	-0.6709	+0.0000	0.8546	6.9
care	0.216667	-0.0721	+0.0000	0.9844	64.0
shelter	0.216667	-0.1185	+0.0000	0.9743	38.9
eps_S (row: quantity of the market; column: price of the market)
  labour	+0.6216	+0.0000	+0.0000	-0.0141	-0.5882	-0.0073	-0.0120
  land	+0.0000	+0.0000	+0.0000	+0.0000	+0.0000	+0.0000	+0.0000
  mach	+0.4286	+0.0000	+0.0000	+0.0000	+0.0000	+0.0000	+0.0000
  manufactures	+0.0000	+0.0000	+0.0000	+0.0000	+0.0000	+0.0000	+0.0000
  food	+0.0000	+0.0000	+0.0000	+0.0000	+0.0000	+0.0000	+0.0000
  care	+0.0000	+0.0000	+0.0000	+0.0000	+0.0000	+0.0000	+0.0000
  shelter	+0.0000	+0.0000	+0.0000	+0.0000	+0.0000	+0.0000	+0.0000
eps_D
  labour	-1.0000	+0.0000	+0.0000	+0.0000	+0.0000	+0.0000	+0.0000
  land	-0.2379	+0.0000	-0.7835	+0.0009	+0.0390	+0.0005	+0.0008
  mach	+0.0000	+0.0000	-1.0000	+0.0000	+0.0000	+0.0000	+0.0000
  manufactures	+0.0000	+0.0000	+0.0000	-0.1385	-0.6709	-0.0721	-0.1185
  food	+0.0000	+0.0000	+0.0000	-0.1385	-0.6709	-0.0721	-0.1185
  care	+0.0000	+0.0000	+0.0000	-0.1385	-0.6709	-0.0721	-0.1185
  shelter	+0.0000	+0.0000	+0.0000	-0.1385	-0.6709	-0.0721	-0.1185
tau_max 64.0 ticks; L = 20000
