C1-raw-skip	KILLED	rustyecon-probe: ['commons_leave_the_other_markets_tapes_ids --- FAILED', "thread 'commons_leave_the_other_markets_tapes_ids' (15978) panicked at crates/probe/tests/commons.rs:938:5:"]
C7-ratio-allowed	KILLED	rustyecon-markets: ['only_free_goods_may_be_zero --- FAILED', "thread 'only_free_goods_may_be_zero' (18962) panicked at crates/markets/tests/free.rs:321:33:"]
C13-world-no-free	KILLED	rustyecon-core: ['checkpoint::tests::a_free_price_of_zero_checkpoints_and_no_other_does --- FAILED', "thread 'checkpoint::tests::a_free_price_of_zero_checkpoints_and_no_other_does' (20139) panicked at crates/core/src/checkpoint.rs:517:28:"]
M6-c-fixed	KILLED	rustyecon-markets: ['free_step_posts_zero_and_reopens --- FAILED', 'free_step_absent_is_saturate --- FAILED']
K4-segment-mask-none	KILLED	rustyecon-probe: ['free_elasticity_and_kick_leave_out_a_free_market --- FAILED', "thread 'free_elasticity_and_kick_leave_out_a_free_market' (32900) panicked at crates/probe/tests/free.rs:765:5:"]
A6-cap-always-r	KILLED	rustyecon-agents: ['pops_on_a_commons_market_rule --- FAILED', "thread 'pops_on_a_commons_market_rule' (38594) panicked at crates/agents/tests/free.rs:239:9:"]
A12-raw-market-skip	KILLED	rustyecon-probe: ['free_field_moves_no_world_id --- FAILED', "thread 'free_field_moves_no_world_id' (48515) panicked at crates/probe/tests/free.rs:460:9:"]
A18-more-not-support	KILLED	rustyecon-agents: ['pops_on_a_commons_market_rule --- FAILED', 'commons_market_is_checked_at_load --- FAILED']
P6-pop-no-commons-rent	KILLED	rustyecon-probe: ['free_points_are_the_registered_ones --- FAILED', "thread 'free_points_are_the_registered_ones' (66835) panicked at crates/probe/tests/free.rs:149:21:"]
H1-land-target-T	KILLED	rustyecon-probe: ['il1_ct2_rest_at_the_oracle --- FAILED', "thread 'il1_ct2_rest_at_the_oracle' (69580) panicked at crates/probe/tests/free.rs:187:13:"]
H7-no-idle-label	KILLED	rustyecon-probe: ['harness_reads_free_state --- FAILED', "thread 'harness_reads_free_state' (76446) panicked at crates/probe/tests/free.rs:523:5:"]
H13-r-end-genesis	SURVIVED	
E1-elasticity-probes-zero	SURVIVED	
C2-resolved-skip	KILLED	rustyecon-agents: ['commons_specs_round_trip_and_old_worlds_keep_their_ids --- FAILED', "thread 'commons_specs_round_trip_and_old_worlds_keep_their_ids' (12153) panicked at crates/agents/tests/commons.rs:574:5:"]
C8-genesis-zero-anywhere	KILLED	rustyecon-core: ['tape::tests::missing_genesis_price_is_rejected --- FAILED', "thread 'tape::tests::missing_genesis_price_is_rejected' (13951) panicked at crates/core/src/lib.rs:103:22:"]
M1-nan-posted-zero	KILLED	rustyecon-markets: ['free_step_posts_zero_and_reopens --- FAILED', "thread 'free_step_posts_zero_and_reopens' (16153) panicked at crates/markets/tests/free.rs:158:5:"]
M7-ema-positive	KILLED	rustyecon-probe: ['free_elasticity_and_kick_leave_out_a_free_market --- FAILED', 'il1_ct2_rest_at_the_oracle --- FAILED']
A1-no-market-branch	KILLED	rustyecon-agents: ['pops_on_a_commons_market_rule --- FAILED', "thread 'pops_on_a_commons_market_rule' (30921) panicked at crates/agents/tests/free.rs:245:9:"]
A7-no-offer-sell	KILLED	rustyecon-agents: ['pops_on_a_commons_market_rule --- FAILED', "thread 'pops_on_a_commons_market_rule' (35745) panicked at crates/agents/tests/free.rs:245:9:"]
A13-resolved-market-skip	KILLED	rustyecon-agents: ['paced_genesis_state_is_the_tapes --- FAILED', "thread 'paced_genesis_state_is_the_tapes' (41153) panicked at crates/agents/tests/pace.rs:469:5:"]
P1-no-commons-market	KILLED	rustyecon-probe: ['il1_ct2_tapes_are_their_generators_output --- FAILED', 'free_grammar_applies_as_named --- FAILED']
P7-idle-provider-coin	KILLED	rustyecon-probe: ['il1_ct2_tapes_are_their_generators_output --- FAILED', 'il1_ct2_rest_at_the_oracle --- FAILED']
H2-sets-land-finite	KILLED	rustyecon-probe: ['free_grammar_applies_as_named --- FAILED', "thread 'free_grammar_applies_as_named' (63830) panicked at crates/probe/tests/free.rs:684:5:"]
H8-free-ticks	KILLED	rustyecon-probe: ['harness_reads_free_state --- FAILED', "thread 'harness_reads_free_state' (68297) panicked at crates/probe/tests/free.rs:509:5:"]
G1-no-set	KILLED	rustyecon-probe: ['free_grammar_applies_as_named --- FAILED', 'harness_reads_free_state --- FAILED']
U1-explainer-plain	KILLED	rustyecon-gui: ['the_explainer_and_the_waterfall_read_a_free_step --- FAILED', "thread 'the_explainer_and_the_waterfall_read_a_free_step' (79334) panicked at crates/gui/tests/pricestep.rs:59:13:"]
C3-reference-self	KILLED	rustyecon-markets: ['only_free_goods_may_be_zero --- FAILED', "thread 'only_free_goods_may_be_zero' (5828) panicked at crates/markets/tests/free.rs:321:33:"]
C9-setprice-positive	KILLED	rustyecon-markets: ['free_market_takes_buys_for_nothing --- FAILED', 'free_step_posts_zero_and_reopens --- FAILED']
M2-no-shift	KILLED	rustyecon-markets: ['free_step_posts_zero_and_reopens --- FAILED', "thread 'free_step_posts_zero_and_reopens' (11407) panicked at crates/markets/tests/free.rs:119:9:"]
M8-admission-max-qty	KILLED	rustyecon-markets: ['free_market_takes_buys_for_nothing --- FAILED', "thread 'free_market_takes_buys_for_nothing' (12610) panicked at crates/markets/tests/free.rs:204:5:"]
A2-rent-cap	KILLED	rustyecon-agents: ['pops_on_a_commons_market_rule --- FAILED', "thread 'pops_on_a_commons_market_rule' (18486) panicked at crates/agents/tests/free.rs:239:9:"]
A8-commons-rent-uncapped	KILLED	rustyecon-agents: ['pops_on_a_commons_market_rule --- FAILED', "thread 'pops_on_a_commons_market_rule' (23959) panicked at crates/agents/tests/free.rs:267:17:"]
A14-market-basket-allowed	KILLED	rustyecon-agents: ['commons_market_is_checked_at_load --- FAILED', "thread 'commons_market_is_checked_at_load' (28395) panicked at crates/agents/tests/free.rs:343:9:"]
P2-workers-pop-kept	KILLED	rustyecon-probe: ['il1_ct2_tapes_are_their_generators_output --- FAILED', 'free_grammar_applies_as_named --- FAILED']
P8-idle-workers-coin	KILLED	rustyecon-probe: ['il1_ct2_tapes_are_their_generators_output --- FAILED', 'il1_ct2_rest_at_the_oracle --- FAILED']
H3-ja-prices	KILLED	rustyecon-probe: ['free_grammar_applies_as_named --- FAILED', "thread 'free_grammar_applies_as_named' (46938) panicked at crates/probe/tests/free.rs:686:5:"]
H9-free-end	SURVIVED	
G2-coin-one-pop	KILLED	rustyecon-probe: ['free_grammar_applies_as_named --- FAILED', "thread 'free_grammar_applies_as_named' (57122) panicked at crates/probe/tests/free.rs:722:9:"]
U2-waterfall-kx	KILLED	rustyecon-gui: ['the_explainer_and_the_waterfall_read_a_free_step --- FAILED', "thread 'the_explainer_and_the_waterfall_read_a_free_step' (69937) panicked at crates/gui/tests/pricestep.rs:503:5:"]
C4-reference-no-market	KILLED	rustyecon-markets: ['only_free_goods_may_be_zero --- FAILED', "thread 'only_free_goods_may_be_zero' (5981) panicked at crates/markets/tests/free.rs:321:33:"]
C10-scaleprice-positive	KILLED	rustyecon-markets: ['only_free_goods_may_be_zero --- FAILED', "thread 'only_free_goods_may_be_zero' (8004) panicked at crates/markets/tests/free.rs:316:6:"]
M3-exp-not-expm1	KILLED	rustyecon-markets: ['free_step_posts_zero_and_reopens --- FAILED', 'only_free_goods_may_be_zero --- FAILED']
K1-kick-zero-market	KILLED	rustyecon-probe: ['free_elasticity_and_kick_leave_out_a_free_market --- FAILED', "thread 'free_elasticity_and_kick_leave_out_a_free_market' (21573) panicked at crates/probe/tests/free.rs:765:5:"]
A3-bid-all	KILLED	rustyecon-agents: ['pops_on_a_commons_market_rule --- FAILED', "thread 'pops_on_a_commons_market_rule' (26740) panicked at crates/agents/tests/free.rs:239:9:"]
A9-baskets-less-commons	KILLED	rustyecon-agents: ['pops_on_a_commons_market_rule --- FAILED', "thread 'pops_on_a_commons_market_rule' (31556) panicked at crates/agents/tests/free.rs:276:13:"]
A15-pace-allowed	KILLED	rustyecon-agents: ['commons_market_is_checked_at_load --- FAILED', "thread 'commons_market_is_checked_at_load' (36784) panicked at crates/agents/tests/free.rs:340:41:"]
P3-share-whole	KILLED	rustyecon-probe: ['free_grammar_applies_as_named --- FAILED', 'free_points_are_the_registered_ones --- FAILED']
P9-pop-coin-no-commons	SURVIVED	
H4-free-bound-plain	KILLED	rustyecon-probe: ['harness_reads_free_state --- FAILED', 'il1_ct2_rest_at_the_oracle --- FAILED']
H10-rent-nan-at-idle	KILLED	rustyecon-probe: ['harness_reads_free_state --- FAILED', "thread 'harness_reads_free_state' (66057) panicked at crates/probe/tests/free.rs:532:5:"]
G3-joint-no-commons	KILLED	rustyecon-probe: ['free_grammar_applies_as_named --- FAILED', "thread 'free_grammar_applies_as_named' (69322) panicked at crates/probe/tests/free.rs:749:9:"]
C5-scale-zero	KILLED	rustyecon-markets: ['only_free_goods_may_be_zero --- FAILED', "thread 'only_free_goods_may_be_zero' (5612) panicked at crates/markets/tests/free.rs:321:33:"]
C11-validate-no-zero-check	KILLED	rustyecon-core: ['checkpoint::tests::a_free_price_of_zero_checkpoints_and_no_other_does --- FAILED', "thread 'checkpoint::tests::a_free_price_of_zero_checkpoints_and_no_other_does' (6903) panicked at crates/core/src/checkpoint.rs:479:13:"]
M4-hold-steps	KILLED	rustyecon-markets: ['free_step_absent_is_saturate --- FAILED', 'free_step_posts_zero_and_reopens --- FAILED']
K2-mask-ignored	KILLED	rustyecon-certify: ['a_free_markets_zero_prices_read_a_gap_of_zero --- FAILED', "thread 'a_free_markets_zero_prices_read_a_gap_of_zero' (14848) panicked at crates/certify/tests/batteries.rs:910:5:"]
A4-no-own-share-first	KILLED	rustyecon-agents: ['pops_on_a_commons_market_rule --- FAILED', "thread 'pops_on_a_commons_market_rule' (19515) panicked at crates/agents/tests/free.rs:239:9:"]
A10-burn-all-commons	KILLED	rustyecon-agents: ['pops_on_a_commons_market_rule --- FAILED', "thread 'pops_on_a_commons_market_rule' (24821) panicked at crates/agents/tests/free.rs:326:9:"]
A16-market-not-instant	KILLED	rustyecon-agents: ['commons_market_is_checked_at_load --- FAILED', "thread 'commons_market_is_checked_at_load' (29151) panicked at crates/agents/tests/free.rs:340:41:"]
P4-set-exit-to	KILLED	rustyecon-probe: ['free_points_are_the_registered_ones --- FAILED', 'il1_ct2_rest_at_the_oracle --- FAILED']
P10-set-not-wage	KILLED	rustyecon-probe: ['error[E0308]: mismatched types', 'error: could not compile `rustyecon-probe` (lib) due to 1 previous error']
H5-hold-reads-free-fills	KILLED	rustyecon-probe: ['il1_ct2_rest_at_the_oracle --- FAILED', "thread 'il1_ct2_rest_at_the_oracle' (43472) panicked at crates/probe/tests/free.rs:187:13:"]
H11-provider-relative	KILLED	rustyecon-probe: ['harness_reads_free_state --- FAILED', "thread 'harness_reads_free_state' (48493) panicked at crates/probe/tests/free.rs:533:5:"]
G4-no-land-set-runs	KILLED	rustyecon-probe: ['free_battery_and_families_are_the_registered_ones --- FAILED', "thread 'free_battery_and_families_are_the_registered_ones' (52929) panicked at crates/probe/tests/free.rs:637:9:"]
C6-no-market-allowed	KILLED	rustyecon-markets: ['only_free_goods_may_be_zero --- FAILED', "thread 'only_free_goods_may_be_zero' (5435) panicked at crates/markets/tests/free.rs:321:33:"]
C12-decode-refuses-zero	KILLED	rustyecon-core: ['checkpoint::tests::a_free_price_of_zero_checkpoints_and_no_other_does --- FAILED', "thread 'checkpoint::tests::a_free_price_of_zero_checkpoints_and_no_other_does' (6758) panicked at crates/core/src/checkpoint.rs:478:29:"]
M5-shift-own-price	KILLED	rustyecon-markets: ['free_step_posts_zero_and_reopens --- FAILED', "thread 'free_step_posts_zero_and_reopens' (8951) panicked at crates/markets/tests/free.rs:119:9:"]
K3-verdict-unmasked	KILLED	rustyecon-certify: ['a_free_markets_zero_prices_read_a_gap_of_zero --- FAILED', "thread 'a_free_markets_zero_prices_read_a_gap_of_zero' (14516) panicked at crates/certify/tests/batteries.rs:52:5:"]
A5-plots-when-no-pay	KILLED	rustyecon-agents: ['pops_on_a_commons_market_rule --- FAILED', "thread 'pops_on_a_commons_market_rule' (19183) panicked at crates/agents/tests/free.rs:239:9:"]
A11-state-hours	KILLED	rustyecon-agents: ['pops_on_a_commons_market_rule --- FAILED', "thread 'pops_on_a_commons_market_rule' (24311) panicked at crates/agents/tests/free.rs:283:9:"]
A17-market-not-free	KILLED	rustyecon-agents: ['commons_market_is_checked_at_load --- FAILED', "thread 'commons_market_is_checked_at_load' (28698) panicked at crates/agents/tests/free.rs:340:41:"]
P5-idle-plot-rent	KILLED	rustyecon-probe: ['free_points_are_the_registered_ones --- FAILED', "thread 'free_points_are_the_registered_ones' (37516) panicked at crates/probe/tests/free.rs:153:13:"]
P11-no-free-dial	KILLED	rustyecon-probe: ['free_elasticity_and_kick_leave_out_a_free_market --- FAILED', 'il1_ct2_tapes_are_their_generators_output --- FAILED']
H6-dead-reads-commons	KILLED	rustyecon-probe: ['harness_reads_free_state --- FAILED', "thread 'harness_reads_free_state' (47279) panicked at crates/probe/tests/free.rs:578:5:"]
H12-regime-crowded	KILLED	rustyecon-probe: ['harness_reads_free_state --- FAILED', "thread 'harness_reads_free_state' (52254) panicked at crates/probe/tests/free.rs:539:5:"]
G5-tier3s-provider	KILLED	rustyecon-probe: ['free_battery_and_families_are_the_registered_ones --- FAILED', "thread 'free_battery_and_families_are_the_registered_ones' (56257) panicked at crates/probe/tests/free.rs:646:9:"]
