appb: equal, # tape appb tape_hash 0x8973b237f4c00029 world_id 0x26f12f8a0bc27540, final 2000 0x76eb91f1ec6efb40
demo-gb: equal, # tape demo-gb [illustrative] tape_hash 0x1bd56d66433d3b67 world_id 0x9701ae49997ff8f5, final 2000 0x56abe68cad53d658
gate: equal, # tape gate tape_hash 0x54066d053474846b world_id 0x43628a8e0fd5f695, final 2000 0x882fdb44e21234b1
horses-h1: equal, # tape horses-h1 tape_hash 0x4976795283cc52ed world_id 0xc92f78b17dd49bb6, final 2000 0x1fd71d01a36007e2
horses-h2: equal, # tape horses-h2 tape_hash 0x71044f8ab93181a8 world_id 0x386ae50ba9414be3, final 2000 0x2ed5d1f6af357256
horses-h3: equal, # tape horses-h3 tape_hash 0x78929ea19c81fb81 world_id 0x15629782d6e4b359, final 2000 0x975cff07e2f45faa
horses-h4: equal, # tape horses-h4 tape_hash 0x72ee0740db8e0fa2 world_id 0x5059ba9b2ff1b015, final 2000 0x4af24f45e5cd1473
horses-p7: equal, # tape horses-p7 tape_hash 0x70cabdbe0e0fa986 world_id 0xc9e42f5fb078f10f, final 2000 0xd5e3b838be169840
horses-r1a: equal, # tape horses-r1a tape_hash 0xf31c56f9d32226d1 world_id 0xddc86dbc11b724f3, final 2000 0xb096a7fd8cc5d349
loops-lb1: equal, # tape loops-lb1 tape_hash 0xd49bcc5f61681960 world_id 0x45d72a2c3e89c07f, final 2000 0x631923c8de0bd64e
loops-lb2: equal, # tape loops-lb2 tape_hash 0x7ff5fdb57453eb79 world_id 0xfbabeaafa506fd6a, final 2000 0xe3a6d26ecbf58dce
loops-lb3: equal, # tape loops-lb3 tape_hash 0x2a0474ece712080f world_id 0x3edbd02372b105aa, final 2000 0x350264b0ece15741
loops-lw1: equal, # tape loops-lw1 tape_hash 0x8192c3e8d2303568 world_id 0x968aacfe6f60b521, final 2000 0x346928fc3906546c
loops-lw2: equal, # tape loops-lw2 tape_hash 0x09f249ba9f6e83f4 world_id 0x87cb3cfd7f0e7d11, final 2000 0x942e7033d7726da8
loops-lw3: equal, # tape loops-lw3 tape_hash 0x4e2cc8494edd6ae4 world_id 0x248f4a60ba488f7e, final 2000 0xc7abb9c1d607c42b
markets-c1: equal, # tape markets-c1 tape_hash 0x3122821b16c9b76f world_id 0xf63e02fb036098fb, final 2000 0x28df3904f206ca92
markets-c1p: equal, # tape markets-c1p tape_hash 0x9b48c13de53083fd world_id 0xad31767448313bd3, final 2000 0x7d5133fb7b903a8f
markets-c2: equal, # tape markets-c2 tape_hash 0x181a824f94552daf world_id 0x57b685671f6badc7, final 2000 0xe155f829dbd4fb37
markets-c2p: equal, # tape markets-c2p tape_hash 0x089042f8c45c28f0 world_id 0x39915cb52d06d287, final 2000 0xd5ad10fe6f6dfc86
markets-g1: equal, # tape markets-g1 tape_hash 0xff3c23ea26a6464e world_id 0x4b0b1301cb7aa351, final 2000 0xe71ac0e96df39297
markets-i0: equal, # tape markets-i0 tape_hash 0x93385d64d42f858e world_id 0x5068f2ff9dbbfa00, final 2000 0x6c5bf916f3b69d35
markets-i1: equal, # tape markets-i1 tape_hash 0x4dbe0ba988f94b02 world_id 0x965edbef2664b850, final 2000 0x8e3f1bc77c0e5a91
markets-i2: equal, # tape markets-i2 tape_hash 0x89173d952d0b5e65 world_id 0x6c3e2217b9eefef9, final 2000 0x958d5fb01a4847b5
markets-i3: equal, # tape markets-i3 tape_hash 0xdea2278621a52649 world_id 0xb631f8a0f7d9ab95, final 2000 0x6749dd3193ba1712
markets-is1: equal, # tape markets-is1 tape_hash 0xcfc9a45a69b23b96 world_id 0xdd77db99d4d45166, final 2000 0xa4b95240fa8d8f47
markets-iw1: equal, # tape markets-iw1 tape_hash 0xec2c4d1c8f62ea28 world_id 0x7698c09cb7c54791, final 2000 0xe9767adb62e07cae
markets-l2: equal, # tape markets-l2 tape_hash 0x8aa50fcae92a6260 world_id 0xb47c53015f7f1637, final 2000 0xf45a65d427f9f629
markets-l3: equal, # tape markets-l3 tape_hash 0xde5e9b548d5de83e world_id 0xd5252228af8a95a6, final 2000 0x010ae4da4eecfef5
streams exit 0
markets-il1: # tape markets-il1 tape_hash 0x8c0b34885c544444 world_id 0x3e6c156dea5b795a, final 2000 0xf42fcb94a6eb8fd3
markets-ct2: # tape markets-ct2 tape_hash 0x677bc17e15c89d90 world_id 0x5bd87c8fcdecef19, final 2000 0x81fe3e335cb85a36
