{
 "IL1/zp01 52": {
  "L": 56000,
  "tau_max": 277.2496643985802
 },
 "IL1/zp01 12": {
  "L": 13000,
  "tau_max": 63.98069178429265
 },
 "IL1/zp01 365": {
  "L": 390000,
  "tau_max": 1946.0793751052688
 },
 "CT2/zp01 52": {
  "L": 141000,
  "tau_max": 703.7299054391258
 },
 "CT2/zp01 12": {
  "L": 26000,
  "tau_max": 128.20413780162943
 },
 "CT2/zp01 365": {
  "L": 1114000,
  "tau_max": 5567.628589158777
 },
 "IL1/msat 52": {
  "L": 56000,
  "tau_max": 277.15871506785766
 },
 "IL1/msat 12": {
  "L": 13000,
  "tau_max": 63.917867150148645
 },
 "IL1/msat 365": {
  "L": 390000,
  "tau_max": 1945.9784305831904
 },
 "CT2/msat 52": {
  "L": 254000,
  "tau_max": 1268.899152109833
 },
 "CT2/msat 12": {
  "L": 59000,
  "tau_max": 292.8228812559606
 },
 "CT2/msat 365": {
  "L": 1782000,
  "tau_max": 8906.695971537036
 }
}
