CT2/zp05   commons x0.5 (Enclosed), r_o held at 1.0500 r  C2m          PL 0.987107
CT2/zp05   commons x0.5 (Enclosed), r_o held at 1.0500 r  rate x0.75   PL 0.985808
CT2/zp05   commons x0.5 (Enclosed), r_o held at 1.0500 r  buffer x0.75 PL 0.990276
CT2/zp05   commons x0.5 (Enclosed), r_o held at 1.0500 r  adjust x0.75 PL 0.987124
CT2/zp05   commons x0.5 (Enclosed), r_o held at 1.0500 r  rate x0.9    PL 0.986566
CT2/zp05   commons x0.5 (Enclosed), r_o held at 1.0500 r  buffer x0.9  PL 0.988445
CT2/zp05   commons x0.5 (Enclosed), r_o held at 1.0500 r  adjust x0.9  PL 0.987097
CT2/zp05   commons x0.5 (Enclosed), r_o held at 1.0500 r  rate x1.1    PL 0.987656
CT2/zp05   commons x0.5 (Enclosed), r_o held at 1.0500 r  buffer x1.1  PL 0.985678
CT2/zp05   commons x0.5 (Enclosed), r_o held at 1.0500 r  adjust x1.1  PL 0.987107
CT2/zp05   commons x0.5 (Enclosed), r_o held at 1.0500 r  rate x1.25   PL 0.988225
CT2/zp05   commons x0.5 (Enclosed), r_o held at 1.0500 r  buffer x1.25 PL 0.983468
CT2/zp05   commons x0.5 (Enclosed), r_o held at 1.0500 r  adjust x1.25 PL 0.987071
CT2/zp05   commons x0.5 (Enclosed), r_o held at 1.0500 r  tilt 0.05    PL 0.985326
CT2/zp05   commons x0.5 (Enclosed), r_o held at 1.0500 r  tilt 0.1     PL 0.983546
CT2/zp05   commons x0.5 (Enclosed), r_o held at 1.0500 r  tilt 0.25    PL 0.979835
CT2/zp05   commons x0.5 (Enclosed), r_o held at 1.0500 r  tilt 0.5     PL 0.976736
CT2/zp05   commons x0.5 (Enclosed), r_o held at 1.0500 r  tilt 1       PL 0.983203
CT2/zp1    commons x0.5 (Enclosed), r_o held at 1.0500 r  C2m          PL 0.987107
CT2/zp1    commons x0.5 (Enclosed), r_o held at 1.0500 r  rate x0.75   PL 0.985808
CT2/zp1    commons x0.5 (Enclosed), r_o held at 1.0500 r  buffer x0.75 PL 0.990276
CT2/zp1    commons x0.5 (Enclosed), r_o held at 1.0500 r  adjust x0.75 PL 0.987124
CT2/zp1    commons x0.5 (Enclosed), r_o held at 1.0500 r  rate x0.9    PL 0.986566
CT2/zp1    commons x0.5 (Enclosed), r_o held at 1.0500 r  buffer x0.9  PL 0.988445
CT2/zp1    commons x0.5 (Enclosed), r_o held at 1.0500 r  adjust x0.9  PL 0.987097
CT2/zp1    commons x0.5 (Enclosed), r_o held at 1.0500 r  rate x1.1    PL 0.987656
CT2/zp1    commons x0.5 (Enclosed), r_o held at 1.0500 r  buffer x1.1  PL 0.985678
CT2/zp1    commons x0.5 (Enclosed), r_o held at 1.0500 r  adjust x1.1  PL 0.987107
CT2/zp1    commons x0.5 (Enclosed), r_o held at 1.0500 r  rate x1.25   PL 0.988225
CT2/zp1    commons x0.5 (Enclosed), r_o held at 1.0500 r  buffer x1.25 PL 0.983468
CT2/zp1    commons x0.5 (Enclosed), r_o held at 1.0500 r  adjust x1.25 PL 0.987071
CT2/zp1    commons x0.5 (Enclosed), r_o held at 1.0500 r  tilt 0.05    PL 0.985326
CT2/zp1    commons x0.5 (Enclosed), r_o held at 1.0500 r  tilt 0.1     PL 0.983546
CT2/zp1    commons x0.5 (Enclosed), r_o held at 1.0500 r  tilt 0.25    PL 0.979835
CT2/zp1    commons x0.5 (Enclosed), r_o held at 1.0500 r  tilt 0.5     PL 0.976736
CT2/zp1    commons x0.5 (Enclosed), r_o held at 1.0500 r  tilt 1       PL 0.983203
