987 lines at Crowded targets: the engine's r_o/r at L within 2.95e-13 of the oracle's (relative), the mirror's at its stop within 6.98e-08
58 fail the scorer's 1e-9 against the mirror's:
  c1 tpy12 b.food=0.54@genesis: engine 1.1e-14 from the oracle, mirror 6.9e-09 (stopped at tick 4281)
  c1 tpy12 b.food=0.54@dated: engine 8.9e-15 from the oracle, mirror 6.5e-09 (stopped at tick 4856)
  c1 tpy365 p[land]*0.95: engine 5.1e-14 from the oracle, mirror 4.7e-08 (stopped at tick 6225)
  c1 tpy365 p[food]*1.05: engine 7.0e-14 from the oracle, mirror 3.2e-08 (stopped at tick 5877)
  c1 tpy365 p[manufactures]*1.2: engine 4.4e-16 from the oracle, mirror 6.5e-08 (stopped at tick 5957)
  c1 tpy365 p[labour]*0.95: engine 2.9e-14 from the oracle, mirror 2.3e-09 (stopped at tick 7010)
  c1 tpy365 p[labour]*0.8: engine 3.9e-14 from the oracle, mirror 4.4e-08 (stopped at tick 6927)
  c1 tpy365 p[land]*1.05: engine 6.8e-15 from the oracle, mirror 6.7e-08 (stopped at tick 6658)
  c1 tpy365 p[care]*1.05: engine 2.1e-14 from the oracle, mirror 3.9e-09 (stopped at tick 5727)
  c1 tpy365 p[labour]*1.2: engine 1.9e-14 from the oracle, mirror 2.0e-09 (stopped at tick 7049)
  c1 tpy365 p[manufactures]*0.95: engine 8.1e-14 from the oracle, mirror 3.1e-08 (stopped at tick 6197)
  c1 tpy365 p[manufactures]*1.05: engine 9.6e-14 from the oracle, mirror 5.2e-09 (stopped at tick 5720)
  c1 tpy365 p[manufactures]*0.8: engine 3.0e-14 from the oracle, mirror 1.5e-09 (stopped at tick 7265)
  c1 tpy365 p[food]*0.95: engine 5.0e-14 from the oracle, mirror 6.9e-08 (stopped at tick 6282)
  c1 tpy365 p[food]*1.2: engine 3.5e-14 from the oracle, mirror 1.1e-09 (stopped at tick 6906)
  c1 tpy365 p[care]*0.95: engine 8.2e-15 from the oracle, mirror 1.8e-08 (stopped at tick 6050)
  c1 tpy365 p[land]*1.2: engine 1.7e-14 from the oracle, mirror 3.8e-09 (stopped at tick 7471)
  c1 tpy365 p[care]*1.2: engine 2.5e-14 from the oracle, mirror 6.9e-08 (stopped at tick 6157)
  c1 tpy365 p[care]*0.8: engine 4.5e-14 from the oracle, mirror 7.0e-08 (stopped at tick 6555)
  c1 tpy365 p[land]*0.8: engine 5.3e-14 from the oracle, mirror 1.3e-09 (stopped at tick 7868)
  c1 tpy365 p[shelter]*0.95: engine 7.2e-14 from the oracle, mirror 5.8e-08 (stopped at tick 5840)
  c1 tpy365 p[shelter]*1.05: engine 8.5e-14 from the oracle, mirror 5.4e-08 (stopped at tick 6332)
  c1 tpy365 p[shelter]*1.2: engine 5.2e-14 from the oracle, mirror 6.8e-08 (stopped at tick 6873)
  c1 tpy365 p[shelter]*0.8: engine 3.3e-14 from the oracle, mirror 2.4e-09 (stopped at tick 6957)
  c1 tpy365 s[food]*0.95: engine 4.7e-14 from the oracle, mirror 6.8e-08 (stopped at tick 6071)
  c1 tpy365 p[mach]*1.05: engine 4.8e-15 from the oracle, mirror 2.1e-09 (stopped at tick 6946)
  c1 tpy365 p[mach]*0.95: engine 2.4e-14 from the oracle, mirror 3.0e-09 (stopped at tick 7201)
  c1 tpy365 s[food]*1.05: engine 4.0e-15 from the oracle, mirror 1.6e-09 (stopped at tick 6999)
  c1 tpy365 p[mach]*1.2: engine 1.9e-14 from the oracle, mirror 3.4e-09 (stopped at tick 7109)
  c1 tpy365 s[food]*0.8: engine 3.5e-14 from the oracle, mirror 6.3e-08 (stopped at tick 6128)
  c1 tpy365 s[shelter]*0.95: engine 3.3e-14 from the oracle, mirror 2.4e-09 (stopped at tick 5649)
  c1 tpy365 s[care]*0.95: engine 6.1e-14 from the oracle, mirror 1.7e-08 (stopped at tick 5857)
  c1 tpy365 s[shelter]*1.05: engine 4.9e-14 from the oracle, mirror 2.9e-08 (stopped at tick 5919)
  c1 tpy365 s[shelter]*0.8: engine 1.6e-13 from the oracle, mirror 2.4e-09 (stopped at tick 5627)
  c1 tpy365 p[mach]*0.8: engine 8.7e-14 from the oracle, mirror 5.4e-08 (stopped at tick 7514)
  c1 tpy365 JB(1.05): engine 6.4e-14 from the oracle, mirror 3.2e-09 (stopped at tick 7285)
  c1 tpy365 N(1.05): engine 2.3e-14 from the oracle, mirror 2.3e-09 (stopped at tick 6413)
  c1 tpy365 JB(1.2): engine 3.5e-14 from the oracle, mirror 2.1e-08 (stopped at tick 7267)
  c1 tpy365 JA(1.2): engine 1.8e-14 from the oracle, mirror 2.7e-09 (stopped at tick 7019)
  c1 tpy365 N(1.2): engine 1.3e-13 from the oracle, mirror 1.1e-08 (stopped at tick 6661)
  c1 tpy365 N(0.95): engine 1.7e-13 from the oracle, mirror 3.1e-09 (stopped at tick 6997)
  c1 tpy365 s[food]*1.2: engine 1.8e-14 from the oracle, mirror 2.8e-09 (stopped at tick 7102)
  c1 tpy365 JB(0.8): engine 1.0e-14 from the oracle, mirror 6.2e-08 (stopped at tick 7158)
  c1 tpy365 N(0.8): engine 8.0e-14 from the oracle, mirror 2.0e-08 (stopped at tick 6963)
  c1 tpy365 JA(0.95): engine 2.9e-14 from the oracle, mirror 3.0e-09 (stopped at tick 7168)
  c1 tpy365 RC(1.05): engine 1.6e-14 from the oracle, mirror 2.0e-09 (stopped at tick 6934)
  c1 tpy365 JA(0.8): engine 1.4e-13 from the oracle, mirror 6.9e-08 (stopped at tick 7646)
  c1 tpy365 RC(0.95): engine 5.6e-14 from the oracle, mirror 5.7e-08 (stopped at tick 6757)
  c1 tpy365 JB(0.95): engine 3.1e-14 from the oracle, mirror 3.0e-09 (stopped at tick 6983)
  c1 tpy365 RC(0.8): engine 3.3e-14 from the oracle, mirror 4.8e-09 (stopped at tick 7584)
  c1 tpy365 b.food=0.54@genesis: engine 3.0e-13 from the oracle, mirror 2.7e-08 (stopped at tick 6466)
  c1 tpy365 land.mach=0.36@genesis: engine 3.1e-14 from the oracle, mirror 1.1e-09 (stopped at tick 6692)
  c1 tpy365 land.mach=0.44@genesis: engine 1.5e-13 from the oracle, mirror 6.5e-09 (stopped at tick 7174)
  c1 tpy365 b.food=0.66@genesis: engine 1.4e-14 from the oracle, mirror 1.4e-09 (stopped at tick 7272)
  c1 tpy365 b.food=0.66@dated: engine 3.4e-14 from the oracle, mirror 1.4e-09 (stopped at tick 7271)
  c1 tpy365 land.mach=0.36@dated: engine 3.2e-14 from the oracle, mirror 1.1e-09 (stopped at tick 6692)
  c1 tpy365 land.mach=0.44@dated: engine 1.5e-14 from the oracle, mirror 6.5e-09 (stopped at tick 7174)
  c1 tpy365 b.food=0.54@dated: engine 1.0e-13 from the oracle, mirror 2.7e-08 (stopped at tick 6466)
