c1	joint(2,12)	mirror, undisplaced reference 273	mirror, displaced reference 281	engine 281
c1	joint(2,3)	mirror, undisplaced reference 301	mirror, displaced reference 289	engine 289
c1	joint(2,34)	mirror, undisplaced reference 282	mirror, displaced reference 282	engine 282
c1	joint(2,39)	mirror, undisplaced reference 279	mirror, displaced reference 282	engine 282
c1	joint(4,10)	mirror, undisplaced reference 254	mirror, displaced reference 246	engine 246
c1	joint(4,12)	mirror, undisplaced reference 258	mirror, displaced reference 275	engine 275
c1	joint(4,17)	mirror, undisplaced reference 295	mirror, displaced reference 279	engine 279
c1	joint(4,18)	mirror, undisplaced reference 265	mirror, displaced reference 257	engine 257
c1	joint(4,22)	mirror, undisplaced reference 266	mirror, displaced reference 282	engine 282
c1	joint(4,26)	mirror, undisplaced reference 293	mirror, displaced reference 280	engine 280
c1	joint(4,28)	mirror, undisplaced reference 279	mirror, displaced reference 280	engine 280
c1	joint(4,3)	mirror, undisplaced reference 287	mirror, displaced reference 279	engine 279
c1	joint(4,31)	mirror, undisplaced reference 278	mirror, displaced reference 280	engine 280
c1	joint(4,34)	mirror, undisplaced reference 276	mirror, displaced reference 279	engine 279
c1	joint(4,39)	mirror, undisplaced reference 265	mirror, displaced reference 278	engine 278
c1	joint(4,6)	mirror, undisplaced reference 316	mirror, displaced reference 294	engine 294
c1	p[food]*2.7859625904	mirror, undisplaced reference 259	mirror, displaced reference 271	engine 271
c1	p[food]*2.92526071992	mirror, undisplaced reference 259	mirror, displaced reference 271	engine 271
c1	p[food]*3.07152375592	mirror, undisplaced reference 258	mirror, displaced reference 270	engine 270
c1	p[food]*3.22509994371	mirror, undisplaced reference 257	mirror, displaced reference 271	engine 271
c1	p[food]*3.3863549409	mirror, undisplaced reference 256	mirror, displaced reference 269	engine 270
c1	p[food]*3.55567268794	mirror, undisplaced reference 255	mirror, displaced reference 267	engine 267
c1	p[food]*3.73345632234	mirror, undisplaced reference 254	mirror, displaced reference 267	engine 267
c1	p[food]*3.92012913846	mirror, undisplaced reference 253	mirror, displaced reference 265	engine 265
c1	p[food]*4.11613559538	mirror, undisplaced reference 252	mirror, displaced reference 265	engine 265
c1	p[food]*4.32194237515	mirror, undisplaced reference 251	mirror, displaced reference 263	engine 263
c1	p[food]*4.53803949391	mirror, undisplaced reference 250	mirror, displaced reference 264	engine 264
c1	p[food]*4.7649414686	mirror, undisplaced reference 249	mirror, displaced reference 261	engine 261
c1	p[food]*5.00318854203	mirror, undisplaced reference 249	mirror, displaced reference 262	engine 262
c1	p[food]*5.25334796914	mirror, undisplaced reference 248	mirror, displaced reference 260	engine 260
c1	p[food]*5.51601536759	mirror, undisplaced reference 247	mirror, displaced reference 259	engine 259
c1	p[food]*5.79181613597	mirror, undisplaced reference 246	mirror, displaced reference 259	engine 259
c1	p[food]*6.08140694277	mirror, undisplaced reference 245	mirror, displaced reference 258	engine 258
c1	p[food]*6.38547728991	mirror, undisplaced reference 244	mirror, displaced reference 257	engine 257
c1	p[food]*6.7047511544	mirror, undisplaced reference 243	mirror, displaced reference 257	engine 257
c1	p[food]*7.03998871212	mirror, undisplaced reference 242	mirror, displaced reference 255	engine 255
c1	p[food]*7.39198814773	mirror, undisplaced reference 241	mirror, displaced reference 254	engine 254
c1	p[food]*7.76158755512	mirror, undisplaced reference 240	mirror, displaced reference 253	engine 253
c1	p[food]*8.14966693287	mirror, undisplaced reference 239	mirror, displaced reference 252	engine 252
c1	p[labour]*0.12270440108	mirror, undisplaced reference 277	mirror, displaced reference 248	engine 248
c1	p[labour]*0.128839621134	mirror, undisplaced reference 277	mirror, displaced reference 248	engine 248
c1	p[labour]*0.135281602191	mirror, undisplaced reference 277	mirror, displaced reference 250	engine 250
c1	p[labour]*0.1420456823	mirror, undisplaced reference 277	mirror, displaced reference 251	engine 251
c1	p[labour]*0.149147966415	mirror, undisplaced reference 277	mirror, displaced reference 252	engine 252
c1	p[labour]*0.156605364736	mirror, undisplaced reference 277	mirror, displaced reference 253	engine 253
c1	p[labour]*0.164435632973	mirror, undisplaced reference 277	mirror, displaced reference 255	engine 255
c1	p[labour]*0.172657414622	mirror, undisplaced reference 277	mirror, displaced reference 254	engine 254
c1	p[labour]*0.181290285353	mirror, undisplaced reference 277	mirror, displaced reference 257	engine 257
c1	p[labour]*0.19035479962	mirror, undisplaced reference 277	mirror, displaced reference 256	engine 256
c1	p[labour]*0.199872539601	mirror, undisplaced reference 277	mirror, displaced reference 258	engine 258
c1	p[labour]*0.209866166581	mirror, undisplaced reference 277	mirror, displaced reference 259	engine 259
c1	p[labour]*0.22035947491	mirror, undisplaced reference 277	mirror, displaced reference 260	engine 260
c1	p[land]*2.52695019538	mirror, undisplaced reference 291	mirror, displaced reference 291	engine 291
c1	p[land]*2.65329770514	mirror, undisplaced reference 283	mirror, displaced reference 283	engine 283
c1	p[land]*2.7859625904	mirror, undisplaced reference 281	mirror, displaced reference 281	engine 281
c1	p[land]*2.92526071992	mirror, undisplaced reference 280	mirror, displaced reference 280	engine 280
c1	p[land]*3.07152375592	mirror, undisplaced reference 280	mirror, displaced reference 280	engine 280
c1	p[land]*3.22509994371	mirror, undisplaced reference 279	mirror, displaced reference 279	engine 279
c1	p[land]*3.3863549409	mirror, undisplaced reference 279	mirror, displaced reference 279	engine 279
c1	p[land]*3.55567268794	mirror, undisplaced reference 279	mirror, displaced reference 279	engine 279
c1	p[land]*3.73345632234	mirror, undisplaced reference 279	mirror, displaced reference 279	engine 279
c1	p[land]*3.92012913846	mirror, undisplaced reference 279	mirror, displaced reference 279	engine 279
c1	p[land]*4.11613559538	mirror, undisplaced reference 278	mirror, displaced reference 278	engine 278
c1	p[land]*4.32194237515	mirror, undisplaced reference 278	mirror, displaced reference 278	engine 278
c1	p[land]*4.53803949391	mirror, undisplaced reference 278	mirror, displaced reference 278	engine 278
c1	p[land]*4.7649414686	mirror, undisplaced reference 278	mirror, displaced reference 278	engine 278
c1	p[land]*5.00318854203	mirror, undisplaced reference 278	mirror, displaced reference 278	engine 278
c1	p[land]*5.25334796914	mirror, undisplaced reference 278	mirror, displaced reference 278	engine 278
c1	p[land]*5.51601536759	mirror, undisplaced reference 278	mirror, displaced reference 278	engine 278
c1	p[land]*5.79181613597	mirror, undisplaced reference 278	mirror, displaced reference 278	engine 278
c1	p[land]*6.08140694277	mirror, undisplaced reference 278	mirror, displaced reference 278	engine 278
c1	p[land]*6.38547728991	mirror, undisplaced reference 278	mirror, displaced reference 278	engine 278
c1	p[land]*6.7047511544	mirror, undisplaced reference 278	mirror, displaced reference 278	engine 278
c1	p[land]*7.03998871212	mirror, undisplaced reference 278	mirror, displaced reference 278	engine 278
c1	p[land]*7.39198814773	mirror, undisplaced reference 278	mirror, displaced reference 278	engine 278
c1	p[land]*7.76158755512	mirror, undisplaced reference 277	mirror, displaced reference 277	engine 277
c1	p[land]*8.14966693287	mirror, undisplaced reference 277	mirror, displaced reference 277	engine 277
c1	p[mach]*0.12270440108	mirror, undisplaced reference 280	mirror, displaced reference 280	engine 280
c1	p[mach]*0.128839621134	mirror, undisplaced reference 280	mirror, displaced reference 280	engine 280
c1	p[mach]*0.135281602191	mirror, undisplaced reference 280	mirror, displaced reference 280	engine 280
c1	p[mach]*0.1420456823	mirror, undisplaced reference 280	mirror, displaced reference 280	engine 280
c1	p[mach]*0.149147966415	mirror, undisplaced reference 280	mirror, displaced reference 280	engine 280
c1	p[mach]*0.156605364736	mirror, undisplaced reference 280	mirror, displaced reference 280	engine 280
c1	p[mach]*0.164435632973	mirror, undisplaced reference 280	mirror, displaced reference 280	engine 280
c1	p[mach]*0.172657414622	mirror, undisplaced reference 281	mirror, displaced reference 281	engine 281
c1	p[mach]*0.181290285353	mirror, undisplaced reference 281	mirror, displaced reference 281	engine 281
c1	p[mach]*0.19035479962	mirror, undisplaced reference 281	mirror, displaced reference 281	engine 281
c1	p[mach]*0.199872539601	mirror, undisplaced reference 281	mirror, displaced reference 281	engine 281
c1	p[mach]*0.209866166581	mirror, undisplaced reference 281	mirror, displaced reference 281	engine 281
c1	p[mach]*0.22035947491	mirror, undisplaced reference 281	mirror, displaced reference 281	engine 281
c1	p[mach]*0.231377448656	mirror, undisplaced reference 282	mirror, displaced reference 282	engine 282
c1	p[mach]*0.242946321089	mirror, undisplaced reference 282	mirror, displaced reference 282	engine 282
c1	p[mach]*0.255093637143	mirror, undisplaced reference 282	mirror, displaced reference 282	engine 282
c1	p[mach]*0.267848319	mirror, undisplaced reference 282	mirror, displaced reference 282	engine 282
c1	p[mach]*0.28124073495	mirror, undisplaced reference 283	mirror, displaced reference 283	engine 283
c1	p[mach]*0.295302771698	mirror, undisplaced reference 283	mirror, displaced reference 283	engine 283
c1	p[mach]*0.310067910283	mirror, undisplaced reference 283	mirror, displaced reference 283	engine 283
c1	p[mach]*0.325571305797	mirror, undisplaced reference 284	mirror, displaced reference 284	engine 284
c1	p[mach]*0.341849871087	mirror, undisplaced reference 284	mirror, displaced reference 284	engine 284
c1	p[mach]*0.358942364641	mirror, undisplaced reference 284	mirror, displaced reference 284	engine 284
c1	p[mach]*0.376889482873	mirror, undisplaced reference 285	mirror, displaced reference 285	engine 285
c1	p[mach]*0.395733957017	mirror, undisplaced reference 286	mirror, displaced reference 286	engine 286
c1	p[mach]*0.415520654867	mirror, undisplaced reference 287	mirror, displaced reference 287	engine 287
c1	p[mach]*0.436296687611	mirror, undisplaced reference 289	mirror, displaced reference 289	engine 290
c1	p[mach]*0.458111521991	mirror, undisplaced reference 292	mirror, displaced reference 292	engine 292
c1n	JA(0.5)	mirror, undisplaced reference 294	mirror, displaced reference 280	engine 280
c1n	JB(2)	mirror, undisplaced reference 279	mirror, displaced reference 293	engine 293
c1n	RC(0.5)	mirror, undisplaced reference 314	mirror, displaced reference 300	engine 300
c1n	p[land]*2	mirror, undisplaced reference 283	mirror, displaced reference 283	engine 283
c1n	p[mach]*0.5	mirror, undisplaced reference 284	mirror, displaced reference 284	engine 284
c2	joint(4,10)	mirror, undisplaced reference 254	mirror, displaced reference 256	engine 256
c2	joint(4,12)	mirror, undisplaced reference 259	mirror, displaced reference 280	engine 280
c2	joint(4,18)	mirror, undisplaced reference 268	mirror, displaced reference 264	engine 264
c2	joint(4,21)	mirror, undisplaced reference 269	mirror, displaced reference 264	engine 264
c2	joint(4,22)	mirror, undisplaced reference 268	mirror, displaced reference 284	engine 284
c2	joint(4,3)	mirror, undisplaced reference 304	mirror, displaced reference 280	engine 280
c2	joint(4,34)	mirror, undisplaced reference 276	mirror, displaced reference 279	engine 279
c2	joint(4,39)	mirror, undisplaced reference 265	mirror, displaced reference 279	engine 279
c2	p[food]*3.22509994371	mirror, undisplaced reference 255	mirror, displaced reference 277	engine 277
c2	p[food]*3.3863549409	mirror, undisplaced reference 254	mirror, displaced reference 275	engine 275
c2	p[food]*3.55567268794	mirror, undisplaced reference 253	mirror, displaced reference 275	engine 275
c2	p[food]*3.73345632234	mirror, undisplaced reference 252	mirror, displaced reference 272	engine 272
c2	p[food]*3.92012913846	mirror, undisplaced reference 252	mirror, displaced reference 272	engine 272
c2	p[food]*4.11613559538	mirror, undisplaced reference 251	mirror, displaced reference 273	engine 273
c2	p[food]*4.32194237515	mirror, undisplaced reference 250	mirror, displaced reference 272	engine 272
c2	p[food]*4.53803949391	mirror, undisplaced reference 249	mirror, displaced reference 270	engine 270
c2	p[food]*4.7649414686	mirror, undisplaced reference 248	mirror, displaced reference 269	engine 269
c2	p[food]*5.00318854203	mirror, undisplaced reference 247	mirror, displaced reference 269	engine 269
c2	p[food]*5.25334796914	mirror, undisplaced reference 246	mirror, displaced reference 267	engine 267
c2	p[food]*5.51601536759	mirror, undisplaced reference 245	mirror, displaced reference 266	engine 266
c2	p[food]*5.79181613597	mirror, undisplaced reference 244	mirror, displaced reference 264	engine 264
c2	p[food]*6.08140694277	mirror, undisplaced reference 243	mirror, displaced reference 265	engine 265
c2	p[food]*6.38547728991	mirror, undisplaced reference 242	mirror, displaced reference 263	engine 263
c2	p[food]*6.7047511544	mirror, undisplaced reference 241	mirror, displaced reference 262	engine 262
c2	p[food]*7.03998871212	mirror, undisplaced reference 240	mirror, displaced reference 261	engine 261
c2	p[food]*7.39198814773	mirror, undisplaced reference 239	mirror, displaced reference 259	engine 259
c2	p[food]*7.76158755512	mirror, undisplaced reference 238	mirror, displaced reference 258	engine 258
c2	p[food]*8.14966693287	mirror, undisplaced reference 237	mirror, displaced reference 260	engine 260
c2	p[labour]*0.12270440108	mirror, undisplaced reference 277	mirror, displaced reference 257	engine 257
c2	p[labour]*0.128839621134	mirror, undisplaced reference 277	mirror, displaced reference 258	engine 258
c2	p[labour]*0.135281602191	mirror, undisplaced reference 277	mirror, displaced reference 258	engine 258
c2	p[labour]*0.1420456823	mirror, undisplaced reference 277	mirror, displaced reference 258	engine 258
c2	p[labour]*0.149147966415	mirror, undisplaced reference 277	mirror, displaced reference 259	engine 259
c2	p[labour]*0.156605364736	mirror, undisplaced reference 277	mirror, displaced reference 260	engine 260
c2	p[labour]*0.164435632973	mirror, undisplaced reference 277	mirror, displaced reference 262	engine 262
c2	p[labour]*0.172657414622	mirror, undisplaced reference 277	mirror, displaced reference 263	engine 263
c2	p[labour]*0.181290285353	mirror, undisplaced reference 277	mirror, displaced reference 263	engine 263
c2	p[labour]*0.19035479962	mirror, undisplaced reference 277	mirror, displaced reference 265	engine 265
c2	p[labour]*0.199872539601	mirror, undisplaced reference 277	mirror, displaced reference 264	engine 264
c2	p[labour]*0.209866166581	mirror, undisplaced reference 277	mirror, displaced reference 268	engine 268
c2	p[labour]*0.22035947491	mirror, undisplaced reference 277	mirror, displaced reference 268	engine 268
c2	p[labour]*0.231377448656	mirror, undisplaced reference 277	mirror, displaced reference 269	engine 269
c2	p[labour]*0.242946321089	mirror, undisplaced reference 277	mirror, displaced reference 270	engine 270
c2	p[labour]*0.255093637143	mirror, undisplaced reference 277	mirror, displaced reference 271	engine 271
c2	p[labour]*0.267848319	mirror, undisplaced reference 277	mirror, displaced reference 272	engine 271
c2	p[labour]*0.28124073495	mirror, undisplaced reference 277	mirror, displaced reference 273	engine 273
c2	p[labour]*0.295302771698	mirror, undisplaced reference 277	mirror, displaced reference 273	engine 274
c2	p[labour]*0.310067910283	mirror, undisplaced reference 277	mirror, displaced reference 274	engine 274
c2	p[land]*4.11613559538	mirror, undisplaced reference 281	mirror, displaced reference 281	engine 281
c2	p[land]*4.32194237515	mirror, undisplaced reference 280	mirror, displaced reference 280	engine 280
c2	p[land]*4.53803949391	mirror, undisplaced reference 279	mirror, displaced reference 279	engine 279
c2	p[land]*4.7649414686	mirror, undisplaced reference 278	mirror, displaced reference 278	engine 278
c2	p[land]*5.00318854203	mirror, undisplaced reference 278	mirror, displaced reference 278	engine 278
c2	p[land]*5.25334796914	mirror, undisplaced reference 278	mirror, displaced reference 278	engine 278
c2	p[land]*5.51601536759	mirror, undisplaced reference 278	mirror, displaced reference 278	engine 278
c2	p[land]*5.79181613597	mirror, undisplaced reference 278	mirror, displaced reference 278	engine 278
c2	p[land]*6.08140694277	mirror, undisplaced reference 278	mirror, displaced reference 278	engine 278
c2	p[land]*6.38547728991	mirror, undisplaced reference 278	mirror, displaced reference 278	engine 278
c2	p[land]*6.7047511544	mirror, undisplaced reference 278	mirror, displaced reference 278	engine 278
c2	p[land]*7.03998871212	mirror, undisplaced reference 277	mirror, displaced reference 277	engine 277
c2	p[land]*7.39198814773	mirror, undisplaced reference 277	mirror, displaced reference 277	engine 277
c2	p[land]*7.76158755512	mirror, undisplaced reference 277	mirror, displaced reference 277	engine 277
c2	p[land]*8.14966693287	mirror, undisplaced reference 277	mirror, displaced reference 277	engine 277
c2	p[mach]*0.12270440108	mirror, undisplaced reference 280	mirror, displaced reference 280	engine 280
c2	p[mach]*0.128839621134	mirror, undisplaced reference 280	mirror, displaced reference 280	engine 280
c2	p[mach]*0.135281602191	mirror, undisplaced reference 280	mirror, displaced reference 280	engine 280
c2	p[mach]*0.1420456823	mirror, undisplaced reference 280	mirror, displaced reference 280	engine 280
c2	p[mach]*0.149147966415	mirror, undisplaced reference 280	mirror, displaced reference 280	engine 280
c2	p[mach]*0.156605364736	mirror, undisplaced reference 280	mirror, displaced reference 280	engine 280
c2	p[mach]*0.164435632973	mirror, undisplaced reference 281	mirror, displaced reference 281	engine 281
c2	p[mach]*0.172657414622	mirror, undisplaced reference 281	mirror, displaced reference 281	engine 281
c2	p[mach]*0.181290285353	mirror, undisplaced reference 281	mirror, displaced reference 281	engine 281
c2	p[mach]*0.19035479962	mirror, undisplaced reference 281	mirror, displaced reference 281	engine 281
c2	p[mach]*0.199872539601	mirror, undisplaced reference 281	mirror, displaced reference 281	engine 281
c2	p[mach]*0.209866166581	mirror, undisplaced reference 282	mirror, displaced reference 282	engine 282
c2	p[mach]*0.22035947491	mirror, undisplaced reference 282	mirror, displaced reference 282	engine 282
c2	p[mach]*0.231377448656	mirror, undisplaced reference 282	mirror, displaced reference 282	engine 282
c2	p[mach]*0.242946321089	mirror, undisplaced reference 282	mirror, displaced reference 282	engine 282
c2	p[mach]*0.255093637143	mirror, undisplaced reference 283	mirror, displaced reference 283	engine 283
c2	p[mach]*0.267848319	mirror, undisplaced reference 283	mirror, displaced reference 283	engine 283
c2	p[mach]*0.28124073495	mirror, undisplaced reference 284	mirror, displaced reference 284	engine 284
c2	p[mach]*0.295302771698	mirror, undisplaced reference 285	mirror, displaced reference 285	engine 285
c2	p[mach]*0.310067910283	mirror, undisplaced reference 287	mirror, displaced reference 287	engine 288
c2	p[mach]*0.325571305797	mirror, undisplaced reference 290	mirror, displaced reference 290	engine 290
c2	p[mach]*0.341849871087	mirror, undisplaced reference 293	mirror, displaced reference 293	engine 293
195 trap runs at genesis: the mirror against the displaced reference equals the engine's tick in 190; largest difference 1 ticks
